../Core/Src/main.c:58:16:W25Qxx_ReadSR1	16	static
../Core/Src/main.c:72:13:W25Qxx_WaitBusy	8	static
../Core/Src/main.c:81:6:W25Qxx_EraseSector	24	static
../Core/Src/main.c:106:6:W25Qxx_Init	72	static
../Core/Src/main.c:122:6:W25Qxx_Read	32	static
../Core/Src/main.c:138:6:W25Qxx_Write	32	static
../Core/Src/main.c:172:5:main	40	static
../Core/Src/main.c:241:6:SystemClock_Config	96	static
../Core/Src/main.c:291:13:MX_SPI2_Init	8	static
../Core/Src/main.c:331:13:MX_USART2_UART_Init	8	static
../Core/Src/main.c:366:13:MX_GPIO_Init	48	static
../Core/Src/main.c:418:6:Error_Handler	4	static,ignoring_inline_asm
