D:/BITSILICA_WORKSHEETS/Drivers/Drivers/CMSIS/Include/core_cm4.h:1679:22:__NVIC_EnableIRQ	16	static,ignoring_inline_asm
D:/BITSILICA_WORKSHEETS/Drivers/Drivers/CMSIS/Include/core_cm4.h:1809:22:__NVIC_SetPriority	16	static
../Src/i2c_irq.c:7:6:i2c1_irq_init	8	static
../Src/i2c_irq.c:28:6:i2c1_irq_start	24	static
../Src/i2c_irq.c:43:6:i2c1_irq_write	16	static
../Src/i2c_irq.c:48:6:i2c1_irq_read	16	static
../Src/i2c_irq.c:55:6:I2C1_EV_IRQHandler	16	static
../Src/i2c_irq.c:74:6:I2C1_ER_IRQHandler	4	static
