17:23:25 **** Incremental Build of configuration Debug for project 01_Smart Push-Button ****
make -j8 all 
arm-none-eabi-gcc "../Core/Src/main.c" -mcpu=cortex-m4 -std=gnu11 -g3 -DDEBUG -DUSE_HAL_DRIVER -DSTM32L476xx -c -I../Core/Inc -I../Drivers/STM32L4xx_HAL_Driver/Inc -I../Drivers/STM32L4xx_HAL_Driver/Inc/Legacy -I../Drivers/CMSIS/Device/ST/STM32L4xx/Include -I../Drivers/CMSIS/Include -O0 -ffunction-sections -fdata-sections -Wall -fstack-usage -fcyclomatic-complexity -MMD -MP -MF"Core/Src/main.d" -MT"Core/Src/main.o" --specs=nano.specs -mfpu=fpv4-sp-d16 -mfloat-abi=hard -mthumb -o "Core/Src/main.o"
arm-none-eabi-gcc -o "01_Smart Push-Button.elf" @"objects.list"   -mcpu=cortex-m4 -T"D:\BITSILICA_WORKSHEETS\STM32L476RG\WORKSHEETS\01_Smart Push-Button\STM32L476RGTX_FLASH.ld" --specs=nosys.specs -Wl,-Map="01_Smart Push-Button.map" -Wl,--gc-sections -static --specs=nano.specs -mfpu=fpv4-sp-d16 -mfloat-abi=hard -mthumb -Wl,--start-group -lc -lm -Wl,--end-group
Finished building target: 01_Smart Push-Button.elf
 
arm-none-eabi-size  01_Smart\ Push-Button.elf 
arm-none-eabi-objdump -h -S 01_Smart\ Push-Button.elf  > "01_Smart Push-Button.list"
   text	   data	    bss	    dec	    hex	filename
  12616	     16	   1712	  14344	   3808	01_Smart Push-Button.elf
Finished building: default.size.stdout
 
Finished building: 01_Smart Push-Button.list
 

17:23:30 Build Finished. 0 errors, 0 warnings. (took 4s.588ms)

