17:37:24 **** Incremental Build of configuration Debug for project 02_Room_Climate_Logger ****
make -j8 all 
arm-none-eabi-gcc "../Core/Src/main.c" -mcpu=cortex-m4 -std=gnu11 -g3 -DDEBUG -DUSE_HAL_DRIVER -DSTM32L476xx -c -I../Core/Inc -I../Drivers/STM32L4xx_HAL_Driver/Inc -I../Drivers/STM32L4xx_HAL_Driver/Inc/Legacy -I../Drivers/CMSIS/Device/ST/STM32L4xx/Include -I../Drivers/CMSIS/Include -O0 -ffunction-sections -fdata-sections -Wall -fstack-usage -fcyclomatic-complexity -MMD -MP -MF"Core/Src/main.d" -MT"Core/Src/main.o" --specs=nano.specs -mfpu=fpv4-sp-d16 -mfloat-abi=hard -mthumb -o "Core/Src/main.o"
../Core/Src/main.c:11:1: error: unknown type name 'I2C_HandleTypeDef'; did you mean 'DMA_HandleTypeDef'?
   11 | I2C_HandleTypeDef hi2c1;
      | ^~~~~~~~~~~~~~~~~
      | DMA_HandleTypeDef
../Core/Src/main.c: In function 'main':
../Core/Src/main.c:33:9: warning: implicit declaration of function 'HAL_I2C_Master_Transmit' [-Wimplicit-function-declaration]
   33 |     if (HAL_I2C_Master_Transmit(&hi2c1, (0x44<<1), cmd, 2, 100) == HAL_OK)
      |         ^~~~~~~~~~~~~~~~~~~~~~~
../Core/Src/main.c:36:11: warning: implicit declaration of function 'HAL_I2C_Master_Receive' [-Wimplicit-function-declaration]
   36 |       if (HAL_I2C_Master_Receive(&hi2c1, (0x44<<1), data, 6, 100) == HAL_OK)
      |           ^~~~~~~~~~~~~~~~~~~~~~
../Core/Src/main.c:29:15: warning: variable 'hum' set but not used [-Wunused-but-set-variable]
   29 |   float temp, hum;
      |               ^~~
../Core/Src/main.c: In function 'MX_I2C1_Init':
../Core/Src/main.c:54:10: error: request for member 'Instance' in something not a structure or union
   54 |     hi2c1.Instance = I2C1;
      |          ^
../Core/Src/main.c:55:10: error: request for member 'Init' in something not a structure or union
   55 |     hi2c1.Init.Timing = 0x00707CBB;         // 100 kHz timing
      |          ^
../Core/Src/main.c:56:10: error: request for member 'Init' in something not a structure or union
   56 |     hi2c1.Init.OwnAddress1 = 0;
      |          ^
../Core/Src/main.c:57:10: error: request for member 'Init' in something not a structure or union
   57 |     hi2c1.Init.AddressingMode = I2C_ADDRESSINGMODE_7BIT;
      |          ^
../Core/Src/main.c:57:33: error: 'I2C_ADDRESSINGMODE_7BIT' undeclared (first use in this function)
   57 |     hi2c1.Init.AddressingMode = I2C_ADDRESSINGMODE_7BIT;
      |                                 ^~~~~~~~~~~~~~~~~~~~~~~
../Core/Src/main.c:57:33: note: each undeclared identifier is reported only once for each function it appears in
../Core/Src/main.c:58:10: error: request for member 'Init' in something not a structure or union
   58 |     hi2c1.Init.DualAddressMode = I2C_DUALADDRESS_DISABLE;
      |          ^
../Core/Src/main.c:58:34: error: 'I2C_DUALADDRESS_DISABLE' undeclared (first use in this function); did you mean 'I2C_DUALADDRESS_DISABLED'?
   58 |     hi2c1.Init.DualAddressMode = I2C_DUALADDRESS_DISABLE;
      |                                  ^~~~~~~~~~~~~~~~~~~~~~~
      |                                  I2C_DUALADDRESS_DISABLED
../Core/Src/main.c:59:10: error: request for member 'Init' in something not a structure or union
   59 |     hi2c1.Init.OwnAddress2 = 0;
      |          ^
../Core/Src/main.c:60:10: error: request for member 'Init' in something not a structure or union
   60 |     hi2c1.Init.OwnAddress2Masks = I2C_OA2_NOMASK;
      |          ^
../Core/Src/main.c:60:35: error: 'I2C_OA2_NOMASK' undeclared (first use in this function); did you mean 'I2C_OAR2_OA2NOMASK'?
   60 |     hi2c1.Init.OwnAddress2Masks = I2C_OA2_NOMASK;
      |                                   ^~~~~~~~~~~~~~
      |                                   I2C_OAR2_OA2NOMASK
../Core/Src/main.c:61:10: error: request for member 'Init' in something not a structure or union
   61 |     hi2c1.Init.GeneralCallMode = I2C_GENERALCALL_DISABLED;
      |          ^
In file included from ../Drivers/STM32L4xx_HAL_Driver/Inc/stm32l4xx_hal_def.h:30,
                 from ../Drivers/STM32L4xx_HAL_Driver/Inc/stm32l4xx_hal_rcc.h:27,
                 from ../Core/Inc/stm32l4xx_hal_conf.h:258,
                 from ../Drivers/STM32L4xx_HAL_Driver/Inc/stm32l4xx_hal.h:29,
                 from ../Core/Inc/main.h:30,
                 from ../Core/Src/main.c:4:
../Drivers/STM32L4xx_HAL_Driver/Inc/Legacy/stm32_hal_legacy.h:1026:49: error: 'I2C_GENERALCALL_DISABLE' undeclared (first use in this function); did you mean 'I2C_GENERALCALL_DISABLED'?
 1026 | #define I2C_GENERALCALL_DISABLED                I2C_GENERALCALL_DISABLE
      |                                                 ^~~~~~~~~~~~~~~~~~~~~~~
../Core/Src/main.c:61:34: note: in expansion of macro 'I2C_GENERALCALL_DISABLED'
   61 |     hi2c1.Init.GeneralCallMode = I2C_GENERALCALL_DISABLED;
      |                                  ^~~~~~~~~~~~~~~~~~~~~~~~
../Core/Src/main.c:62:10: error: request for member 'Init' in something not a structure or union
   62 |     hi2c1.Init.NoStretchMode = I2C_NOSTRETCH_DISABLED;
      |          ^
../Drivers/STM32L4xx_HAL_Driver/Inc/Legacy/stm32_hal_legacy.h:1028:49: error: 'I2C_NOSTRETCH_DISABLE' undeclared (first use in this function); did you mean 'I2C_NOSTRETCH_DISABLED'?
 1028 | #define I2C_NOSTRETCH_DISABLED                  I2C_NOSTRETCH_DISABLE
      |                                                 ^~~~~~~~~~~~~~~~~~~~~
../Core/Src/main.c:62:32: note: in expansion of macro 'I2C_NOSTRETCH_DISABLED'
   62 |     hi2c1.Init.NoStretchMode = I2C_NOSTRETCH_DISABLED;
      |                                ^~~~~~~~~~~~~~~~~~~~~~
../Core/Src/main.c:64:9: warning: implicit declaration of function 'HAL_I2C_Init'; did you mean 'HAL_LIN_Init'? [-Wimplicit-function-declaration]
   64 |     if (HAL_I2C_Init(&hi2c1) != HAL_OK)
      |         ^~~~~~~~~~~~
      |         HAL_LIN_Init
../Core/Src/main.c:69:9: warning: implicit declaration of function 'HAL_I2CEx_ConfigAnalogFilter' [-Wimplicit-function-declaration]
   69 |     if (HAL_I2CEx_ConfigAnalogFilter(&hi2c1, I2C_ANALOGFILTER_ENABLED) != HAL_OK)
      |         ^~~~~~~~~~~~~~~~~~~~~~~~~~~~
../Drivers/STM32L4xx_HAL_Driver/Inc/Legacy/stm32_hal_legacy.h:1030:49: error: 'I2C_ANALOGFILTER_ENABLE' undeclared (first use in this function); did you mean 'I2C_ANALOGFILTER_ENABLED'?
 1030 | #define I2C_ANALOGFILTER_ENABLED                I2C_ANALOGFILTER_ENABLE
      |                                                 ^~~~~~~~~~~~~~~~~~~~~~~
../Core/Src/main.c:69:46: note: in expansion of macro 'I2C_ANALOGFILTER_ENABLED'
   69 |     if (HAL_I2CEx_ConfigAnalogFilter(&hi2c1, I2C_ANALOGFILTER_ENABLED) != HAL_OK)
      |                                              ^~~~~~~~~~~~~~~~~~~~~~~~
../Core/Src/main.c: In function 'SystemClock_Config':
../Core/Src/main.c:111:276: error: 'RCC_OSCILLATETYPE_HSI' undeclared (first use in this function); did you mean 'RCC_OSCILLATORTYPE_HSI'?
  111 | void SystemClock_Config(void) { /* ...same as file1... */ RCC_OscInitTypeDef RCC_OscInitStruct = {0}; RCC_ClkInitTypeDef RCC_ClkInitStruct = {0}; if (HAL_PWREx_ControlVoltageScaling(PWR_REGULATOR_VOLTAGE_SCALE1) != HAL_OK) Error_Handler(); RCC_OscInitStruct.OscillatorType = RCC_OSCILLATETYPE_HSI; RCC_OscInitStruct.HSIState = RCC_HSI_ON; RCC_OscInitStruct.HSICalibrationValue = RCC_HSICALIBRATION_DEFAULT; RCC_OscInitStruct.PLL.PLLState = RCC_PLL_ON; RCC_OscInitStruct.PLL.PLLSource = RCC_PLLSOURCE_HSI; RCC_OscInitStruct.PLL.PLLM = 1; RCC_OscInitStruct.PLL.PLLN = 10; RCC_OscInitStruct.PLL.PLLP = RCC_PLLP_DIV7; RCC_OscInitStruct.PLL.PLLQ = RCC_PLLQ_DIV2; RCC_OscInitStruct.PLL.PLLR = RCC_PLLR_DIV2; if (HAL_RCC_OscConfig(&RCC_OscInitStruct) != HAL_OK) Error_Handler(); RCC_ClkInitStruct.ClockType = RCC_CLOCKTYPE_HCLK|RCC_CLOCKTYPE_SYSCLK|RCC_CLOCKTYPE_PCLK1|RCC_CLOCKTYPE_PCLK2; RCC_ClkInitStruct.SYSCLKSource = RCC_SYSCLKSOURCE_PLLCLK; RCC_ClkInitStruct.AHBCLKDivider = RCC_SYSCLK_DIV1; RCC_ClkInitStruct.APB1CLKDivider = RCC_HCLK_DIV1; RCC_ClkInitStruct.APB2CLKDivider = RCC_HCLK_DIV1; if (HAL_RCC_ClockConfig(&RCC_ClkInitStruct, FLASH_LATENCY_4) != HAL_OK) Error_Handler(); }
      |                                                                                                                                                                                                                                                                                    ^~~~~~~~~~~~~~~~~~~~~
      |                                                                                                                                                                                                                                                                                    RCC_OSCILLATORTYPE_HSI
make: *** [Core/Src/subdir.mk:34: Core/Src/main.o] Error 1
"make -j8 all" terminated with exit code 2. Build might be incomplete.

17:37:27 Build Failed. 18 errors, 5 warnings. (took 2s.201ms)

