17:44:14 **** Incremental Build of configuration Debug for project 03_RF receiver example ****
make -j8 all 
arm-none-eabi-gcc "../Core/Src/main.c" -mcpu=cortex-m4 -std=gnu11 -g3 -DDEBUG -DUSE_HAL_DRIVER -DSTM32L476xx -c -I../Core/Inc -I../Drivers/STM32L4xx_HAL_Driver/Inc -I../Drivers/STM32L4xx_HAL_Driver/Inc/Legacy -I../Drivers/CMSIS/Device/ST/STM32L4xx/Include -I../Drivers/CMSIS/Include -O0 -ffunction-sections -fdata-sections -Wall -fstack-usage -fcyclomatic-complexity -MMD -MP -MF"Core/Src/main.d" -MT"Core/Src/main.o" --specs=nano.specs -mfpu=fpv4-sp-d16 -mfloat-abi=hard -mthumb -o "Core/Src/main.o"
arm-none-eabi-gcc -o "03_RF receiver example.elf" @"objects.list"   -mcpu=cortex-m4 -T"D:\BITSILICA_WORKSHEETS\STM32L476RG\WORKSHEETS\03_RF receiver example\STM32L476RGTX_FLASH.ld" --specs=nosys.specs -Wl,-Map="03_RF receiver example.map" -Wl,--gc-sections -static --specs=nano.specs -mfpu=fpv4-sp-d16 -mfloat-abi=hard -mthumb -Wl,--start-group -lc -lm -Wl,--end-group
Finished building target: 03_RF receiver example.elf
 
arm-none-eabi-size  03_RF\ receiver\ example.elf 
arm-none-eabi-objdump -h -S 03_RF\ receiver\ example.elf  > "03_RF receiver example.list"
   text	   data	    bss	    dec	    hex	filename
  12820	     12	   1708	  14540	   38cc	03_RF receiver example.elf
Finished building: default.size.stdout
 
Finished building: 03_RF receiver example.list
 

17:44:18 Build Finished. 0 errors, 0 warnings. (took 4s.123ms)

