2025-11-19 15:52:12,161 [INFO] Activator:176 - 


2025-11-19 15:52:12,195 [INFO] Activator:177 - !SESSION log4j initialized
2025-11-19 15:52:21,269 [INFO] LogOutputStream:77 - [STDOUT_REDIRECT] 
2025-11-19 15:52:25,060 [INFO] ApplicationProperties:184 - Using Application install path: D:\BITSILICA\STM32CubeIDE_1.19.0\STM32CubeIDE\plugins\com.st.stm32cube.common.mx_6.15.0.202507011659
2025-11-19 15:52:25,103 [INFO] DbMcusXml:78 - Set database path to: D:\BITSILICA\STM32CubeIDE_1.19.0\STM32CubeIDE\plugins\com.st.stm32cube.common.mx_6.15.0.202507011659\\db\/mcu/
2025-11-19 15:52:25,103 [INFO] ApiDb:274 - Set plugin database path to: D:\BITSILICA\STM32CubeIDE_1.19.0\STM32CubeIDE\plugins\com.st.stm32cube.common.mx_6.15.0.202507011659\\db\/plugins/boardmanager/
2025-11-19 15:52:25,104 [WARN] ApiDb:259 - Overriding images path with different value:  => D:\BITSILICA\STM32CubeIDE_1.19.0\STM32CubeIDE\plugins\com.st.stm32cube.common.mx_6.15.0.202507011659\\db\/plugins/mcufinder/images/
2025-11-19 15:52:25,131 [INFO] ApiDb:250 - Set database path to: C:\Users\augus\.stmcufinder\plugins\mcufinder//mcu/
2025-11-19 15:52:25,133 [INFO] DbMcusAds:125 - Set database path to: C:\Users\augus\.stmcufinder\plugins\mcufinder//mcu/
2025-11-19 15:52:25,134 [INFO] CrossReferenceDbSqlite:203 - Set database path to: C:\Users\augus\.stmcufinder\plugins\mcufinder//mcu/cs/
2025-11-19 15:52:25,422 [INFO] RulesReader:64 - Compatibility file has been processed (317 Rules)
2025-11-19 15:52:25,600 [INFO] DbMcusXml:78 - Set database path to: D:\BITSILICA\STM32CubeIDE_1.19.0\STM32CubeIDE\plugins\com.st.stm32cube.common.mx_6.15.0.202507011659\\db\/mcu/
2025-11-19 15:52:25,600 [INFO] ApiDb:274 - Set plugin database path to: D:\BITSILICA\STM32CubeIDE_1.19.0\STM32CubeIDE\plugins\com.st.stm32cube.common.mx_6.15.0.202507011659\\db\/plugins/boardmanager/
2025-11-19 15:52:25,600 [INFO] ApiDb:261 - Set plugin images path to: D:\BITSILICA\STM32CubeIDE_1.19.0\STM32CubeIDE\plugins\com.st.stm32cube.common.mx_6.15.0.202507011659\\db\/plugins/mcufinder/images/
2025-11-19 15:52:25,600 [WARN] DbFile:41 - Overriding database path with different value: C:\Users\augus\.stmcufinder\plugins\mcufinder/ => C:\Users\augus\.stmcufinder\plugins\mcufinder
2025-11-19 15:52:25,600 [INFO] ApiDb:250 - Set database path to: C:\Users\augus\.stmcufinder\plugins\mcufinder//mcu/
2025-11-19 15:52:25,600 [WARN] DbFile:41 - Overriding database path with different value: C:\Users\augus\.stmcufinder\plugins\mcufinder/ => C:\Users\augus\.stmcufinder\plugins\mcufinder
2025-11-19 15:52:25,600 [INFO] DbMcusAds:125 - Set database path to: C:\Users\augus\.stmcufinder\plugins\mcufinder//mcu/
2025-11-19 15:52:25,600 [WARN] DbFile:41 - Overriding database path with different value: C:\Users\augus\.stmcufinder\plugins\mcufinder/ => C:\Users\augus\.stmcufinder\plugins\mcufinder
2025-11-19 15:52:25,600 [WARN] DbFile:41 - Overriding database path with different value: C:\Users\augus\.stmcufinder\plugins\mcufinder/ => C:\Users\augus\.stmcufinder\plugins\mcufinder
2025-11-19 15:52:25,610 [INFO] CrossReferenceDbSqlite:203 - Set database path to: C:\Users\augus\.stmcufinder\plugins\mcufinder//mcu/cs/
2025-11-19 15:52:25,814 [INFO] MainPanel:274 - HeapMemory: 268435456
2025-11-19 15:52:26,110 [INFO] DbMcusXml:78 - Set database path to: D:\BITSILICA\STM32CubeIDE_1.19.0\STM32CubeIDE\plugins\com.st.stm32cube.common.mx_6.15.0.202507011659\\db\/mcu/
2025-11-19 15:52:26,113 [INFO] ApiDb:274 - Set plugin database path to: D:\BITSILICA\STM32CubeIDE_1.19.0\STM32CubeIDE\plugins\com.st.stm32cube.common.mx_6.15.0.202507011659\\db\/plugins/boardmanager/
2025-11-19 15:52:26,113 [INFO] ApiDb:261 - Set plugin images path to: D:\BITSILICA\STM32CubeIDE_1.19.0\STM32CubeIDE\plugins\com.st.stm32cube.common.mx_6.15.0.202507011659\\db\/plugins/mcufinder/images/
2025-11-19 15:52:26,113 [WARN] DbFile:41 - Overriding database path with different value: C:\Users\augus\.stmcufinder\plugins\mcufinder/ => C:\Users\augus\.stmcufinder\plugins\mcufinder
2025-11-19 15:52:26,113 [INFO] ApiDb:250 - Set database path to: C:\Users\augus\.stmcufinder\plugins\mcufinder//mcu/
2025-11-19 15:52:26,113 [WARN] DbFile:41 - Overriding database path with different value: C:\Users\augus\.stmcufinder\plugins\mcufinder/ => C:\Users\augus\.stmcufinder\plugins\mcufinder
2025-11-19 15:52:26,113 [INFO] DbMcusAds:125 - Set database path to: C:\Users\augus\.stmcufinder\plugins\mcufinder//mcu/
2025-11-19 15:52:26,113 [WARN] DbFile:41 - Overriding database path with different value: C:\Users\augus\.stmcufinder\plugins\mcufinder/ => C:\Users\augus\.stmcufinder\plugins\mcufinder
2025-11-19 15:52:26,113 [WARN] DbFile:41 - Overriding database path with different value: C:\Users\augus\.stmcufinder\plugins\mcufinder/ => C:\Users\augus\.stmcufinder\plugins\mcufinder
2025-11-19 15:52:26,113 [INFO] CrossReferenceDbSqlite:203 - Set database path to: C:\Users\augus\.stmcufinder\plugins\mcufinder//mcu/cs/
2025-11-19 15:52:26,219 [INFO] ApplicationProperties:184 - Using Application install path: D:\BITSILICA\STM32CubeIDE_1.19.0\STM32CubeIDE\plugins\com.st.stm32cube.common.mx_6.15.0.202507011659
2025-11-19 15:52:26,219 [INFO] PluginManage:196 - Search for loadable plugins [exclusion list=, ]
2025-11-19 15:52:26,226 [INFO] PluginManage:310 - Check plugin analytics
2025-11-19 15:52:26,549 [INFO] AnalyticsPlugin:253 - Accepted Software Licenses: STM32CubeMX.6.15.0
2025-11-19 15:52:26,549 [INFO] AnalyticsPlugin:255 - Accepted CMSIS Pack Licenses: 
2025-11-19 15:52:26,549 [INFO] AnalyticsPlugin:257 - Accepted Firmware Licenses: FW.L4.1.18.0
2025-11-19 15:52:26,560 [INFO] PluginManage:359 - Loaded plugin analytics (category:tool,tabindex:-1)
2025-11-19 15:52:26,560 [INFO] PluginManage:310 - Check plugin cadmodel
2025-11-19 15:52:26,590 [INFO] CADModel:105 - Init CAD model plugin
2025-11-19 15:52:26,590 [INFO] PluginManage:359 - Loaded plugin cadmodel (category:power,tabindex:5)
2025-11-19 15:52:26,590 [INFO] PluginManage:310 - Check plugin clock
2025-11-19 15:52:26,619 [INFO] PluginManage:359 - Loaded plugin clock (category:base,tabindex:2)
2025-11-19 15:52:26,619 [INFO] PluginManage:310 - Check plugin ddr
2025-11-19 15:52:26,619 [INFO] PluginManage:359 - Loaded plugin ddr (category:tool,tabindex:6)
2025-11-19 15:52:26,619 [INFO] PluginManage:310 - Check plugin filemanager
2025-11-19 15:52:26,924 [INFO] PluginManage:359 - Loaded plugin filemanager (category:base,tabindex:10)
2025-11-19 15:52:26,924 [INFO] PluginManage:310 - Check plugin ipmanager
2025-11-19 15:52:26,930 [INFO] PluginManage:359 - Loaded plugin ipmanager (category:base,tabindex:5)
2025-11-19 15:52:26,930 [INFO] PluginManage:310 - Check plugin lpbam
2025-11-19 15:52:26,953 [INFO] PluginManage:359 - Loaded plugin lpbam (category:base,tabindex:0)
2025-11-19 15:52:26,953 [INFO] PluginManage:310 - Check plugin memorymap
2025-11-19 15:52:26,993 [INFO] PluginManage:359 - Loaded plugin memorymap (category:base,tabindex:4)
2025-11-19 15:52:26,993 [INFO] PluginManage:310 - Check plugin pinoutandconfiguration
2025-11-19 15:52:27,006 [INFO] PluginManage:359 - Loaded plugin pinoutandconfiguration (category:base,tabindex:1)
2025-11-19 15:52:27,006 [INFO] PluginManage:310 - Check plugin pinoutconfig
2025-11-19 15:52:27,193 [WARN] SupportedApi:132 - Cannot load RTOS API schema: s4s-elt-must-match.1: The content of 'definitions' must match (annotation?, (simpleType | complexType)?, (unique | key | keyref)*)). A problem was found starting at: attribute.
2025-11-19 15:52:27,504 [INFO] PluginManage:359 - Loaded plugin pinoutconfig (category:base,tabindex:0)
2025-11-19 15:52:27,504 [INFO] PluginManage:310 - Check plugin power
2025-11-19 15:52:27,529 [INFO] PluginManage:359 - Loaded plugin power (category:power,tabindex:4)
2025-11-19 15:52:27,529 [INFO] PluginManage:310 - Check plugin projectmanager
2025-11-19 15:52:27,560 [INFO] PluginManage:359 - Loaded plugin projectmanager (category:projectmanager,tabindex:4)
2025-11-19 15:52:27,561 [INFO] PluginManage:310 - Check plugin rif
2025-11-19 15:52:27,634 [INFO] PluginManage:359 - Loaded plugin rif (category:base,tabindex:3)
2025-11-19 15:52:27,645 [INFO] PluginManage:310 - Check plugin thirdparty
2025-11-19 15:52:28,055 [WARN] IntegrityCheckThread:84 - waiting for thirdparty lock release [integrity check]
2025-11-19 15:52:28,055 [INFO] PluginManage:359 - Loaded plugin thirdparty (category:base,tabindex:-1)
2025-11-19 15:52:28,055 [INFO] IntegrityCheckThread:86 - entering critical section [integrity check]
2025-11-19 15:52:28,055 [INFO] PluginManage:310 - Check plugin tools
2025-11-19 15:52:28,055 [INFO] ThirdPartyUpdaterWithRetryManager:70 - Updater plugin not ready yet. [1/15]
2025-11-19 15:52:28,058 [INFO] PluginManage:359 - Loaded plugin tools (category:base,tabindex:7)
2025-11-19 15:52:28,059 [INFO] PluginManage:310 - Check plugin tutovideos
2025-11-19 15:52:28,435 [INFO] PluginManage:359 - Loaded plugin tutovideos (category:base,tabindex:-1)
2025-11-19 15:52:28,435 [INFO] PluginManage:310 - Check plugin updater
2025-11-19 15:52:28,461 [INFO] PluginManage:359 - Loaded plugin updater (category:base,tabindex:12)
2025-11-19 15:52:28,461 [INFO] PluginManage:310 - Check plugin userauth
2025-11-19 15:52:28,483 [INFO] UserAuth:118 - Init User Auth plugin
2025-11-19 15:52:28,484 [INFO] PluginManage:359 - Loaded plugin userauth (category:base,tabindex:14)
2025-11-19 15:52:28,485 [INFO] PluginManage:283 - PluginManage : Loaded plugins [18]
2025-11-19 15:52:28,915 [INFO] PinOutPanel:1589 - setPackage(No Configuration,No Configuration)
2025-11-19 15:52:29,079 [INFO] CADModel:165 - CPN selected for project level
2025-11-19 15:52:29,079 [INFO] CADModel:114 - Register for checkConnection events
2025-11-19 15:52:29,102 [INFO] IPUIPlugin:80 - create IPUIPlugin
2025-11-19 15:52:29,102 [INFO] PluginManager:220 - loadIPPluginJar : add adc
2025-11-19 15:52:29,106 [INFO] IPUIPlugin:80 - create IPUIPlugin
2025-11-19 15:52:29,106 [INFO] PluginManager:220 - loadIPPluginJar : add aes
2025-11-19 15:52:29,111 [INFO] IPUIPlugin:80 - create IPUIPlugin
2025-11-19 15:52:29,111 [INFO] PluginManager:220 - loadIPPluginJar : add can
2025-11-19 15:52:29,123 [INFO] IPUIPlugin:80 - create IPUIPlugin
2025-11-19 15:52:29,123 [INFO] PluginManager:220 - loadIPPluginJar : add comp
2025-11-19 15:52:29,125 [INFO] IPUIPlugin:80 - create IPUIPlugin
2025-11-19 15:52:29,125 [INFO] PluginManager:220 - loadIPPluginJar : add cryp
2025-11-19 15:52:29,163 [INFO] IPUIPlugin:80 - create IPUIPlugin
2025-11-19 15:52:29,163 [INFO] PluginManager:220 - loadIPPluginJar : add ddr_ctrl_phy
2025-11-19 15:52:29,163 [INFO] IPUIPlugin:80 - create IPUIPlugin
2025-11-19 15:52:29,163 [INFO] PluginManager:220 - loadIPPluginJar : add dfsdm
2025-11-19 15:52:29,175 [INFO] IPUIPlugin:80 - create IPUIPlugin
2025-11-19 15:52:29,175 [INFO] PluginManager:220 - loadIPPluginJar : add dma
2025-11-19 15:52:29,193 [INFO] IPUIPlugin:80 - create IPUIPlugin
2025-11-19 15:52:29,193 [INFO] PluginManager:220 - loadIPPluginJar : add dma3
2025-11-19 15:52:29,193 [INFO] IPUIPlugin:80 - create IPUIPlugin
2025-11-19 15:52:29,193 [INFO] PluginManager:220 - loadIPPluginJar : add extmemmanager
2025-11-19 15:52:29,199 [INFO] IPUIPlugin:80 - create IPUIPlugin
2025-11-19 15:52:29,199 [INFO] PluginManager:220 - loadIPPluginJar : add fatfs
2025-11-19 15:52:29,203 [INFO] IPUIPlugin:80 - create IPUIPlugin
2025-11-19 15:52:29,209 [INFO] PluginManager:220 - loadIPPluginJar : add fmc
2025-11-19 15:52:29,229 [INFO] IPUIPlugin:80 - create IPUIPlugin
2025-11-19 15:52:29,229 [INFO] PluginManager:220 - loadIPPluginJar : add freertos
2025-11-19 15:52:29,229 [INFO] IPUIPlugin:80 - create IPUIPlugin
2025-11-19 15:52:29,229 [INFO] PluginManager:220 - loadIPPluginJar : add genericplugin
2025-11-19 15:52:29,229 [INFO] IPUIPlugin:80 - create IPUIPlugin
2025-11-19 15:52:29,229 [INFO] PluginManager:220 - loadIPPluginJar : add gfxmmu
2025-11-19 15:52:29,239 [INFO] IPUIPlugin:80 - create IPUIPlugin
2025-11-19 15:52:29,239 [INFO] PluginManager:220 - loadIPPluginJar : add gic
2025-11-19 15:52:29,243 [INFO] IPUIPlugin:80 - create IPUIPlugin
2025-11-19 15:52:29,243 [INFO] PluginManager:220 - loadIPPluginJar : add gpio
2025-11-19 15:52:29,249 [INFO] IPUIPlugin:80 - create IPUIPlugin
2025-11-19 15:52:29,249 [INFO] PluginManager:220 - loadIPPluginJar : add gtzc
2025-11-19 15:52:29,269 [INFO] IPUIPlugin:80 - create IPUIPlugin
2025-11-19 15:52:29,269 [INFO] PluginManager:220 - loadIPPluginJar : add hash
2025-11-19 15:52:29,271 [INFO] IPUIPlugin:80 - create IPUIPlugin
2025-11-19 15:52:29,271 [INFO] PluginManager:220 - loadIPPluginJar : add i2c
2025-11-19 15:52:29,276 [INFO] IPUIPlugin:80 - create IPUIPlugin
2025-11-19 15:52:29,276 [INFO] PluginManager:220 - loadIPPluginJar : add i2s
2025-11-19 15:52:29,283 [INFO] IPUIPlugin:80 - create IPUIPlugin
2025-11-19 15:52:29,283 [INFO] PluginManager:220 - loadIPPluginJar : add i3c
2025-11-19 15:52:29,298 [INFO] IPUIPlugin:80 - create IPUIPlugin
2025-11-19 15:52:29,298 [INFO] PluginManager:220 - loadIPPluginJar : add ipddr
2025-11-19 15:52:29,308 [INFO] IPUIPlugin:80 - create IPUIPlugin
2025-11-19 15:52:29,310 [INFO] PluginManager:220 - loadIPPluginJar : add linkedlist
2025-11-19 15:52:29,313 [INFO] IPUIPlugin:80 - create IPUIPlugin
2025-11-19 15:52:29,313 [INFO] PluginManager:220 - loadIPPluginJar : add lorawan
2025-11-19 15:52:29,319 [INFO] IPUIPlugin:80 - create IPUIPlugin
2025-11-19 15:52:29,319 [INFO] PluginManager:220 - loadIPPluginJar : add ltdc
2025-11-19 15:52:29,330 [INFO] IPUIPlugin:80 - create IPUIPlugin
2025-11-19 15:52:29,330 [INFO] PluginManager:220 - loadIPPluginJar : add mdma
2025-11-19 15:52:29,345 [INFO] IPUIPlugin:80 - create IPUIPlugin
2025-11-19 15:52:29,346 [INFO] PluginManager:220 - loadIPPluginJar : add nvic
2025-11-19 15:52:29,358 [INFO] IPUIPlugin:80 - create IPUIPlugin
2025-11-19 15:52:29,358 [INFO] PluginManager:220 - loadIPPluginJar : add opamp
2025-11-19 15:52:29,366 [INFO] IPUIPlugin:80 - create IPUIPlugin
2025-11-19 15:52:29,366 [INFO] PluginManager:220 - loadIPPluginJar : add openamp
2025-11-19 15:52:29,371 [INFO] IPUIPlugin:80 - create IPUIPlugin
2025-11-19 15:52:29,371 [INFO] PluginManager:220 - loadIPPluginJar : add pdm2pcm
2025-11-19 15:52:29,381 [INFO] IPUIPlugin:80 - create IPUIPlugin
2025-11-19 15:52:29,383 [INFO] PluginManager:220 - loadIPPluginJar : add plateformsettings
2025-11-19 15:52:29,389 [INFO] IPUIPlugin:80 - create IPUIPlugin
2025-11-19 15:52:29,389 [INFO] PluginManager:220 - loadIPPluginJar : add quadspi
2025-11-19 15:52:29,394 [INFO] IPUIPlugin:80 - create IPUIPlugin
2025-11-19 15:52:29,397 [INFO] PluginManager:220 - loadIPPluginJar : add radio
2025-11-19 15:52:29,422 [INFO] IPUIPlugin:80 - create IPUIPlugin
2025-11-19 15:52:29,422 [INFO] PluginManager:220 - loadIPPluginJar : add resmgrutility
2025-11-19 15:52:29,429 [INFO] IPUIPlugin:80 - create IPUIPlugin
2025-11-19 15:52:29,431 [INFO] PluginManager:220 - loadIPPluginJar : add sai
2025-11-19 15:52:29,431 [INFO] IPUIPlugin:80 - create IPUIPlugin
2025-11-19 15:52:29,431 [INFO] PluginManager:220 - loadIPPluginJar : add spi
2025-11-19 15:52:29,442 [INFO] IPUIPlugin:80 - create IPUIPlugin
2025-11-19 15:52:29,442 [INFO] PluginManager:220 - loadIPPluginJar : add stm32_wpan
2025-11-19 15:52:29,450 [INFO] IPUIPlugin:80 - create IPUIPlugin
2025-11-19 15:52:29,450 [INFO] PluginManager:220 - loadIPPluginJar : add tim
2025-11-19 15:52:29,454 [INFO] IPUIPlugin:80 - create IPUIPlugin
2025-11-19 15:52:29,454 [INFO] PluginManager:220 - loadIPPluginJar : add touchsensing
2025-11-19 15:52:29,454 [INFO] IPUIPlugin:80 - create IPUIPlugin
2025-11-19 15:52:29,454 [INFO] PluginManager:220 - loadIPPluginJar : add tracer_emb
2025-11-19 15:52:29,463 [INFO] IPUIPlugin:80 - create IPUIPlugin
2025-11-19 15:52:29,463 [INFO] PluginManager:220 - loadIPPluginJar : add ts
2025-11-19 15:52:29,466 [INFO] IPUIPlugin:80 - create IPUIPlugin
2025-11-19 15:52:29,466 [INFO] PluginManager:220 - loadIPPluginJar : add tsc
2025-11-19 15:52:29,469 [INFO] IPUIPlugin:80 - create IPUIPlugin
2025-11-19 15:52:29,469 [INFO] PluginManager:220 - loadIPPluginJar : add ucpd
2025-11-19 15:52:29,492 [INFO] IPUIPlugin:80 - create IPUIPlugin
2025-11-19 15:52:29,492 [INFO] PluginManager:220 - loadIPPluginJar : add usart
2025-11-19 15:52:29,500 [INFO] IPUIPlugin:80 - create IPUIPlugin
2025-11-19 15:52:29,500 [INFO] PluginManager:220 - loadIPPluginJar : add usbx
2025-11-19 15:52:29,739 [FATAL] Updater:351 - Updater called before beeing initialized
2025-11-19 15:52:29,780 [INFO] RulesReader:64 - Compatibility file has been processed (317 Rules)
2025-11-19 15:52:29,801 [INFO] RulesReader:64 - Compatibility file has been processed (317 Rules)
2025-11-19 15:52:29,817 [INFO] CADModel:165 - CPN selected for project level
2025-11-19 15:52:29,817 [INFO] CADModel:114 - Register for checkConnection events
2025-11-19 15:52:29,817 [FATAL] Updater:351 - Updater called before beeing initialized
2025-11-19 15:52:29,817 [ERROR] CADModel:125 - Updater not yet initialized, retry later 
2025-11-19 15:52:30,117 [FATAL] Updater:351 - Updater called before beeing initialized
2025-11-19 15:52:30,118 [INFO] CADModel:165 - CPN selected for project level
2025-11-19 15:52:30,118 [INFO] CADModel:114 - Register for checkConnection events
2025-11-19 15:52:30,118 [FATAL] Updater:351 - Updater called before beeing initialized
2025-11-19 15:52:30,118 [ERROR] CADModel:125 - Updater not yet initialized, retry later 
2025-11-19 15:52:30,121 [FATAL] Updater:351 - Updater called before beeing initialized
2025-11-19 15:52:30,315 [FATAL] Updater:351 - Updater called before beeing initialized
2025-11-19 15:52:30,321 [INFO] DbMcusAds:53 - JSON generation date=Mon Nov 10 16:13:01 IST 2025 (1762771381096)
2025-11-19 15:52:30,321 [FATAL] Updater:351 - Updater called before beeing initialized
2025-11-19 15:52:30,412 [WARN] DetailPanel:346 - Failed to get advertising image, set to default
2025-11-19 15:52:30,575 [FATAL] Updater:351 - Updater called before beeing initialized
2025-11-19 15:52:30,577 [FATAL] Updater:351 - Updater called before beeing initialized
2025-11-19 15:52:30,577 [FATAL] Updater:351 - Updater called before beeing initialized
2025-11-19 15:52:30,577 [WARN] DetailPanel:346 - Failed to get advertising image, set to default
2025-11-19 15:52:30,578 [FATAL] Updater:351 - Updater called before beeing initialized
2025-11-19 15:52:30,689 [ERROR] Updater:1198 - MainUpdater not yet initialized. External WinMGr cannot be set.
2025-11-19 15:52:30,702 [INFO] Updater:1134 - Updater Version found : 6.15.0
2025-11-19 15:52:30,710 [INFO] ApplicationProperties:184 - Using Application install path: D:\BITSILICA\STM32CubeIDE_1.19.0\STM32CubeIDE\plugins\com.st.stm32cube.common.mx_6.15.0.202507011659
2025-11-19 15:52:31,058 [INFO] ThirdPartyUpdaterWithRetryManager:70 - Updater plugin not ready yet. [2/15]
2025-11-19 15:52:31,246 [INFO] MainUpdater:2872 - connection check result : 10
2025-11-19 15:52:31,248 [INFO] MainUpdater:289 - Updater Check For Update Now.
2025-11-19 15:52:31,248 [INFO] MicroXplorer:498 - Change Database Version : DB.6.0.150
2025-11-19 15:52:31,249 [INFO] McuFinderGlobals:63 - Set McuFinder mode to 2 (CubeIDE integrated)
2025-11-19 15:52:31,249 [INFO] UserAuth:171 - activating auth plugin
2025-11-19 15:52:31,283 [INFO] UserAuth:487 - Internet connection configuration mode: 1
2025-11-19 15:52:31,389 [INFO] JxBrowserEngine:152 - Initiate JxBrowser Engine with user profile folder
2025-11-19 15:52:31,697 [INFO] CheckServerUpdateThread:120 - End of CheckServer Thread
2025-11-19 15:52:33,526 [INFO] WebApp:169 - Instantiating new browser for Auth
2025-11-19 15:52:34,849 [WARN] PackLoader:240 - Cannot read IP mode file for STMicroelectronics.FP-SNS-MOTENVWB1.1.4.0
2025-11-19 15:52:34,860 [WARN] PackLoader:240 - Cannot read IP mode file for STMicroelectronics.FP-ATR-ASTRA1.2.0.2
2025-11-19 15:52:34,893 [WARN] PackLoader:240 - Cannot read IP mode file for STMicroelectronics.X-CUBE-SMBUS.2.1.0
2025-11-19 15:52:34,957 [WARN] PackLoader:240 - Cannot read IP mode file for STMicroelectronics.X-CUBE-AZRTOS-F7.1.1.0
2025-11-19 15:52:34,976 [WARN] PackLoader:240 - Cannot read IP mode file for Cesanta.I-CUBE-Mongoose.7.19.0
2025-11-19 15:52:34,985 [WARN] PackLoader:240 - Cannot read IP mode file for STMicroelectronics.FP-SNS-MOTENV1.5.1.0
2025-11-19 15:52:35,010 [WARN] PackLoader:240 - Cannot read IP mode file for WES.I-CUBE-Cesium.1.4.0
2025-11-19 15:52:35,060 [WARN] PackLoader:240 - Cannot read IP mode file for Infineon.AIROC-Wi-Fi-Bluetooth-STM32.1.7.1
2025-11-19 15:52:35,136 [WARN] PackLoader:240 - Cannot read IP mode file for STMicroelectronics.X-CUBE-AZRTOS-H7.3.4.0
2025-11-19 15:52:35,332 [WARN] PackLoader:240 - Cannot read IP mode file for STMicroelectronics.X-CUBE-DISPLAY.3.0.0
2025-11-19 15:52:35,396 [WARN] PackLoader:240 - Cannot read IP mode file for STMicroelectronics.X-CUBE-NFC10.1.0.0
2025-11-19 15:52:35,436 [WARN] PackLoader:240 - Cannot read IP mode file for STMicroelectronics.X-CUBE-ST60.1.1.0
2025-11-19 15:52:35,458 [WARN] PackLoader:240 - Cannot read IP mode file for emotas.I-CUBE-CANOPEN.1.3.0
2025-11-19 15:52:35,502 [WARN] PackLoader:240 - Cannot read IP mode file for STMicroelectronics.X-CUBE-GNSS1.7.1.0
2025-11-19 15:52:35,555 [WARN] PackLoader:240 - Cannot read IP mode file for STMicroelectronics.FP-SNS-STBOX1.2.1.0
2025-11-19 15:52:35,581 [WARN] PackLoader:240 - Cannot read IP mode file for STMicroelectronics.FP-SNS-SMARTAG2.1.2.0
2025-11-19 15:52:35,600 [WARN] PackLoader:240 - Cannot read IP mode file for STMicroelectronics.FP-SNS-FLIGHT1.5.1.0
2025-11-19 15:52:35,653 [INFO] LogOutputStream:77 - [STDOUT_REDIRECT] 1 : Invalid condition id : UX_CORESTACK_Condition cause : null
2025-11-19 15:52:35,657 [INFO] LogOutputStream:77 - [STDOUT_REDIRECT] 1 : Invalid condition id : UX_CORESTACK_Condition cause : null
2025-11-19 15:52:35,662 [INFO] LogOutputStream:77 - [STDOUT_REDIRECT] 1 : Invalid condition id : UX_CORESTACK_Condition cause : null
2025-11-19 15:52:35,667 [INFO] LogOutputStream:77 - [STDOUT_REDIRECT] 1 : Invalid condition id : UX_CORESTACK_Condition cause : null
2025-11-19 15:52:35,671 [INFO] LogOutputStream:77 - [STDOUT_REDIRECT] 1 : Invalid condition id : UX_CORESTACK_Condition cause : null
2025-11-19 15:52:35,680 [WARN] PackLoader:240 - Cannot read IP mode file for STMicroelectronics.X-CUBE-AZRTOS-WL.2.0.0
2025-11-19 15:52:35,702 [WARN] PackLoader:240 - Cannot read IP mode file for STMicroelectronics.X-CUBE-BLE2.3.3.0
2025-11-19 15:52:35,801 [WARN] PackLoader:240 - Cannot read IP mode file for STMicroelectronics.X-CUBE-NFC9.1.0.0
2025-11-19 15:52:35,815 [WARN] PackLoader:240 - Cannot read IP mode file for wolfSSL.I-CUBE-wolfSSL.5.8.2
2025-11-19 15:52:35,834 [WARN] PackLoader:240 - Cannot read IP mode file for STMicroelectronics.X-CUBE-BLE1.7.1.0
2025-11-19 15:52:35,852 [WARN] PackLoader:240 - Cannot read IP mode file for wolfSSL.I-CUBE-wolfMQTT.1.19.2
2025-11-19 15:52:35,870 [WARN] PackLoader:240 - Cannot read IP mode file for STMicroelectronics.X-CUBE-EEPRMA1.5.2.0
2025-11-19 15:52:35,897 [WARN] PackLoader:240 - Cannot read IP mode file for STMicroelectronics.X-CUBE-ST67W61.1.1.0
2025-11-19 15:52:35,901 [INFO] WebApp:463 - Apply proxy settings
2025-11-19 15:52:35,901 [INFO] WebApp:548 - Chromium requires no authentication
2025-11-19 15:52:35,929 [WARN] PackLoader:240 - Cannot read IP mode file for STMicroelectronics.X-CUBE-AZRTOS-G0.1.1.0
2025-11-19 15:52:35,929 [INFO] WebApp:491 - Direct internet connection detected
2025-11-19 15:52:35,957 [WARN] PackLoader:240 - Cannot read IP mode file for STMicroelectronics.X-CUBE-NFC4.3.0.0
2025-11-19 15:52:35,988 [WARN] PackLoader:240 - Cannot read IP mode file for EmbeddedOffice.I-CUBE-FS-RTOS.1.0.1
2025-11-19 15:52:36,014 [WARN] PackLoader:240 - Cannot read IP mode file for STMicroelectronics.X-CUBE-WB05N.2.0.0
2025-11-19 15:52:36,017 [INFO] WebApp:900 - Register for checkConnection events
2025-11-19 15:52:36,017 [INFO] WebApp:463 - Apply proxy settings
2025-11-19 15:52:36,018 [INFO] WebApp:548 - Chromium requires no authentication
2025-11-19 15:52:36,019 [INFO] WebApp:491 - Direct internet connection detected
2025-11-19 15:52:36,024 [WARN] PackLoader:240 - Cannot read IP mode file for wolfSSL.I-CUBE-wolfTPM.3.8.0
2025-11-19 15:52:36,068 [WARN] PackLoader:240 - Cannot read IP mode file for STMicroelectronics.X-CUBE-TCPP.4.2.0
2025-11-19 15:52:36,094 [WARN] PackLoader:240 - Cannot read IP mode file for RealThread.X-CUBE-RT-Thread_Nano.4.1.1
2025-11-19 15:52:36,107 [WARN] PackLoader:240 - Cannot read IP mode file for STMicroelectronics.FP-ATR-SIGFOX1.3.2.0
2025-11-19 15:52:36,119 [WARN] PackLoader:240 - Cannot read IP mode file for ITTIA_DB.I-CUBE-ITTIADB.8.9.0
2025-11-19 15:52:36,134 [WARN] PackLoader:240 - Cannot read IP mode file for STMicroelectronics.X-CUBE-AI.10.2.0
2025-11-19 15:52:36,192 [WARN] PackLoader:240 - Cannot read IP mode file for SEGGER.I-CUBE-embOS.1.3.1
2025-11-19 15:52:36,262 [WARN] PackLoader:240 - Cannot read IP mode file for STMicroelectronics.X-CUBE-ALGOBUILD.1.4.0
2025-11-19 15:52:36,335 [WARN] PackLoader:240 - Cannot read IP mode file for STMicroelectronics.X-CUBE-MEMS1.11.3.0
2025-11-19 15:52:36,509 [WARN] PackLoader:240 - Cannot read IP mode file for STMicroelectronics.X-CUBE-PM33A1.1.0.0
2025-11-19 15:52:36,558 [WARN] PackLoader:240 - Cannot read IP mode file for STMicroelectronics.X-CUBE-AZRTOS-F4.1.1.0
2025-11-19 15:52:36,581 [WARN] PackLoader:240 - Cannot read IP mode file for STMicroelectronics.X-CUBE-ISPU.2.1.0
2025-11-19 15:52:36,712 [WARN] PackLoader:240 - Cannot read IP mode file for STMicroelectronics.X-CUBE-IPS.3.2.0
2025-11-19 15:52:36,751 [WARN] PackLoader:240 - Cannot read IP mode file for STMicroelectronics.X-CUBE-NFC12.1.0.0
2025-11-19 15:52:36,782 [WARN] PackLoader:240 - Cannot read IP mode file for STMicroelectronics.X-CUBE-AZRTOS-L5.2.0.0
2025-11-19 15:52:36,824 [WARN] PackLoader:240 - Cannot read IP mode file for STMicroelectronics.X-CUBE-NFC6.3.1.0
2025-11-19 15:52:36,853 [WARN] PackLoader:240 - Cannot read IP mode file for STMicroelectronics.X-CUBE-FREERTOS.1.3.1
2025-11-19 15:52:36,887 [WARN] PackLoader:240 - Cannot read IP mode file for STMicroelectronics.X-CUBE-TOUCHGFX.4.26.0
2025-11-19 15:52:36,913 [WARN] PackLoader:240 - Cannot read IP mode file for STMicroelectronics.FP-SNS-STAIOTCFT.1.0.0
2025-11-19 15:52:36,939 [WARN] PackLoader:240 - Cannot read IP mode file for STMicroelectronics.X-CUBE-DPower.1.3.0
2025-11-19 15:52:36,977 [WARN] ConditionMgr:438 - getConditionDescription Invalid condition id : LAN8742 Phy interface Condition cause : null
2025-11-19 15:52:36,978 [WARN] PackLoader:240 - Cannot read IP mode file for STMicroelectronics.X-CUBE-AZRTOS-L4.2.0.0
2025-11-19 15:52:36,981 [WARN] ConditionMgr:1044 - genDependencies : Invalid condition id : LAN8742 Phy interface Condition cause : null
2025-11-19 15:52:36,981 [WARN] ConditionMgr:1044 - genDependencies : Invalid condition id : LAN8742 Phy interface Condition cause : null
2025-11-19 15:52:36,984 [WARN] ConditionMgr:1044 - genDependencies : Invalid condition id : LAN8742 Phy interface Condition cause : null
2025-11-19 15:52:37,011 [WARN] PackLoader:240 - Cannot read IP mode file for STMicroelectronics.X-CUBE-SFXS2LP1.4.0.0
2025-11-19 15:52:37,055 [WARN] PackLoader:240 - Cannot read IP mode file for STMicroelectronics.X-CUBE-BLEMGR.4.1.0
2025-11-19 15:52:37,113 [WARN] ConditionMgr:438 - getConditionDescription Invalid condition id : UX DEVICE CLASS RTOS Condition cause : null
2025-11-19 15:52:37,115 [WARN] ConditionMgr:438 - getConditionDescription Invalid condition id : UX DEVICE CLASS RTOS Condition cause : null
2025-11-19 15:52:37,117 [WARN] PackLoader:240 - Cannot read IP mode file for STMicroelectronics.X-CUBE-AZRTOS-WB.2.0.0
2025-11-19 15:52:37,117 [WARN] ConditionMgr:1044 - genDependencies : Invalid condition id : UX DEVICE CLASS RTOS Condition cause : null
2025-11-19 15:52:37,117 [WARN] ConditionMgr:1044 - genDependencies : Invalid condition id : UX DEVICE CLASS RTOS Condition cause : null
2025-11-19 15:52:37,117 [WARN] ConditionMgr:1044 - genDependencies : Invalid condition id : UX DEVICE CLASS RTOS Condition cause : null
2025-11-19 15:52:37,117 [WARN] ConditionMgr:1044 - genDependencies : Invalid condition id : UX DEVICE CLASS RTOS Condition cause : null
2025-11-19 15:52:37,117 [WARN] ConditionMgr:1044 - genDependencies : Invalid condition id : UX DEVICE CLASS RTOS Condition cause : null
2025-11-19 15:52:37,132 [WARN] ConditionMgr:438 - getConditionDescription Invalid condition id : Cortex-A Device cause : null
2025-11-19 15:52:37,146 [WARN] ConditionMgr:1044 - genDependencies : Invalid condition id : Cortex-A Device cause : null
2025-11-19 15:52:37,147 [WARN] ConditionMgr:1044 - genDependencies : Invalid condition id : Cortex-A Device cause : null
2025-11-19 15:52:37,147 [WARN] ConditionMgr:1044 - genDependencies : Invalid condition id : Cortex-A Device cause : null
2025-11-19 15:52:37,176 [WARN] PackLoader:240 - Cannot read IP mode file for STMicroelectronics.X-CUBE-SUBG2.5.0.0
2025-11-19 15:52:37,317 [INFO] WebApp:191 - Connection restablished
2025-11-19 15:52:37,322 [WARN] PackLoader:240 - Cannot read IP mode file for STMicroelectronics.X-CUBE-AZRTOS-H7RS.1.1.0
2025-11-19 15:52:37,389 [WARN] PackLoader:240 - Cannot read IP mode file for STMicroelectronics.X-CUBE-AZRTOS-G4.2.0.0
2025-11-19 15:52:37,404 [WARN] PackLoader:240 - Cannot read IP mode file for wolfSSL.I-CUBE-wolfSSH.1.4.20
2025-11-19 15:52:37,421 [WARN] PackLoader:240 - Cannot read IP mode file for STMicroelectronics.X-CUBE-NFC7.2.0.0
2025-11-19 15:52:37,432 [INFO] WebApp:225 - Starting web application
2025-11-19 15:52:37,432 [INFO] WebApp:593 - Web application path used D:\BITSILICA\STM32CubeIDE_1.19.0\STM32CubeIDE\plugins\com.st.stm32cube.common.mx_6.15.0.202507011659\db\plugins\mcufinder\reactClient1\index.html
2025-11-19 15:52:37,436 [WARN] PackLoader:240 - Cannot read IP mode file for STMicroelectronics.X-CUBE-ALS.1.0.2
2025-11-19 15:52:37,466 [WARN] PackLoader:240 - Cannot read IP mode file for STMicroelectronics.X-CUBE-STSE01.1.0.0
2025-11-19 15:52:37,528 [WARN] PackLoader:240 - Cannot read IP mode file for STMicroelectronics.X-CUBE-TOF1.3.4.3
2025-11-19 15:52:37,551 [INFO] ThirdParty:978 - Integrity check success = true
2025-11-19 15:52:37,551 [INFO] IntegrityCheckThread:100 - exiting critical section [integrity check]
2025-11-19 15:52:37,551 [INFO] IntegrityCheckThread:103 - End integrity checks thread
2025-11-19 16:38:56,733 [INFO] WebApp:194 - Connection lost
2025-11-19 16:38:57,066 [INFO] WebApp:191 - Connection restablished
2025-11-19 17:05:38,476 [INFO] WebApp:194 - Connection lost
2025-11-19 17:05:38,861 [INFO] WebApp:191 - Connection restablished
2025-11-19 18:05:46,434 [INFO] WebApp:194 - Connection lost
2025-11-19 18:05:48,864 [INFO] WebApp:191 - Connection restablished
2025-11-19 18:08:48,475 [INFO] WebApp:194 - Connection lost
2025-11-19 18:08:48,718 [INFO] WebApp:191 - Connection restablished
2025-11-19 19:08:54,699 [INFO] WebApp:194 - Connection lost
2025-11-19 19:08:59,328 [INFO] WebApp:191 - Connection restablished
2025-11-19 19:35:45,220 [INFO] WebApp:194 - Connection lost
2025-11-19 19:35:46,008 [INFO] WebApp:191 - Connection restablished
