2025-11-20 18:40:52,596 [INFO] Activator:176 - 


2025-11-20 18:40:52,647 [INFO] Activator:177 - !SESSION log4j initialized
2025-11-20 18:41:18,029 [INFO] LogOutputStream:77 - [STDOUT_REDIRECT] 
2025-11-20 18:41:25,200 [INFO] ApplicationProperties:184 - Using Application install path: D:\BITSILICA\STM32CubeIDE_1.19.0\STM32CubeIDE\plugins\com.st.stm32cube.common.mx_6.15.0.202507011659
2025-11-20 18:41:25,421 [INFO] DbMcusXml:78 - Set database path to: D:\BITSILICA\STM32CubeIDE_1.19.0\STM32CubeIDE\plugins\com.st.stm32cube.common.mx_6.15.0.202507011659\\db\/mcu/
2025-11-20 18:41:25,421 [INFO] ApiDb:274 - Set plugin database path to: D:\BITSILICA\STM32CubeIDE_1.19.0\STM32CubeIDE\plugins\com.st.stm32cube.common.mx_6.15.0.202507011659\\db\/plugins/boardmanager/
2025-11-20 18:41:25,437 [WARN] ApiDb:259 - Overriding images path with different value:  => D:\BITSILICA\STM32CubeIDE_1.19.0\STM32CubeIDE\plugins\com.st.stm32cube.common.mx_6.15.0.202507011659\\db\/plugins/mcufinder/images/
2025-11-20 18:41:25,577 [INFO] ApiDb:250 - Set database path to: C:\Users\augus\.stmcufinder\plugins\mcufinder//mcu/
2025-11-20 18:41:25,578 [INFO] DbMcusAds:125 - Set database path to: C:\Users\augus\.stmcufinder\plugins\mcufinder//mcu/
2025-11-20 18:41:25,582 [INFO] CrossReferenceDbSqlite:203 - Set database path to: C:\Users\augus\.stmcufinder\plugins\mcufinder//mcu/cs/
2025-11-20 18:41:26,055 [INFO] RulesReader:64 - Compatibility file has been processed (317 Rules)
2025-11-20 18:41:27,956 [INFO] DbMcusXml:78 - Set database path to: D:\BITSILICA\STM32CubeIDE_1.19.0\STM32CubeIDE\plugins\com.st.stm32cube.common.mx_6.15.0.202507011659\\db\/mcu/
2025-11-20 18:41:27,956 [INFO] ApiDb:274 - Set plugin database path to: D:\BITSILICA\STM32CubeIDE_1.19.0\STM32CubeIDE\plugins\com.st.stm32cube.common.mx_6.15.0.202507011659\\db\/plugins/boardmanager/
2025-11-20 18:41:27,956 [INFO] ApiDb:261 - Set plugin images path to: D:\BITSILICA\STM32CubeIDE_1.19.0\STM32CubeIDE\plugins\com.st.stm32cube.common.mx_6.15.0.202507011659\\db\/plugins/mcufinder/images/
2025-11-20 18:41:27,956 [WARN] DbFile:41 - Overriding database path with different value: C:\Users\augus\.stmcufinder\plugins\mcufinder/ => C:\Users\augus\.stmcufinder\plugins\mcufinder
2025-11-20 18:41:27,956 [INFO] ApiDb:250 - Set database path to: C:\Users\augus\.stmcufinder\plugins\mcufinder//mcu/
2025-11-20 18:41:27,957 [WARN] DbFile:41 - Overriding database path with different value: C:\Users\augus\.stmcufinder\plugins\mcufinder/ => C:\Users\augus\.stmcufinder\plugins\mcufinder
2025-11-20 18:41:27,957 [INFO] DbMcusAds:125 - Set database path to: C:\Users\augus\.stmcufinder\plugins\mcufinder//mcu/
2025-11-20 18:41:27,957 [WARN] DbFile:41 - Overriding database path with different value: C:\Users\augus\.stmcufinder\plugins\mcufinder/ => C:\Users\augus\.stmcufinder\plugins\mcufinder
2025-11-20 18:41:27,957 [WARN] DbFile:41 - Overriding database path with different value: C:\Users\augus\.stmcufinder\plugins\mcufinder/ => C:\Users\augus\.stmcufinder\plugins\mcufinder
2025-11-20 18:41:27,957 [INFO] CrossReferenceDbSqlite:203 - Set database path to: C:\Users\augus\.stmcufinder\plugins\mcufinder//mcu/cs/
2025-11-20 18:41:29,174 [INFO] MainPanel:274 - HeapMemory: 268435456
2025-11-20 18:41:30,292 [INFO] DbMcusXml:78 - Set database path to: D:\BITSILICA\STM32CubeIDE_1.19.0\STM32CubeIDE\plugins\com.st.stm32cube.common.mx_6.15.0.202507011659\\db\/mcu/
2025-11-20 18:41:30,292 [INFO] ApiDb:274 - Set plugin database path to: D:\BITSILICA\STM32CubeIDE_1.19.0\STM32CubeIDE\plugins\com.st.stm32cube.common.mx_6.15.0.202507011659\\db\/plugins/boardmanager/
2025-11-20 18:41:30,292 [INFO] ApiDb:261 - Set plugin images path to: D:\BITSILICA\STM32CubeIDE_1.19.0\STM32CubeIDE\plugins\com.st.stm32cube.common.mx_6.15.0.202507011659\\db\/plugins/mcufinder/images/
2025-11-20 18:41:30,292 [WARN] DbFile:41 - Overriding database path with different value: C:\Users\augus\.stmcufinder\plugins\mcufinder/ => C:\Users\augus\.stmcufinder\plugins\mcufinder
2025-11-20 18:41:30,293 [INFO] ApiDb:250 - Set database path to: C:\Users\augus\.stmcufinder\plugins\mcufinder//mcu/
2025-11-20 18:41:30,319 [WARN] DbFile:41 - Overriding database path with different value: C:\Users\augus\.stmcufinder\plugins\mcufinder/ => C:\Users\augus\.stmcufinder\plugins\mcufinder
2025-11-20 18:41:30,319 [INFO] DbMcusAds:125 - Set database path to: C:\Users\augus\.stmcufinder\plugins\mcufinder//mcu/
2025-11-20 18:41:30,319 [WARN] DbFile:41 - Overriding database path with different value: C:\Users\augus\.stmcufinder\plugins\mcufinder/ => C:\Users\augus\.stmcufinder\plugins\mcufinder
2025-11-20 18:41:30,319 [WARN] DbFile:41 - Overriding database path with different value: C:\Users\augus\.stmcufinder\plugins\mcufinder/ => C:\Users\augus\.stmcufinder\plugins\mcufinder
2025-11-20 18:41:30,369 [INFO] CrossReferenceDbSqlite:203 - Set database path to: C:\Users\augus\.stmcufinder\plugins\mcufinder//mcu/cs/
2025-11-20 18:41:30,592 [INFO] ApplicationProperties:184 - Using Application install path: D:\BITSILICA\STM32CubeIDE_1.19.0\STM32CubeIDE\plugins\com.st.stm32cube.common.mx_6.15.0.202507011659
2025-11-20 18:41:30,593 [INFO] PluginManage:196 - Search for loadable plugins [exclusion list=, ]
2025-11-20 18:41:30,602 [INFO] PluginManage:310 - Check plugin analytics
2025-11-20 18:41:31,588 [INFO] AnalyticsPlugin:253 - Accepted Software Licenses: STM32CubeMX.6.15.0
2025-11-20 18:41:31,588 [INFO] AnalyticsPlugin:255 - Accepted CMSIS Pack Licenses: 
2025-11-20 18:41:31,590 [INFO] AnalyticsPlugin:257 - Accepted Firmware Licenses: FW.L4.1.18.0
2025-11-20 18:41:31,592 [INFO] PluginManage:359 - Loaded plugin analytics (category:tool,tabindex:-1)
2025-11-20 18:41:31,593 [INFO] PluginManage:310 - Check plugin cadmodel
2025-11-20 18:41:31,800 [INFO] CADModel:105 - Init CAD model plugin
2025-11-20 18:41:31,800 [INFO] PluginManage:359 - Loaded plugin cadmodel (category:power,tabindex:5)
2025-11-20 18:41:31,800 [INFO] PluginManage:310 - Check plugin clock
2025-11-20 18:41:32,001 [INFO] PluginManage:359 - Loaded plugin clock (category:base,tabindex:2)
2025-11-20 18:41:32,002 [INFO] PluginManage:310 - Check plugin ddr
2025-11-20 18:41:32,061 [INFO] PluginManage:359 - Loaded plugin ddr (category:tool,tabindex:6)
2025-11-20 18:41:32,061 [INFO] PluginManage:310 - Check plugin filemanager
2025-11-20 18:41:33,151 [INFO] PluginManage:359 - Loaded plugin filemanager (category:base,tabindex:10)
2025-11-20 18:41:33,151 [INFO] PluginManage:310 - Check plugin ipmanager
2025-11-20 18:41:33,250 [INFO] PluginManage:359 - Loaded plugin ipmanager (category:base,tabindex:5)
2025-11-20 18:41:33,250 [INFO] PluginManage:310 - Check plugin lpbam
2025-11-20 18:41:33,300 [INFO] PluginManage:359 - Loaded plugin lpbam (category:base,tabindex:0)
2025-11-20 18:41:33,300 [INFO] PluginManage:310 - Check plugin memorymap
2025-11-20 18:41:33,387 [INFO] PluginManage:359 - Loaded plugin memorymap (category:base,tabindex:4)
2025-11-20 18:41:33,387 [INFO] PluginManage:310 - Check plugin pinoutandconfiguration
2025-11-20 18:41:33,707 [INFO] PluginManage:359 - Loaded plugin pinoutandconfiguration (category:base,tabindex:1)
2025-11-20 18:41:33,707 [INFO] PluginManage:310 - Check plugin pinoutconfig
2025-11-20 18:41:34,582 [WARN] SupportedApi:132 - Cannot load RTOS API schema: s4s-elt-must-match.1: The content of 'definitions' must match (annotation?, (simpleType | complexType)?, (unique | key | keyref)*)). A problem was found starting at: attribute.
2025-11-20 18:41:35,437 [INFO] PluginManage:359 - Loaded plugin pinoutconfig (category:base,tabindex:0)
2025-11-20 18:41:35,437 [INFO] PluginManage:310 - Check plugin power
2025-11-20 18:41:35,825 [INFO] PluginManage:359 - Loaded plugin power (category:power,tabindex:4)
2025-11-20 18:41:35,826 [INFO] PluginManage:310 - Check plugin projectmanager
2025-11-20 18:41:35,863 [INFO] PluginManage:359 - Loaded plugin projectmanager (category:projectmanager,tabindex:4)
2025-11-20 18:41:35,863 [INFO] PluginManage:310 - Check plugin rif
2025-11-20 18:41:35,955 [INFO] PluginManage:359 - Loaded plugin rif (category:base,tabindex:3)
2025-11-20 18:41:35,955 [INFO] PluginManage:310 - Check plugin thirdparty
2025-11-20 18:41:36,923 [INFO] PluginManage:359 - Loaded plugin thirdparty (category:base,tabindex:-1)
2025-11-20 18:41:36,923 [INFO] PluginManage:310 - Check plugin tools
2025-11-20 18:41:36,923 [WARN] IntegrityCheckThread:84 - waiting for thirdparty lock release [integrity check]
2025-11-20 18:41:36,924 [INFO] IntegrityCheckThread:86 - entering critical section [integrity check]
2025-11-20 18:41:36,924 [INFO] ThirdPartyUpdaterWithRetryManager:70 - Updater plugin not ready yet. [1/15]
2025-11-20 18:41:36,970 [INFO] PluginManage:359 - Loaded plugin tools (category:base,tabindex:7)
2025-11-20 18:41:36,970 [INFO] PluginManage:310 - Check plugin tutovideos
2025-11-20 18:41:38,567 [INFO] PluginManage:359 - Loaded plugin tutovideos (category:base,tabindex:-1)
2025-11-20 18:41:38,567 [INFO] PluginManage:310 - Check plugin updater
2025-11-20 18:41:38,775 [INFO] PluginManage:359 - Loaded plugin updater (category:base,tabindex:12)
2025-11-20 18:41:38,775 [INFO] PluginManage:310 - Check plugin userauth
2025-11-20 18:41:38,904 [INFO] UserAuth:118 - Init User Auth plugin
2025-11-20 18:41:38,906 [INFO] PluginManage:359 - Loaded plugin userauth (category:base,tabindex:14)
2025-11-20 18:41:38,907 [INFO] PluginManage:283 - PluginManage : Loaded plugins [18]
2025-11-20 18:41:39,925 [INFO] ThirdPartyUpdaterWithRetryManager:70 - Updater plugin not ready yet. [2/15]
2025-11-20 18:41:40,144 [INFO] PinOutPanel:1589 - setPackage(No Configuration,No Configuration)
2025-11-20 18:41:40,500 [INFO] CADModel:165 - CPN selected for project level
2025-11-20 18:41:40,500 [INFO] CADModel:114 - Register for checkConnection events
2025-11-20 18:41:40,731 [INFO] IPUIPlugin:80 - create IPUIPlugin
2025-11-20 18:41:40,731 [INFO] PluginManager:220 - loadIPPluginJar : add adc
2025-11-20 18:41:40,844 [INFO] IPUIPlugin:80 - create IPUIPlugin
2025-11-20 18:41:40,844 [INFO] PluginManager:220 - loadIPPluginJar : add aes
2025-11-20 18:41:40,926 [INFO] IPUIPlugin:80 - create IPUIPlugin
2025-11-20 18:41:40,926 [INFO] PluginManager:220 - loadIPPluginJar : add can
2025-11-20 18:41:40,946 [INFO] IPUIPlugin:80 - create IPUIPlugin
2025-11-20 18:41:40,946 [INFO] PluginManager:220 - loadIPPluginJar : add comp
2025-11-20 18:41:40,951 [INFO] IPUIPlugin:80 - create IPUIPlugin
2025-11-20 18:41:40,951 [INFO] PluginManager:220 - loadIPPluginJar : add cryp
2025-11-20 18:41:41,012 [INFO] IPUIPlugin:80 - create IPUIPlugin
2025-11-20 18:41:41,012 [INFO] PluginManager:220 - loadIPPluginJar : add ddr_ctrl_phy
2025-11-20 18:41:41,046 [INFO] IPUIPlugin:80 - create IPUIPlugin
2025-11-20 18:41:41,047 [INFO] PluginManager:220 - loadIPPluginJar : add dfsdm
2025-11-20 18:41:41,059 [INFO] IPUIPlugin:80 - create IPUIPlugin
2025-11-20 18:41:41,059 [INFO] PluginManager:220 - loadIPPluginJar : add dma
2025-11-20 18:41:41,070 [INFO] IPUIPlugin:80 - create IPUIPlugin
2025-11-20 18:41:41,070 [INFO] PluginManager:220 - loadIPPluginJar : add dma3
2025-11-20 18:41:41,099 [INFO] IPUIPlugin:80 - create IPUIPlugin
2025-11-20 18:41:41,100 [INFO] PluginManager:220 - loadIPPluginJar : add extmemmanager
2025-11-20 18:41:41,149 [INFO] IPUIPlugin:80 - create IPUIPlugin
2025-11-20 18:41:41,149 [INFO] PluginManager:220 - loadIPPluginJar : add fatfs
2025-11-20 18:41:41,189 [INFO] IPUIPlugin:80 - create IPUIPlugin
2025-11-20 18:41:41,189 [INFO] PluginManager:220 - loadIPPluginJar : add fmc
2025-11-20 18:41:41,222 [INFO] IPUIPlugin:80 - create IPUIPlugin
2025-11-20 18:41:41,223 [INFO] PluginManager:220 - loadIPPluginJar : add freertos
2025-11-20 18:41:41,257 [INFO] IPUIPlugin:80 - create IPUIPlugin
2025-11-20 18:41:41,257 [INFO] PluginManager:220 - loadIPPluginJar : add genericplugin
2025-11-20 18:41:41,272 [INFO] IPUIPlugin:80 - create IPUIPlugin
2025-11-20 18:41:41,272 [INFO] PluginManager:220 - loadIPPluginJar : add gfxmmu
2025-11-20 18:41:41,287 [INFO] IPUIPlugin:80 - create IPUIPlugin
2025-11-20 18:41:41,288 [INFO] PluginManager:220 - loadIPPluginJar : add gic
2025-11-20 18:41:41,299 [INFO] IPUIPlugin:80 - create IPUIPlugin
2025-11-20 18:41:41,299 [INFO] PluginManager:220 - loadIPPluginJar : add gpio
2025-11-20 18:41:41,303 [INFO] IPUIPlugin:80 - create IPUIPlugin
2025-11-20 18:41:41,303 [INFO] PluginManager:220 - loadIPPluginJar : add gtzc
2025-11-20 18:41:41,316 [INFO] IPUIPlugin:80 - create IPUIPlugin
2025-11-20 18:41:41,316 [INFO] PluginManager:220 - loadIPPluginJar : add hash
2025-11-20 18:41:41,336 [INFO] IPUIPlugin:80 - create IPUIPlugin
2025-11-20 18:41:41,337 [INFO] PluginManager:220 - loadIPPluginJar : add i2c
2025-11-20 18:41:41,349 [INFO] IPUIPlugin:80 - create IPUIPlugin
2025-11-20 18:41:41,350 [INFO] PluginManager:220 - loadIPPluginJar : add i2s
2025-11-20 18:41:41,387 [INFO] IPUIPlugin:80 - create IPUIPlugin
2025-11-20 18:41:41,387 [INFO] PluginManager:220 - loadIPPluginJar : add i3c
2025-11-20 18:41:41,392 [INFO] IPUIPlugin:80 - create IPUIPlugin
2025-11-20 18:41:41,392 [INFO] PluginManager:220 - loadIPPluginJar : add ipddr
2025-11-20 18:41:41,411 [INFO] IPUIPlugin:80 - create IPUIPlugin
2025-11-20 18:41:41,411 [INFO] PluginManager:220 - loadIPPluginJar : add linkedlist
2025-11-20 18:41:41,432 [INFO] IPUIPlugin:80 - create IPUIPlugin
2025-11-20 18:41:41,432 [INFO] PluginManager:220 - loadIPPluginJar : add lorawan
2025-11-20 18:41:41,450 [INFO] IPUIPlugin:80 - create IPUIPlugin
2025-11-20 18:41:41,451 [INFO] PluginManager:220 - loadIPPluginJar : add ltdc
2025-11-20 18:41:41,475 [INFO] IPUIPlugin:80 - create IPUIPlugin
2025-11-20 18:41:41,475 [INFO] PluginManager:220 - loadIPPluginJar : add mdma
2025-11-20 18:41:41,480 [INFO] IPUIPlugin:80 - create IPUIPlugin
2025-11-20 18:41:41,480 [INFO] PluginManager:220 - loadIPPluginJar : add nvic
2025-11-20 18:41:41,485 [INFO] IPUIPlugin:80 - create IPUIPlugin
2025-11-20 18:41:41,485 [INFO] PluginManager:220 - loadIPPluginJar : add opamp
2025-11-20 18:41:41,489 [INFO] IPUIPlugin:80 - create IPUIPlugin
2025-11-20 18:41:41,489 [INFO] PluginManager:220 - loadIPPluginJar : add openamp
2025-11-20 18:41:41,507 [INFO] IPUIPlugin:80 - create IPUIPlugin
2025-11-20 18:41:41,507 [INFO] PluginManager:220 - loadIPPluginJar : add pdm2pcm
2025-11-20 18:41:41,526 [INFO] IPUIPlugin:80 - create IPUIPlugin
2025-11-20 18:41:41,528 [INFO] PluginManager:220 - loadIPPluginJar : add plateformsettings
2025-11-20 18:41:41,550 [INFO] IPUIPlugin:80 - create IPUIPlugin
2025-11-20 18:41:41,551 [INFO] PluginManager:220 - loadIPPluginJar : add quadspi
2025-11-20 18:41:41,554 [INFO] IPUIPlugin:80 - create IPUIPlugin
2025-11-20 18:41:41,555 [INFO] PluginManager:220 - loadIPPluginJar : add radio
2025-11-20 18:41:41,630 [INFO] IPUIPlugin:80 - create IPUIPlugin
2025-11-20 18:41:41,630 [INFO] PluginManager:220 - loadIPPluginJar : add resmgrutility
2025-11-20 18:41:41,641 [INFO] IPUIPlugin:80 - create IPUIPlugin
2025-11-20 18:41:41,641 [INFO] PluginManager:220 - loadIPPluginJar : add sai
2025-11-20 18:41:41,660 [INFO] IPUIPlugin:80 - create IPUIPlugin
2025-11-20 18:41:41,661 [INFO] PluginManager:220 - loadIPPluginJar : add spi
2025-11-20 18:41:41,728 [INFO] IPUIPlugin:80 - create IPUIPlugin
2025-11-20 18:41:41,728 [INFO] PluginManager:220 - loadIPPluginJar : add stm32_wpan
2025-11-20 18:41:41,749 [INFO] IPUIPlugin:80 - create IPUIPlugin
2025-11-20 18:41:41,749 [INFO] PluginManager:220 - loadIPPluginJar : add tim
2025-11-20 18:41:41,753 [INFO] IPUIPlugin:80 - create IPUIPlugin
2025-11-20 18:41:41,754 [INFO] PluginManager:220 - loadIPPluginJar : add touchsensing
2025-11-20 18:41:41,856 [INFO] IPUIPlugin:80 - create IPUIPlugin
2025-11-20 18:41:41,856 [INFO] PluginManager:220 - loadIPPluginJar : add tracer_emb
2025-11-20 18:41:41,880 [INFO] IPUIPlugin:80 - create IPUIPlugin
2025-11-20 18:41:41,880 [INFO] PluginManager:220 - loadIPPluginJar : add ts
2025-11-20 18:41:41,892 [INFO] IPUIPlugin:80 - create IPUIPlugin
2025-11-20 18:41:41,892 [INFO] PluginManager:220 - loadIPPluginJar : add tsc
2025-11-20 18:41:41,912 [INFO] IPUIPlugin:80 - create IPUIPlugin
2025-11-20 18:41:41,912 [INFO] PluginManager:220 - loadIPPluginJar : add ucpd
2025-11-20 18:41:41,915 [INFO] IPUIPlugin:80 - create IPUIPlugin
2025-11-20 18:41:41,915 [INFO] PluginManager:220 - loadIPPluginJar : add usart
2025-11-20 18:41:41,924 [INFO] IPUIPlugin:80 - create IPUIPlugin
2025-11-20 18:41:41,924 [INFO] PluginManager:220 - loadIPPluginJar : add usbx
2025-11-20 18:41:42,120 [FATAL] Updater:351 - Updater called before beeing initialized
2025-11-20 18:41:42,437 [INFO] RulesReader:64 - Compatibility file has been processed (317 Rules)
2025-11-20 18:41:42,450 [INFO] RulesReader:64 - Compatibility file has been processed (317 Rules)
2025-11-20 18:41:42,460 [INFO] CADModel:165 - CPN selected for project level
2025-11-20 18:41:42,460 [INFO] CADModel:114 - Register for checkConnection events
2025-11-20 18:41:42,460 [FATAL] Updater:351 - Updater called before beeing initialized
2025-11-20 18:41:42,460 [ERROR] CADModel:125 - Updater not yet initialized, retry later 
2025-11-20 18:41:42,926 [INFO] ThirdPartyUpdaterWithRetryManager:70 - Updater plugin not ready yet. [3/15]
2025-11-20 18:41:43,139 [FATAL] Updater:351 - Updater called before beeing initialized
2025-11-20 18:41:43,165 [INFO] CADModel:165 - CPN selected for project level
2025-11-20 18:41:43,165 [INFO] CADModel:114 - Register for checkConnection events
2025-11-20 18:41:43,165 [FATAL] Updater:351 - Updater called before beeing initialized
2025-11-20 18:41:43,165 [ERROR] CADModel:125 - Updater not yet initialized, retry later 
2025-11-20 18:41:43,169 [FATAL] Updater:351 - Updater called before beeing initialized
2025-11-20 18:41:43,325 [FATAL] Updater:351 - Updater called before beeing initialized
2025-11-20 18:41:43,329 [INFO] DbMcusAds:53 - JSON generation date=Mon Nov 10 16:13:01 IST 2025 (1762771381096)
2025-11-20 18:41:43,329 [FATAL] Updater:351 - Updater called before beeing initialized
2025-11-20 18:41:43,529 [WARN] DetailPanel:346 - Failed to get advertising image, set to default
2025-11-20 18:41:43,660 [FATAL] Updater:351 - Updater called before beeing initialized
2025-11-20 18:41:43,663 [FATAL] Updater:351 - Updater called before beeing initialized
2025-11-20 18:41:43,663 [FATAL] Updater:351 - Updater called before beeing initialized
2025-11-20 18:41:43,663 [WARN] DetailPanel:346 - Failed to get advertising image, set to default
2025-11-20 18:41:43,664 [FATAL] Updater:351 - Updater called before beeing initialized
2025-11-20 18:41:43,843 [ERROR] Updater:1198 - MainUpdater not yet initialized. External WinMGr cannot be set.
2025-11-20 18:41:43,862 [INFO] Updater:1134 - Updater Version found : 6.15.0
2025-11-20 18:41:43,926 [INFO] ApplicationProperties:184 - Using Application install path: D:\BITSILICA\STM32CubeIDE_1.19.0\STM32CubeIDE\plugins\com.st.stm32cube.common.mx_6.15.0.202507011659
2025-11-20 18:41:44,451 [INFO] MainUpdater:2872 - connection check result : 10
2025-11-20 18:41:44,451 [INFO] MainUpdater:289 - Updater Check For Update Now.
2025-11-20 18:41:44,451 [INFO] MicroXplorer:498 - Change Database Version : DB.6.0.150
2025-11-20 18:41:44,602 [INFO] McuFinderGlobals:63 - Set McuFinder mode to 2 (CubeIDE integrated)
2025-11-20 18:41:44,603 [INFO] UserAuth:171 - activating auth plugin
2025-11-20 18:41:44,638 [INFO] UserAuth:487 - Internet connection configuration mode: 1
2025-11-20 18:41:44,956 [INFO] CheckServerUpdateThread:120 - End of CheckServer Thread
2025-11-20 18:41:45,069 [INFO] JxBrowserEngine:152 - Initiate JxBrowser Engine with user profile folder
2025-11-20 18:41:47,907 [WARN] PackLoader:240 - Cannot read IP mode file for STMicroelectronics.FP-SNS-MOTENVWB1.1.4.0
2025-11-20 18:41:47,917 [WARN] PackLoader:240 - Cannot read IP mode file for STMicroelectronics.FP-ATR-ASTRA1.2.0.2
2025-11-20 18:41:47,927 [WARN] PackLoader:240 - Cannot read IP mode file for STMicroelectronics.X-CUBE-SMBUS.2.1.0
2025-11-20 18:41:47,965 [WARN] PackLoader:240 - Cannot read IP mode file for STMicroelectronics.X-CUBE-AZRTOS-F7.1.1.0
2025-11-20 18:41:47,974 [WARN] PackLoader:240 - Cannot read IP mode file for Cesanta.I-CUBE-Mongoose.7.19.0
2025-11-20 18:41:47,982 [WARN] PackLoader:240 - Cannot read IP mode file for STMicroelectronics.FP-SNS-MOTENV1.5.1.0
2025-11-20 18:41:47,997 [WARN] PackLoader:240 - Cannot read IP mode file for WES.I-CUBE-Cesium.1.4.0
2025-11-20 18:41:48,029 [WARN] PackLoader:240 - Cannot read IP mode file for Infineon.AIROC-Wi-Fi-Bluetooth-STM32.1.7.1
2025-11-20 18:41:48,061 [WARN] PackLoader:240 - Cannot read IP mode file for STMicroelectronics.X-CUBE-AZRTOS-H7.3.4.0
2025-11-20 18:41:48,074 [WARN] PackLoader:240 - Cannot read IP mode file for STMicroelectronics.X-CUBE-DISPLAY.3.0.0
2025-11-20 18:41:48,094 [WARN] PackLoader:240 - Cannot read IP mode file for STMicroelectronics.X-CUBE-NFC10.1.0.0
2025-11-20 18:41:48,102 [WARN] PackLoader:240 - Cannot read IP mode file for STMicroelectronics.X-CUBE-ST60.1.1.0
2025-11-20 18:41:48,110 [WARN] PackLoader:240 - Cannot read IP mode file for emotas.I-CUBE-CANOPEN.1.3.0
2025-11-20 18:41:48,120 [WARN] PackLoader:240 - Cannot read IP mode file for STMicroelectronics.X-CUBE-GNSS1.7.1.0
2025-11-20 18:41:48,132 [WARN] PackLoader:240 - Cannot read IP mode file for STMicroelectronics.FP-SNS-STBOX1.2.1.0
2025-11-20 18:41:48,144 [WARN] PackLoader:240 - Cannot read IP mode file for STMicroelectronics.FP-SNS-SMARTAG2.1.2.0
2025-11-20 18:41:48,152 [WARN] PackLoader:240 - Cannot read IP mode file for STMicroelectronics.FP-SNS-FLIGHT1.5.1.0
2025-11-20 18:41:48,164 [INFO] LogOutputStream:77 - [STDOUT_REDIRECT] 1 : Invalid condition id : UX_CORESTACK_Condition cause : null
2025-11-20 18:41:48,165 [INFO] LogOutputStream:77 - [STDOUT_REDIRECT] 1 : Invalid condition id : UX_CORESTACK_Condition cause : null
2025-11-20 18:41:48,165 [INFO] LogOutputStream:77 - [STDOUT_REDIRECT] 1 : Invalid condition id : UX_CORESTACK_Condition cause : null
2025-11-20 18:41:48,166 [INFO] LogOutputStream:77 - [STDOUT_REDIRECT] 1 : Invalid condition id : UX_CORESTACK_Condition cause : null
2025-11-20 18:41:48,166 [INFO] LogOutputStream:77 - [STDOUT_REDIRECT] 1 : Invalid condition id : UX_CORESTACK_Condition cause : null
2025-11-20 18:41:48,171 [WARN] PackLoader:240 - Cannot read IP mode file for STMicroelectronics.X-CUBE-AZRTOS-WL.2.0.0
2025-11-20 18:41:48,180 [WARN] PackLoader:240 - Cannot read IP mode file for STMicroelectronics.X-CUBE-BLE2.3.3.0
2025-11-20 18:41:48,210 [WARN] PackLoader:240 - Cannot read IP mode file for STMicroelectronics.X-CUBE-NFC9.1.0.0
2025-11-20 18:41:48,219 [WARN] PackLoader:240 - Cannot read IP mode file for wolfSSL.I-CUBE-wolfSSL.5.8.2
2025-11-20 18:41:48,229 [WARN] PackLoader:240 - Cannot read IP mode file for STMicroelectronics.X-CUBE-BLE1.7.1.0
2025-11-20 18:41:48,236 [WARN] PackLoader:240 - Cannot read IP mode file for wolfSSL.I-CUBE-wolfMQTT.1.19.2
2025-11-20 18:41:48,245 [WARN] PackLoader:240 - Cannot read IP mode file for STMicroelectronics.X-CUBE-EEPRMA1.5.2.0
2025-11-20 18:41:48,254 [WARN] PackLoader:240 - Cannot read IP mode file for STMicroelectronics.X-CUBE-ST67W61.1.1.0
2025-11-20 18:41:48,271 [WARN] PackLoader:240 - Cannot read IP mode file for STMicroelectronics.X-CUBE-AZRTOS-G0.1.1.0
2025-11-20 18:41:48,281 [WARN] PackLoader:240 - Cannot read IP mode file for STMicroelectronics.X-CUBE-NFC4.3.0.0
2025-11-20 18:41:48,295 [WARN] PackLoader:240 - Cannot read IP mode file for EmbeddedOffice.I-CUBE-FS-RTOS.1.0.1
2025-11-20 18:41:48,308 [WARN] PackLoader:240 - Cannot read IP mode file for STMicroelectronics.X-CUBE-WB05N.2.0.0
2025-11-20 18:41:48,318 [WARN] PackLoader:240 - Cannot read IP mode file for wolfSSL.I-CUBE-wolfTPM.3.8.0
2025-11-20 18:41:48,329 [WARN] PackLoader:240 - Cannot read IP mode file for STMicroelectronics.X-CUBE-TCPP.4.2.0
2025-11-20 18:41:48,343 [WARN] PackLoader:240 - Cannot read IP mode file for RealThread.X-CUBE-RT-Thread_Nano.4.1.1
2025-11-20 18:41:48,351 [WARN] PackLoader:240 - Cannot read IP mode file for STMicroelectronics.FP-ATR-SIGFOX1.3.2.0
2025-11-20 18:41:48,361 [WARN] PackLoader:240 - Cannot read IP mode file for ITTIA_DB.I-CUBE-ITTIADB.8.9.0
2025-11-20 18:41:48,370 [WARN] PackLoader:240 - Cannot read IP mode file for STMicroelectronics.X-CUBE-AI.10.2.0
2025-11-20 18:41:48,406 [WARN] PackLoader:240 - Cannot read IP mode file for SEGGER.I-CUBE-embOS.1.3.1
2025-11-20 18:41:48,495 [WARN] PackLoader:240 - Cannot read IP mode file for STMicroelectronics.X-CUBE-ALGOBUILD.1.4.0
2025-11-20 18:41:48,582 [WARN] PackLoader:240 - Cannot read IP mode file for STMicroelectronics.X-CUBE-MEMS1.11.3.0
2025-11-20 18:41:48,688 [WARN] PackLoader:240 - Cannot read IP mode file for STMicroelectronics.X-CUBE-PM33A1.1.0.0
2025-11-20 18:41:48,704 [WARN] PackLoader:240 - Cannot read IP mode file for STMicroelectronics.X-CUBE-AZRTOS-F4.1.1.0
2025-11-20 18:41:48,720 [WARN] PackLoader:240 - Cannot read IP mode file for STMicroelectronics.X-CUBE-ISPU.2.1.0
2025-11-20 18:41:48,742 [WARN] PackLoader:240 - Cannot read IP mode file for STMicroelectronics.X-CUBE-IPS.3.2.0
2025-11-20 18:41:48,764 [WARN] PackLoader:240 - Cannot read IP mode file for STMicroelectronics.X-CUBE-NFC12.1.0.0
2025-11-20 18:41:48,791 [WARN] PackLoader:240 - Cannot read IP mode file for STMicroelectronics.X-CUBE-AZRTOS-L5.2.0.0
2025-11-20 18:41:48,877 [WARN] PackLoader:240 - Cannot read IP mode file for STMicroelectronics.X-CUBE-NFC6.3.1.0
2025-11-20 18:41:48,891 [WARN] PackLoader:240 - Cannot read IP mode file for STMicroelectronics.X-CUBE-FREERTOS.1.3.1
2025-11-20 18:41:48,901 [WARN] PackLoader:240 - Cannot read IP mode file for STMicroelectronics.X-CUBE-TOUCHGFX.4.26.0
2025-11-20 18:41:48,910 [WARN] PackLoader:240 - Cannot read IP mode file for STMicroelectronics.FP-SNS-STAIOTCFT.1.0.0
2025-11-20 18:41:48,921 [WARN] PackLoader:240 - Cannot read IP mode file for STMicroelectronics.X-CUBE-DPower.1.3.0
2025-11-20 18:41:48,943 [WARN] ConditionMgr:438 - getConditionDescription Invalid condition id : LAN8742 Phy interface Condition cause : null
2025-11-20 18:41:48,944 [WARN] PackLoader:240 - Cannot read IP mode file for STMicroelectronics.X-CUBE-AZRTOS-L4.2.0.0
2025-11-20 18:41:48,947 [WARN] ConditionMgr:1044 - genDependencies : Invalid condition id : LAN8742 Phy interface Condition cause : null
2025-11-20 18:41:48,947 [WARN] ConditionMgr:1044 - genDependencies : Invalid condition id : LAN8742 Phy interface Condition cause : null
2025-11-20 18:41:48,947 [WARN] ConditionMgr:1044 - genDependencies : Invalid condition id : LAN8742 Phy interface Condition cause : null
2025-11-20 18:41:48,957 [WARN] PackLoader:240 - Cannot read IP mode file for STMicroelectronics.X-CUBE-SFXS2LP1.4.0.0
2025-11-20 18:41:48,969 [WARN] PackLoader:240 - Cannot read IP mode file for STMicroelectronics.X-CUBE-BLEMGR.4.1.0
2025-11-20 18:41:48,982 [WARN] ConditionMgr:438 - getConditionDescription Invalid condition id : UX DEVICE CLASS RTOS Condition cause : null
2025-11-20 18:41:48,982 [WARN] ConditionMgr:438 - getConditionDescription Invalid condition id : UX DEVICE CLASS RTOS Condition cause : null
2025-11-20 18:41:48,983 [WARN] PackLoader:240 - Cannot read IP mode file for STMicroelectronics.X-CUBE-AZRTOS-WB.2.0.0
2025-11-20 18:41:48,984 [WARN] ConditionMgr:1044 - genDependencies : Invalid condition id : UX DEVICE CLASS RTOS Condition cause : null
2025-11-20 18:41:48,984 [WARN] ConditionMgr:1044 - genDependencies : Invalid condition id : UX DEVICE CLASS RTOS Condition cause : null
2025-11-20 18:41:48,984 [WARN] ConditionMgr:1044 - genDependencies : Invalid condition id : UX DEVICE CLASS RTOS Condition cause : null
2025-11-20 18:41:48,984 [WARN] ConditionMgr:1044 - genDependencies : Invalid condition id : UX DEVICE CLASS RTOS Condition cause : null
2025-11-20 18:41:48,984 [WARN] ConditionMgr:1044 - genDependencies : Invalid condition id : UX DEVICE CLASS RTOS Condition cause : null
2025-11-20 18:41:48,992 [WARN] ConditionMgr:438 - getConditionDescription Invalid condition id : Cortex-A Device cause : null
2025-11-20 18:41:49,001 [WARN] ConditionMgr:1044 - genDependencies : Invalid condition id : Cortex-A Device cause : null
2025-11-20 18:41:49,002 [WARN] ConditionMgr:1044 - genDependencies : Invalid condition id : Cortex-A Device cause : null
2025-11-20 18:41:49,002 [WARN] ConditionMgr:1044 - genDependencies : Invalid condition id : Cortex-A Device cause : null
2025-11-20 18:41:49,012 [WARN] PackLoader:240 - Cannot read IP mode file for STMicroelectronics.X-CUBE-SUBG2.5.0.0
2025-11-20 18:41:49,028 [WARN] PackLoader:240 - Cannot read IP mode file for STMicroelectronics.X-CUBE-AZRTOS-H7RS.1.1.0
2025-11-20 18:41:49,044 [WARN] PackLoader:240 - Cannot read IP mode file for STMicroelectronics.X-CUBE-AZRTOS-G4.2.0.0
2025-11-20 18:41:49,051 [WARN] PackLoader:240 - Cannot read IP mode file for wolfSSL.I-CUBE-wolfSSH.1.4.20
2025-11-20 18:41:49,059 [WARN] PackLoader:240 - Cannot read IP mode file for STMicroelectronics.X-CUBE-NFC7.2.0.0
2025-11-20 18:41:49,066 [WARN] PackLoader:240 - Cannot read IP mode file for STMicroelectronics.X-CUBE-ALS.1.0.2
2025-11-20 18:41:49,074 [WARN] PackLoader:240 - Cannot read IP mode file for STMicroelectronics.X-CUBE-STSE01.1.0.0
2025-11-20 18:41:49,085 [WARN] PackLoader:240 - Cannot read IP mode file for STMicroelectronics.X-CUBE-TOF1.3.4.3
2025-11-20 18:41:49,091 [INFO] ThirdParty:978 - Integrity check success = true
2025-11-20 18:41:49,091 [INFO] IntegrityCheckThread:100 - exiting critical section [integrity check]
2025-11-20 18:41:49,091 [INFO] IntegrityCheckThread:103 - End integrity checks thread
2025-11-20 18:41:58,356 [INFO] WebApp:169 - Instantiating new browser for Auth
2025-11-20 18:42:04,472 [INFO] WebApp:463 - Apply proxy settings
2025-11-20 18:42:04,473 [INFO] WebApp:548 - Chromium requires no authentication
2025-11-20 18:42:05,336 [INFO] WebApp:491 - Direct internet connection detected
2025-11-20 18:42:05,749 [INFO] WebApp:900 - Register for checkConnection events
2025-11-20 18:42:05,749 [INFO] WebApp:463 - Apply proxy settings
2025-11-20 18:42:05,749 [INFO] WebApp:548 - Chromium requires no authentication
2025-11-20 18:42:05,749 [INFO] WebApp:491 - Direct internet connection detected
2025-11-20 18:42:12,485 [INFO] WebApp:225 - Starting web application
2025-11-20 18:42:12,485 [INFO] WebApp:593 - Web application path used D:\BITSILICA\STM32CubeIDE_1.19.0\STM32CubeIDE\plugins\com.st.stm32cube.common.mx_6.15.0.202507011659\db\plugins\mcufinder\reactClient1\index.html
2025-11-20 18:42:13,816 [INFO] WebApp:191 - Connection restablished
2025-11-20 18:55:32,559 [ERROR] LogOutputStream:75 - [STDERR_REDIRECT] 
2025-11-20 19:04:30,534 [INFO] Activator:176 - 


2025-11-20 19:04:30,549 [INFO] Activator:177 - !SESSION log4j initialized
2025-11-20 19:04:34,524 [INFO] LogOutputStream:77 - [STDOUT_REDIRECT] 
2025-11-20 19:04:37,049 [ERROR] ConfigurationRetriever:142 - IOException on connection: Connect timed out
2025-11-20 19:04:39,052 [ERROR] ConfigurationRetriever:142 - IOException on connection: Connect timed out
2025-11-20 19:04:41,054 [ERROR] ConfigurationRetriever:142 - IOException on connection: Connect timed out
2025-11-20 19:04:43,759 [ERROR] ConfigurationRetriever:142 - IOException on connection: Connect timed out
2025-11-20 19:04:45,761 [ERROR] ConfigurationRetriever:142 - IOException on connection: Connect timed out
2025-11-20 19:04:45,944 [INFO] ApplicationProperties:184 - Using Application install path: C:\ST\STM32CubeIDE_1.19.0\STM32CubeIDE\plugins\com.st.stm32cube.common.mx_6.15.0.202507011659
2025-11-20 19:04:45,965 [INFO] DbMcusXml:78 - Set database path to: C:\ST\STM32CubeIDE_1.19.0\STM32CubeIDE\plugins\com.st.stm32cube.common.mx_6.15.0.202507011659\\db\/mcu/
2025-11-20 19:04:45,966 [INFO] ApiDb:274 - Set plugin database path to: C:\ST\STM32CubeIDE_1.19.0\STM32CubeIDE\plugins\com.st.stm32cube.common.mx_6.15.0.202507011659\\db\/plugins/boardmanager/
2025-11-20 19:04:45,966 [WARN] ApiDb:259 - Overriding images path with different value:  => C:\ST\STM32CubeIDE_1.19.0\STM32CubeIDE\plugins\com.st.stm32cube.common.mx_6.15.0.202507011659\\db\/plugins/mcufinder/images/
2025-11-20 19:04:45,975 [INFO] ApiDb:250 - Set database path to: C:\Users\augus\.stmcufinder\plugins\mcufinder//mcu/
2025-11-20 19:04:45,976 [INFO] DbMcusAds:125 - Set database path to: C:\Users\augus\.stmcufinder\plugins\mcufinder//mcu/
2025-11-20 19:04:45,993 [INFO] CrossReferenceDbSqlite:203 - Set database path to: C:\Users\augus\.stmcufinder\plugins\mcufinder//mcu/cs/
2025-11-20 19:04:46,127 [INFO] RulesReader:64 - Compatibility file has been processed (317 Rules)
2025-11-20 19:04:46,246 [INFO] DbMcusXml:78 - Set database path to: C:\ST\STM32CubeIDE_1.19.0\STM32CubeIDE\plugins\com.st.stm32cube.common.mx_6.15.0.202507011659\\db\/mcu/
2025-11-20 19:04:46,246 [INFO] ApiDb:274 - Set plugin database path to: C:\ST\STM32CubeIDE_1.19.0\STM32CubeIDE\plugins\com.st.stm32cube.common.mx_6.15.0.202507011659\\db\/plugins/boardmanager/
2025-11-20 19:04:46,246 [INFO] ApiDb:261 - Set plugin images path to: C:\ST\STM32CubeIDE_1.19.0\STM32CubeIDE\plugins\com.st.stm32cube.common.mx_6.15.0.202507011659\\db\/plugins/mcufinder/images/
2025-11-20 19:04:46,247 [WARN] DbFile:41 - Overriding database path with different value: C:\Users\augus\.stmcufinder\plugins\mcufinder/ => C:\Users\augus\.stmcufinder\plugins\mcufinder
2025-11-20 19:04:46,247 [INFO] ApiDb:250 - Set database path to: C:\Users\augus\.stmcufinder\plugins\mcufinder//mcu/
2025-11-20 19:04:46,247 [WARN] DbFile:41 - Overriding database path with different value: C:\Users\augus\.stmcufinder\plugins\mcufinder/ => C:\Users\augus\.stmcufinder\plugins\mcufinder
2025-11-20 19:04:46,247 [INFO] DbMcusAds:125 - Set database path to: C:\Users\augus\.stmcufinder\plugins\mcufinder//mcu/
2025-11-20 19:04:46,247 [WARN] DbFile:41 - Overriding database path with different value: C:\Users\augus\.stmcufinder\plugins\mcufinder/ => C:\Users\augus\.stmcufinder\plugins\mcufinder
2025-11-20 19:04:46,247 [WARN] DbFile:41 - Overriding database path with different value: C:\Users\augus\.stmcufinder\plugins\mcufinder/ => C:\Users\augus\.stmcufinder\plugins\mcufinder
2025-11-20 19:04:46,247 [INFO] CrossReferenceDbSqlite:203 - Set database path to: C:\Users\augus\.stmcufinder\plugins\mcufinder//mcu/cs/
2025-11-20 19:04:46,359 [INFO] MainPanel:274 - HeapMemory: 268435456
2025-11-20 19:04:46,555 [INFO] DbMcusXml:78 - Set database path to: C:\ST\STM32CubeIDE_1.19.0\STM32CubeIDE\plugins\com.st.stm32cube.common.mx_6.15.0.202507011659\\db\/mcu/
2025-11-20 19:04:46,555 [INFO] ApiDb:274 - Set plugin database path to: C:\ST\STM32CubeIDE_1.19.0\STM32CubeIDE\plugins\com.st.stm32cube.common.mx_6.15.0.202507011659\\db\/plugins/boardmanager/
2025-11-20 19:04:46,556 [INFO] ApiDb:261 - Set plugin images path to: C:\ST\STM32CubeIDE_1.19.0\STM32CubeIDE\plugins\com.st.stm32cube.common.mx_6.15.0.202507011659\\db\/plugins/mcufinder/images/
2025-11-20 19:04:46,556 [WARN] DbFile:41 - Overriding database path with different value: C:\Users\augus\.stmcufinder\plugins\mcufinder/ => C:\Users\augus\.stmcufinder\plugins\mcufinder
2025-11-20 19:04:46,556 [INFO] ApiDb:250 - Set database path to: C:\Users\augus\.stmcufinder\plugins\mcufinder//mcu/
2025-11-20 19:04:46,556 [WARN] DbFile:41 - Overriding database path with different value: C:\Users\augus\.stmcufinder\plugins\mcufinder/ => C:\Users\augus\.stmcufinder\plugins\mcufinder
2025-11-20 19:04:46,556 [INFO] DbMcusAds:125 - Set database path to: C:\Users\augus\.stmcufinder\plugins\mcufinder//mcu/
2025-11-20 19:04:46,556 [WARN] DbFile:41 - Overriding database path with different value: C:\Users\augus\.stmcufinder\plugins\mcufinder/ => C:\Users\augus\.stmcufinder\plugins\mcufinder
2025-11-20 19:04:46,557 [WARN] DbFile:41 - Overriding database path with different value: C:\Users\augus\.stmcufinder\plugins\mcufinder/ => C:\Users\augus\.stmcufinder\plugins\mcufinder
2025-11-20 19:04:46,557 [INFO] CrossReferenceDbSqlite:203 - Set database path to: C:\Users\augus\.stmcufinder\plugins\mcufinder//mcu/cs/
2025-11-20 19:04:46,581 [INFO] ApplicationProperties:184 - Using Application install path: C:\ST\STM32CubeIDE_1.19.0\STM32CubeIDE\plugins\com.st.stm32cube.common.mx_6.15.0.202507011659
2025-11-20 19:04:46,582 [INFO] PluginManage:196 - Search for loadable plugins [exclusion list=, ]
2025-11-20 19:04:46,585 [INFO] PluginManage:310 - Check plugin analytics
2025-11-20 19:04:46,853 [INFO] AnalyticsPlugin:253 - Accepted Software Licenses: STM32CubeMX.6.15.0
2025-11-20 19:04:46,854 [INFO] AnalyticsPlugin:255 - Accepted CMSIS Pack Licenses: 
2025-11-20 19:04:46,854 [INFO] AnalyticsPlugin:257 - Accepted Firmware Licenses: FW.L4.1.18.0
2025-11-20 19:04:46,859 [INFO] PluginManage:359 - Loaded plugin analytics (category:tool,tabindex:-1)
2025-11-20 19:04:46,859 [INFO] PluginManage:310 - Check plugin cadmodel
2025-11-20 19:04:46,868 [INFO] CADModel:105 - Init CAD model plugin
2025-11-20 19:04:46,868 [INFO] PluginManage:359 - Loaded plugin cadmodel (category:power,tabindex:5)
2025-11-20 19:04:46,868 [INFO] PluginManage:310 - Check plugin clock
2025-11-20 19:04:46,885 [INFO] PluginManage:359 - Loaded plugin clock (category:base,tabindex:2)
2025-11-20 19:04:46,886 [INFO] PluginManage:310 - Check plugin ddr
2025-11-20 19:04:46,889 [INFO] PluginManage:359 - Loaded plugin ddr (category:tool,tabindex:6)
2025-11-20 19:04:46,890 [INFO] PluginManage:310 - Check plugin filemanager
2025-11-20 19:04:47,140 [INFO] PluginManage:359 - Loaded plugin filemanager (category:base,tabindex:10)
2025-11-20 19:04:47,140 [INFO] PluginManage:310 - Check plugin ipmanager
2025-11-20 19:04:47,150 [INFO] PluginManage:359 - Loaded plugin ipmanager (category:base,tabindex:5)
2025-11-20 19:04:47,150 [INFO] PluginManage:310 - Check plugin lpbam
2025-11-20 19:04:47,159 [INFO] PluginManage:359 - Loaded plugin lpbam (category:base,tabindex:0)
2025-11-20 19:04:47,159 [INFO] PluginManage:310 - Check plugin memorymap
2025-11-20 19:04:47,197 [INFO] PluginManage:359 - Loaded plugin memorymap (category:base,tabindex:4)
2025-11-20 19:04:47,197 [INFO] PluginManage:310 - Check plugin pinoutandconfiguration
2025-11-20 19:04:47,212 [INFO] PluginManage:359 - Loaded plugin pinoutandconfiguration (category:base,tabindex:1)
2025-11-20 19:04:47,212 [INFO] PluginManage:310 - Check plugin pinoutconfig
2025-11-20 19:04:47,306 [WARN] SupportedApi:132 - Cannot load RTOS API schema: s4s-elt-must-match.1: The content of 'definitions' must match (annotation?, (simpleType | complexType)?, (unique | key | keyref)*)). A problem was found starting at: attribute.
2025-11-20 19:04:47,446 [INFO] PluginManage:359 - Loaded plugin pinoutconfig (category:base,tabindex:0)
2025-11-20 19:04:47,446 [INFO] PluginManage:310 - Check plugin power
2025-11-20 19:04:47,457 [INFO] PluginManage:359 - Loaded plugin power (category:power,tabindex:4)
2025-11-20 19:04:47,457 [INFO] PluginManage:310 - Check plugin projectmanager
2025-11-20 19:04:47,474 [INFO] PluginManage:359 - Loaded plugin projectmanager (category:projectmanager,tabindex:4)
2025-11-20 19:04:47,474 [INFO] PluginManage:310 - Check plugin rif
2025-11-20 19:04:47,484 [INFO] PluginManage:359 - Loaded plugin rif (category:base,tabindex:3)
2025-11-20 19:04:47,484 [INFO] PluginManage:310 - Check plugin thirdparty
2025-11-20 19:04:47,675 [INFO] PluginManage:359 - Loaded plugin thirdparty (category:base,tabindex:-1)
2025-11-20 19:04:47,675 [WARN] IntegrityCheckThread:84 - waiting for thirdparty lock release [integrity check]
2025-11-20 19:04:47,675 [INFO] IntegrityCheckThread:86 - entering critical section [integrity check]
2025-11-20 19:04:47,675 [INFO] PluginManage:310 - Check plugin tools
2025-11-20 19:04:47,676 [INFO] ThirdPartyUpdaterWithRetryManager:70 - Updater plugin not ready yet. [1/15]
2025-11-20 19:04:47,683 [INFO] PluginManage:359 - Loaded plugin tools (category:base,tabindex:7)
2025-11-20 19:04:47,683 [INFO] PluginManage:310 - Check plugin tutovideos
2025-11-20 19:04:47,763 [ERROR] ConfigurationRetriever:142 - IOException on connection: Connect timed out
2025-11-20 19:04:47,922 [INFO] PluginManage:359 - Loaded plugin tutovideos (category:base,tabindex:-1)
2025-11-20 19:04:47,922 [INFO] PluginManage:310 - Check plugin updater
2025-11-20 19:04:47,957 [INFO] PluginManage:359 - Loaded plugin updater (category:base,tabindex:12)
2025-11-20 19:04:47,957 [INFO] PluginManage:310 - Check plugin userauth
2025-11-20 19:04:47,964 [INFO] UserAuth:118 - Init User Auth plugin
2025-11-20 19:04:47,967 [INFO] PluginManage:359 - Loaded plugin userauth (category:base,tabindex:14)
2025-11-20 19:04:47,969 [INFO] PluginManage:283 - PluginManage : Loaded plugins [18]
2025-11-20 19:04:48,415 [INFO] PinOutPanel:1589 - setPackage(No Configuration,No Configuration)
2025-11-20 19:04:48,549 [INFO] CADModel:165 - CPN selected for project level
2025-11-20 19:04:48,549 [INFO] CADModel:114 - Register for checkConnection events
2025-11-20 19:04:48,576 [INFO] IPUIPlugin:80 - create IPUIPlugin
2025-11-20 19:04:48,576 [INFO] PluginManager:220 - loadIPPluginJar : add adc
2025-11-20 19:04:48,580 [INFO] IPUIPlugin:80 - create IPUIPlugin
2025-11-20 19:04:48,580 [INFO] PluginManager:220 - loadIPPluginJar : add aes
2025-11-20 19:04:48,587 [INFO] IPUIPlugin:80 - create IPUIPlugin
2025-11-20 19:04:48,587 [INFO] PluginManager:220 - loadIPPluginJar : add can
2025-11-20 19:04:48,591 [INFO] IPUIPlugin:80 - create IPUIPlugin
2025-11-20 19:04:48,591 [INFO] PluginManager:220 - loadIPPluginJar : add comp
2025-11-20 19:04:48,594 [INFO] IPUIPlugin:80 - create IPUIPlugin
2025-11-20 19:04:48,595 [INFO] PluginManager:220 - loadIPPluginJar : add cryp
2025-11-20 19:04:48,599 [INFO] IPUIPlugin:80 - create IPUIPlugin
2025-11-20 19:04:48,599 [INFO] PluginManager:220 - loadIPPluginJar : add ddr_ctrl_phy
2025-11-20 19:04:48,604 [INFO] IPUIPlugin:80 - create IPUIPlugin
2025-11-20 19:04:48,604 [INFO] PluginManager:220 - loadIPPluginJar : add dfsdm
2025-11-20 19:04:48,612 [INFO] IPUIPlugin:80 - create IPUIPlugin
2025-11-20 19:04:48,613 [INFO] PluginManager:220 - loadIPPluginJar : add dma
2025-11-20 19:04:48,618 [INFO] IPUIPlugin:80 - create IPUIPlugin
2025-11-20 19:04:48,619 [INFO] PluginManager:220 - loadIPPluginJar : add dma3
2025-11-20 19:04:48,623 [INFO] IPUIPlugin:80 - create IPUIPlugin
2025-11-20 19:04:48,623 [INFO] PluginManager:220 - loadIPPluginJar : add extmemmanager
2025-11-20 19:04:48,626 [INFO] IPUIPlugin:80 - create IPUIPlugin
2025-11-20 19:04:48,626 [INFO] PluginManager:220 - loadIPPluginJar : add fatfs
2025-11-20 19:04:48,631 [INFO] IPUIPlugin:80 - create IPUIPlugin
2025-11-20 19:04:48,631 [INFO] PluginManager:220 - loadIPPluginJar : add fmc
2025-11-20 19:04:48,640 [INFO] IPUIPlugin:80 - create IPUIPlugin
2025-11-20 19:04:48,641 [INFO] PluginManager:220 - loadIPPluginJar : add freertos
2025-11-20 19:04:48,644 [INFO] IPUIPlugin:80 - create IPUIPlugin
2025-11-20 19:04:48,644 [INFO] PluginManager:220 - loadIPPluginJar : add genericplugin
2025-11-20 19:04:48,650 [INFO] IPUIPlugin:80 - create IPUIPlugin
2025-11-20 19:04:48,650 [INFO] PluginManager:220 - loadIPPluginJar : add gfxmmu
2025-11-20 19:04:48,657 [INFO] IPUIPlugin:80 - create IPUIPlugin
2025-11-20 19:04:48,658 [INFO] PluginManager:220 - loadIPPluginJar : add gic
2025-11-20 19:04:48,663 [INFO] IPUIPlugin:80 - create IPUIPlugin
2025-11-20 19:04:48,663 [INFO] PluginManager:220 - loadIPPluginJar : add gpio
2025-11-20 19:04:48,668 [INFO] IPUIPlugin:80 - create IPUIPlugin
2025-11-20 19:04:48,668 [INFO] PluginManager:220 - loadIPPluginJar : add gtzc
2025-11-20 19:04:48,671 [INFO] IPUIPlugin:80 - create IPUIPlugin
2025-11-20 19:04:48,673 [INFO] PluginManager:220 - loadIPPluginJar : add hash
2025-11-20 19:04:48,676 [INFO] IPUIPlugin:80 - create IPUIPlugin
2025-11-20 19:04:48,676 [INFO] PluginManager:220 - loadIPPluginJar : add i2c
2025-11-20 19:04:48,679 [INFO] IPUIPlugin:80 - create IPUIPlugin
2025-11-20 19:04:48,679 [INFO] PluginManager:220 - loadIPPluginJar : add i2s
2025-11-20 19:04:48,684 [INFO] IPUIPlugin:80 - create IPUIPlugin
2025-11-20 19:04:48,684 [INFO] PluginManager:220 - loadIPPluginJar : add i3c
2025-11-20 19:04:48,689 [INFO] IPUIPlugin:80 - create IPUIPlugin
2025-11-20 19:04:48,689 [INFO] PluginManager:220 - loadIPPluginJar : add ipddr
2025-11-20 19:04:48,694 [INFO] IPUIPlugin:80 - create IPUIPlugin
2025-11-20 19:04:48,695 [INFO] PluginManager:220 - loadIPPluginJar : add linkedlist
2025-11-20 19:04:48,699 [INFO] IPUIPlugin:80 - create IPUIPlugin
2025-11-20 19:04:48,699 [INFO] PluginManager:220 - loadIPPluginJar : add lorawan
2025-11-20 19:04:48,702 [INFO] IPUIPlugin:80 - create IPUIPlugin
2025-11-20 19:04:48,702 [INFO] PluginManager:220 - loadIPPluginJar : add ltdc
2025-11-20 19:04:48,707 [INFO] IPUIPlugin:80 - create IPUIPlugin
2025-11-20 19:04:48,707 [INFO] PluginManager:220 - loadIPPluginJar : add mdma
2025-11-20 19:04:48,711 [INFO] IPUIPlugin:80 - create IPUIPlugin
2025-11-20 19:04:48,711 [INFO] PluginManager:220 - loadIPPluginJar : add nvic
2025-11-20 19:04:48,716 [INFO] IPUIPlugin:80 - create IPUIPlugin
2025-11-20 19:04:48,716 [INFO] PluginManager:220 - loadIPPluginJar : add opamp
2025-11-20 19:04:48,722 [INFO] IPUIPlugin:80 - create IPUIPlugin
2025-11-20 19:04:48,722 [INFO] PluginManager:220 - loadIPPluginJar : add openamp
2025-11-20 19:04:48,727 [INFO] IPUIPlugin:80 - create IPUIPlugin
2025-11-20 19:04:48,727 [INFO] PluginManager:220 - loadIPPluginJar : add pdm2pcm
2025-11-20 19:04:48,734 [INFO] IPUIPlugin:80 - create IPUIPlugin
2025-11-20 19:04:48,739 [INFO] PluginManager:220 - loadIPPluginJar : add plateformsettings
2025-11-20 19:04:48,742 [INFO] IPUIPlugin:80 - create IPUIPlugin
2025-11-20 19:04:48,742 [INFO] PluginManager:220 - loadIPPluginJar : add quadspi
2025-11-20 19:04:48,744 [INFO] IPUIPlugin:80 - create IPUIPlugin
2025-11-20 19:04:48,744 [INFO] PluginManager:220 - loadIPPluginJar : add radio
2025-11-20 19:04:48,749 [INFO] IPUIPlugin:80 - create IPUIPlugin
2025-11-20 19:04:48,749 [INFO] PluginManager:220 - loadIPPluginJar : add resmgrutility
2025-11-20 19:04:48,753 [INFO] IPUIPlugin:80 - create IPUIPlugin
2025-11-20 19:04:48,753 [INFO] PluginManager:220 - loadIPPluginJar : add sai
2025-11-20 19:04:48,756 [INFO] IPUIPlugin:80 - create IPUIPlugin
2025-11-20 19:04:48,756 [INFO] PluginManager:220 - loadIPPluginJar : add spi
2025-11-20 19:04:48,761 [INFO] IPUIPlugin:80 - create IPUIPlugin
2025-11-20 19:04:48,761 [INFO] PluginManager:220 - loadIPPluginJar : add stm32_wpan
2025-11-20 19:04:48,764 [INFO] IPUIPlugin:80 - create IPUIPlugin
2025-11-20 19:04:48,764 [INFO] PluginManager:220 - loadIPPluginJar : add tim
2025-11-20 19:04:48,767 [INFO] IPUIPlugin:80 - create IPUIPlugin
2025-11-20 19:04:48,768 [INFO] PluginManager:220 - loadIPPluginJar : add touchsensing
2025-11-20 19:04:48,770 [INFO] IPUIPlugin:80 - create IPUIPlugin
2025-11-20 19:04:48,770 [INFO] PluginManager:220 - loadIPPluginJar : add tracer_emb
2025-11-20 19:04:48,773 [INFO] IPUIPlugin:80 - create IPUIPlugin
2025-11-20 19:04:48,773 [INFO] PluginManager:220 - loadIPPluginJar : add ts
2025-11-20 19:04:48,775 [INFO] IPUIPlugin:80 - create IPUIPlugin
2025-11-20 19:04:48,775 [INFO] PluginManager:220 - loadIPPluginJar : add tsc
2025-11-20 19:04:48,777 [INFO] IPUIPlugin:80 - create IPUIPlugin
2025-11-20 19:04:48,777 [INFO] PluginManager:220 - loadIPPluginJar : add ucpd
2025-11-20 19:04:48,780 [INFO] IPUIPlugin:80 - create IPUIPlugin
2025-11-20 19:04:48,781 [INFO] PluginManager:220 - loadIPPluginJar : add usart
2025-11-20 19:04:48,785 [INFO] IPUIPlugin:80 - create IPUIPlugin
2025-11-20 19:04:48,785 [INFO] PluginManager:220 - loadIPPluginJar : add usbx
2025-11-20 19:04:48,948 [FATAL] Updater:351 - Updater called before beeing initialized
2025-11-20 19:04:48,991 [INFO] RulesReader:64 - Compatibility file has been processed (317 Rules)
2025-11-20 19:04:49,006 [INFO] RulesReader:64 - Compatibility file has been processed (317 Rules)
2025-11-20 19:04:49,013 [INFO] CADModel:165 - CPN selected for project level
2025-11-20 19:04:49,013 [INFO] CADModel:114 - Register for checkConnection events
2025-11-20 19:04:49,013 [FATAL] Updater:351 - Updater called before beeing initialized
2025-11-20 19:04:49,013 [ERROR] CADModel:125 - Updater not yet initialized, retry later 
2025-11-20 19:04:49,178 [FATAL] Updater:351 - Updater called before beeing initialized
2025-11-20 19:04:49,180 [INFO] CADModel:165 - CPN selected for project level
2025-11-20 19:04:49,180 [INFO] CADModel:114 - Register for checkConnection events
2025-11-20 19:04:49,180 [FATAL] Updater:351 - Updater called before beeing initialized
2025-11-20 19:04:49,180 [ERROR] CADModel:125 - Updater not yet initialized, retry later 
2025-11-20 19:04:49,183 [FATAL] Updater:351 - Updater called before beeing initialized
2025-11-20 19:04:49,341 [FATAL] Updater:351 - Updater called before beeing initialized
2025-11-20 19:04:49,345 [INFO] DbMcusAds:53 - JSON generation date=Mon Nov 10 16:13:01 IST 2025 (1762771381118)
2025-11-20 19:04:49,345 [FATAL] Updater:351 - Updater called before beeing initialized
2025-11-20 19:04:49,403 [WARN] DetailPanel:346 - Failed to get advertising image, set to default
2025-11-20 19:04:49,511 [FATAL] Updater:351 - Updater called before beeing initialized
2025-11-20 19:04:49,512 [FATAL] Updater:351 - Updater called before beeing initialized
2025-11-20 19:04:49,512 [FATAL] Updater:351 - Updater called before beeing initialized
2025-11-20 19:04:49,512 [WARN] DetailPanel:346 - Failed to get advertising image, set to default
2025-11-20 19:04:49,513 [FATAL] Updater:351 - Updater called before beeing initialized
2025-11-20 19:04:49,567 [ERROR] Updater:1198 - MainUpdater not yet initialized. External WinMGr cannot be set.
2025-11-20 19:04:49,570 [INFO] Updater:1134 - Updater Version found : 6.15.0
2025-11-20 19:04:49,584 [INFO] ApplicationProperties:184 - Using Application install path: C:\ST\STM32CubeIDE_1.19.0\STM32CubeIDE\plugins\com.st.stm32cube.common.mx_6.15.0.202507011659
2025-11-20 19:04:50,677 [INFO] ThirdPartyUpdaterWithRetryManager:70 - Updater plugin not ready yet. [2/15]
2025-11-20 19:04:51,859 [ERROR] ConfigurationRetriever:142 - IOException on connection: Connect timed out
2025-11-20 19:04:53,677 [FATAL] Updater:351 - Updater called before beeing initialized
2025-11-20 19:04:53,677 [ERROR] IntegrityCheckThread:130 - Cannot retrieve database content from updater: error 21
2025-11-20 19:04:53,678 [INFO] ThirdParty:978 - Integrity check success = false
2025-11-20 19:04:53,678 [INFO] IntegrityCheckThread:100 - exiting critical section [integrity check]
2025-11-20 19:04:53,678 [INFO] IntegrityCheckThread:103 - End integrity checks thread
2025-11-20 19:04:53,864 [WARN] CheckConnectionManager:291 - Warning during Server Connection :  timeout Connect to sw-center.st.com:443 [sw-center.st.com/14.98.16.11, sw-center.st.com/14.98.16.10] failed: Connect timed out
2025-11-20 19:04:56,860 [ERROR] ConfigurationRetriever:142 - IOException on connection: Connect timed out
2025-11-20 19:04:57,232 [INFO] MainUpdater:2872 - connection check result : 10
2025-11-20 19:04:57,234 [INFO] MainUpdater:289 - Updater Check For Update Now.
2025-11-20 19:04:57,234 [INFO] MicroXplorer:498 - Change Database Version : DB.6.0.150
2025-11-20 19:04:57,246 [INFO] McuFinderGlobals:63 - Set McuFinder mode to 2 (CubeIDE integrated)
2025-11-20 19:04:57,247 [INFO] UserAuth:171 - activating auth plugin
2025-11-20 19:04:57,252 [INFO] UserAuth:487 - Internet connection configuration mode: 1
2025-11-20 19:04:57,293 [INFO] JxBrowserEngine:152 - Initiate JxBrowser Engine with user profile folder
2025-11-20 19:04:57,447 [INFO] CheckServerUpdateThread:120 - End of CheckServer Thread
2025-11-20 19:04:59,853 [INFO] WebApp:169 - Instantiating new browser for Auth
2025-11-20 19:05:01,444 [INFO] WebApp:463 - Apply proxy settings
2025-11-20 19:05:01,445 [INFO] WebApp:548 - Chromium requires no authentication
2025-11-20 19:05:01,497 [INFO] WebApp:491 - Direct internet connection detected
2025-11-20 19:05:01,573 [INFO] WebApp:900 - Register for checkConnection events
2025-11-20 19:05:01,573 [INFO] WebApp:463 - Apply proxy settings
2025-11-20 19:05:01,573 [INFO] WebApp:548 - Chromium requires no authentication
2025-11-20 19:05:01,573 [INFO] WebApp:491 - Direct internet connection detected
2025-11-20 19:05:01,936 [INFO] WebApp:225 - Starting web application
2025-11-20 19:05:01,936 [INFO] WebApp:593 - Web application path used C:\ST\STM32CubeIDE_1.19.0\STM32CubeIDE\plugins\com.st.stm32cube.common.mx_6.15.0.202507011659\db\plugins\mcufinder\reactClient1\index.html
2025-11-20 19:05:02,409 [INFO] WebApp:191 - Connection restablished
2025-11-20 19:24:30,095 [INFO] WebApp:194 - Connection lost
2025-11-20 19:24:44,702 [INFO] WebApp:191 - Connection restablished
2025-11-20 19:53:22,234 [INFO] WebApp:194 - Connection lost
2025-11-20 19:53:30,395 [INFO] WebApp:191 - Connection restablished
2025-11-20 19:56:13,552 [INFO] WebApp:194 - Connection lost
2025-11-20 19:56:14,151 [INFO] WebApp:191 - Connection restablished
2025-11-20 19:58:01,027 [INFO] WebApp:194 - Connection lost
2025-11-20 19:58:01,295 [INFO] WebApp:191 - Connection restablished
2025-11-20 20:14:50,198 [ERROR] LogOutputStream:75 - [STDERR_REDIRECT] 
