Archive member included to satisfy reference by file (symbol)

D:/STM32CubeIDE_1.19.0/STM32CubeIDE/plugins/com.st.stm32cube.ide.mcu.externaltools.gnu-tools-for-stm32.13.3.rel1.win32_1.0.0.202411081344/tools/bin/../lib/gcc/arm-none-eabi/13.3.1/../../../../arm-none-eabi/lib/thumb/v7e-m+fp/hard\libc_nano.a(libc_a-exit.o)
                              D:/STM32CubeIDE_1.19.0/STM32CubeIDE/plugins/com.st.stm32cube.ide.mcu.externaltools.gnu-tools-for-stm32.13.3.rel1.win32_1.0.0.202411081344/tools/bin/../lib/gcc/arm-none-eabi/13.3.1/../../../../arm-none-eabi/lib/thumb/v7e-m+fp/hard/crt0.o (exit)
D:/STM32CubeIDE_1.19.0/STM32CubeIDE/plugins/com.st.stm32cube.ide.mcu.externaltools.gnu-tools-for-stm32.13.3.rel1.win32_1.0.0.202411081344/tools/bin/../lib/gcc/arm-none-eabi/13.3.1/../../../../arm-none-eabi/lib/thumb/v7e-m+fp/hard\libc_nano.a(libc_a-findfp.o)
                              D:/STM32CubeIDE_1.19.0/STM32CubeIDE/plugins/com.st.stm32cube.ide.mcu.externaltools.gnu-tools-for-stm32.13.3.rel1.win32_1.0.0.202411081344/tools/bin/../lib/gcc/arm-none-eabi/13.3.1/../../../../arm-none-eabi/lib/thumb/v7e-m+fp/hard\libc_nano.a(libc_a-exit.o) (__stdio_exit_handler)
D:/STM32CubeIDE_1.19.0/STM32CubeIDE/plugins/com.st.stm32cube.ide.mcu.externaltools.gnu-tools-for-stm32.13.3.rel1.win32_1.0.0.202411081344/tools/bin/../lib/gcc/arm-none-eabi/13.3.1/../../../../arm-none-eabi/lib/thumb/v7e-m+fp/hard\libc_nano.a(libc_a-fwalk.o)
                              D:/STM32CubeIDE_1.19.0/STM32CubeIDE/plugins/com.st.stm32cube.ide.mcu.externaltools.gnu-tools-for-stm32.13.3.rel1.win32_1.0.0.202411081344/tools/bin/../lib/gcc/arm-none-eabi/13.3.1/../../../../arm-none-eabi/lib/thumb/v7e-m+fp/hard\libc_nano.a(libc_a-findfp.o) (_fwalk_sglue)
D:/STM32CubeIDE_1.19.0/STM32CubeIDE/plugins/com.st.stm32cube.ide.mcu.externaltools.gnu-tools-for-stm32.13.3.rel1.win32_1.0.0.202411081344/tools/bin/../lib/gcc/arm-none-eabi/13.3.1/../../../../arm-none-eabi/lib/thumb/v7e-m+fp/hard\libc_nano.a(libc_a-stdio.o)
                              D:/STM32CubeIDE_1.19.0/STM32CubeIDE/plugins/com.st.stm32cube.ide.mcu.externaltools.gnu-tools-for-stm32.13.3.rel1.win32_1.0.0.202411081344/tools/bin/../lib/gcc/arm-none-eabi/13.3.1/../../../../arm-none-eabi/lib/thumb/v7e-m+fp/hard\libc_nano.a(libc_a-findfp.o) (__sread)
D:/STM32CubeIDE_1.19.0/STM32CubeIDE/plugins/com.st.stm32cube.ide.mcu.externaltools.gnu-tools-for-stm32.13.3.rel1.win32_1.0.0.202411081344/tools/bin/../lib/gcc/arm-none-eabi/13.3.1/../../../../arm-none-eabi/lib/thumb/v7e-m+fp/hard\libc_nano.a(libc_a-memset.o)
                              D:/STM32CubeIDE_1.19.0/STM32CubeIDE/plugins/com.st.stm32cube.ide.mcu.externaltools.gnu-tools-for-stm32.13.3.rel1.win32_1.0.0.202411081344/tools/bin/../lib/gcc/arm-none-eabi/13.3.1/../../../../arm-none-eabi/lib/thumb/v7e-m+fp/hard/crt0.o (memset)
D:/STM32CubeIDE_1.19.0/STM32CubeIDE/plugins/com.st.stm32cube.ide.mcu.externaltools.gnu-tools-for-stm32.13.3.rel1.win32_1.0.0.202411081344/tools/bin/../lib/gcc/arm-none-eabi/13.3.1/../../../../arm-none-eabi/lib/thumb/v7e-m+fp/hard\libc_nano.a(libc_a-closer.o)
                              D:/STM32CubeIDE_1.19.0/STM32CubeIDE/plugins/com.st.stm32cube.ide.mcu.externaltools.gnu-tools-for-stm32.13.3.rel1.win32_1.0.0.202411081344/tools/bin/../lib/gcc/arm-none-eabi/13.3.1/../../../../arm-none-eabi/lib/thumb/v7e-m+fp/hard\libc_nano.a(libc_a-stdio.o) (_close_r)
D:/STM32CubeIDE_1.19.0/STM32CubeIDE/plugins/com.st.stm32cube.ide.mcu.externaltools.gnu-tools-for-stm32.13.3.rel1.win32_1.0.0.202411081344/tools/bin/../lib/gcc/arm-none-eabi/13.3.1/../../../../arm-none-eabi/lib/thumb/v7e-m+fp/hard\libc_nano.a(libc_a-reent.o)
                              D:/STM32CubeIDE_1.19.0/STM32CubeIDE/plugins/com.st.stm32cube.ide.mcu.externaltools.gnu-tools-for-stm32.13.3.rel1.win32_1.0.0.202411081344/tools/bin/../lib/gcc/arm-none-eabi/13.3.1/../../../../arm-none-eabi/lib/thumb/v7e-m+fp/hard\libc_nano.a(libc_a-closer.o) (errno)
D:/STM32CubeIDE_1.19.0/STM32CubeIDE/plugins/com.st.stm32cube.ide.mcu.externaltools.gnu-tools-for-stm32.13.3.rel1.win32_1.0.0.202411081344/tools/bin/../lib/gcc/arm-none-eabi/13.3.1/../../../../arm-none-eabi/lib/thumb/v7e-m+fp/hard\libc_nano.a(libc_a-impure.o)
                              D:/STM32CubeIDE_1.19.0/STM32CubeIDE/plugins/com.st.stm32cube.ide.mcu.externaltools.gnu-tools-for-stm32.13.3.rel1.win32_1.0.0.202411081344/tools/bin/../lib/gcc/arm-none-eabi/13.3.1/../../../../arm-none-eabi/lib/thumb/v7e-m+fp/hard\libc_nano.a(libc_a-reent.o) (_impure_ptr)
D:/STM32CubeIDE_1.19.0/STM32CubeIDE/plugins/com.st.stm32cube.ide.mcu.externaltools.gnu-tools-for-stm32.13.3.rel1.win32_1.0.0.202411081344/tools/bin/../lib/gcc/arm-none-eabi/13.3.1/../../../../arm-none-eabi/lib/thumb/v7e-m+fp/hard\libc_nano.a(libc_a-lseekr.o)
[...]
Memory Configuration

Name             Origin             Length             Attributes
RAM              0x20000000         0x00018000         xrw
RAM2             0x10000000         0x00008000         xrw
FLASH            0x08000000         0x00100000         xr
*default*        0x00000000         0xffffffff

Linker script and memory map

LOAD D:/STM32CubeIDE_1.19.0/STM32CubeIDE/plugins/com.st.stm32cube.ide.mcu.externaltools.gnu-tools-for-stm32.13.3.rel1.win32_1.0.0.202411081344/tools/bin/../lib/gcc/arm-none-eabi/13.3.1/thumb/v7e-m+fp/hard/crti.o
LOAD D:/STM32CubeIDE_1.19.0/STM32CubeIDE/plugins/com.st.stm32cube.ide.mcu.externaltools.gnu-tools-for-stm32.13.3.rel1.win32_1.0.0.202411081344/tools/bin/../lib/gcc/arm-none-eabi/13.3.1/thumb/v7e-m+fp/hard/crtbegin.o
LOAD D:/STM32CubeIDE_1.19.0/STM32CubeIDE/plugins/com.st.stm32cube.ide.mcu.externaltools.gnu-tools-for-stm32.13.3.rel1.win32_1.0.0.202411081344/tools/bin/../lib/gcc/arm-none-eabi/13.3.1/../../../../arm-none-eabi/lib/thumb/v7e-m+fp/hard/crt0.o
LOAD ./Core/Src/main.o
LOAD ./Core/Src/stm32l4xx_hal_msp.o
LOAD ./Core/Src/stm32l4xx_it.o
LOAD ./Core/Src/syscalls.o
LOAD ./Core/Src/sysmem.o
LOAD ./Core/Src/system_stm32l4xx.o
LOAD ./Core/Startup/startup_stm32l476rgtx.o
LOAD ./Drivers/STM32L4xx_HAL_Driver/Src/stm32l4xx_hal.o
LOAD ./Drivers/STM32L4xx_HAL_Driver/Src/stm32l4xx_hal_cortex.o
LOAD ./Drivers/STM32L4xx_HAL_Driver/Src/stm32l4xx_hal_dma.o
LOAD ./Drivers/STM32L4xx_HAL_Driver/Src/stm32l4xx_hal_dma_ex.o
LOAD ./Drivers/STM32L4xx_HAL_Driver/Src/stm32l4xx_hal_exti.o
LOAD ./Drivers/STM32L4xx_HAL_Driver/Src/stm32l4xx_hal_flash.o
LOAD ./Drivers/STM32L4xx_HAL_Driver/Src/stm32l4xx_hal_flash_ex.o
LOAD ./Drivers/STM32L4xx_HAL_Driver/Src/stm32l4xx_hal_flash_ramfunc.o
LOAD ./Drivers/STM32L4xx_HAL_Driver/Src/stm32l4xx_hal_gpio.o
LOAD ./Drivers/STM32L4xx_HAL_Driver/Src/stm32l4xx_hal_i2c.o
LOAD ./Drivers/STM32L4xx_HAL_Driver/Src/stm32l4xx_hal_i2c_ex.o
LOAD ./Drivers/STM32L4xx_HAL_Driver/Src/stm32l4xx_hal_pwr.o
LOAD ./Drivers/STM32L4xx_HAL_Driver/Src/stm32l4xx_hal_pwr_ex.o
LOAD ./Drivers/STM32L4xx_HAL_Driver/Src/stm32l4xx_hal_rcc.o
LOAD ./Drivers/STM32L4xx_HAL_Driver/Src/stm32l4xx_hal_rcc_ex.o
LOAD ./Drivers/STM32L4xx_HAL_Driver/Src/stm32l4xx_hal_spi.o
LOAD ./Drivers/STM32L4xx_HAL_Driver/Src/stm32l4xx_hal_spi_ex.o
LOAD ./Drivers/STM32L4xx_HAL_Driver/Src/stm32l4xx_hal_uart.o
LOAD ./Drivers/STM32L4xx_HAL_Driver/Src/stm32l4xx_hal_uart_ex.o
START GROUP
LOAD D:/STM32CubeIDE_1.19.0/STM32CubeIDE/plugins/com.st.stm32cube.ide.mcu.externaltools.gnu-tools-for-stm32.13.3.rel1.win32_1.0.0.202411081344/tools/bin/../lib/gcc/arm-none-eabi/13.3.1/../../../../arm-none-eabi/lib/thumb/v7e-m+fp/hard\libc_nano.a
LOAD D:/STM32CubeIDE_1.19.0/STM32CubeIDE/plugins/com.st.stm32cube.ide.mcu.externaltools.gnu-tools-for-stm32.13.3.rel1.win32_1.0.0.202411081344/tools/bin/../lib/gcc/arm-none-eabi/13.3.1/../../../../arm-none-eabi/lib/thumb/v7e-m+fp/hard\libm.a
END GROUP
START GROUP
LOAD D:/STM32CubeIDE_1.19.0/STM32CubeIDE/plugins/com.st.stm32cube.ide.mcu.externaltools.gnu-tools-for-stm32.13.3.rel1.win32_1.0.0.202411081344/tools/bin/../lib/gcc/arm-none-eabi/13.3.1/thumb/v7e-m+fp/hard\libgcc.a
LOAD D:/STM32CubeIDE_1.19.0/STM32CubeIDE/plugins/com.st.stm32cube.ide.mcu.externaltools.gnu-tools-for-stm32.13.3.rel1.win32_1.0.0.202411081344/tools/bin/../lib/gcc/arm-none-eabi/13.3.1/../../../../arm-none-eabi/lib/thumb/v7e-m+fp/hard\libc_nano.a
END GROUP
START GROUP
LOAD D:/STM32CubeIDE_1.19.0/STM32CubeIDE/plugins/com.st.stm32cube.ide.mcu.externaltools.gnu-tools-for-stm32.13.3.rel1.win32_1.0.0.202411081344/tools/bin/../lib/gcc/arm-none-eabi/13.3.1/thumb/v7e-m+fp/hard\libgcc.a
LOAD D:/STM32CubeIDE_1.19.0/STM32CubeIDE/plugins/com.st.stm32cube.ide.mcu.externaltools.gnu-tools-for-stm32.13.3.rel1.win32_1.0.0.202411081344/tools/bin/../lib/gcc/arm-none-eabi/13.3.1/../../../../arm-none-eabi/lib/thumb/v7e-m+fp/hard\libc_nano.a
LOAD D:/STM32CubeIDE_1.19.0/STM32CubeIDE/plugins/com.st.stm32cube.ide.mcu.externaltools.gnu-tools-for-stm32.13.3.rel1.win32_1.0.0.202411081344/tools/bin/../lib/gcc/arm-none-eabi/13.3.1/../../../../arm-none-eabi/lib/thumb/v7e-m+fp/hard\libnosys.a
END GROUP
START GROUP
LOAD D:/STM32CubeIDE_1.19.0/STM32CubeIDE/plugins/com.st.stm32cube.ide.mcu.externaltools.gnu-tools-for-stm32.13.3.rel1.win32_1.0.0.202411081344/tools/bin/../lib/gcc/arm-none-eabi/13.3.1/thumb/v7e-m+fp/hard\libgcc.a
LOAD D:/STM32CubeIDE_1.19.0/STM32CubeIDE/plugins/com.st.stm32cube.ide.mcu.externaltools.gnu-tools-for-stm32.13.3.rel1.win32_1.0.0.202411081344/tools/bin/../lib/gcc/arm-none-eabi/13.3.1/../../../../arm-none-eabi/lib/thumb/v7e-m+fp/hard\libc_nano.a
LOAD D:/STM32CubeIDE_1.19.0/STM32CubeIDE/plugins/com.st.stm32cube.ide.mcu.externaltools.gnu-tools-for-stm32.13.3.rel1.win32_1.0.0.202411081344/tools/bin/../lib/gcc/arm-none-eabi/13.3.1/../../../../arm-none-eabi/lib/thumb/v7e-m+fp/hard\libnosys.a
END GROUP
LOAD D:/STM32CubeIDE_1.19.0/STM32CubeIDE/plugins/com.st.stm32cube.ide.mcu.externaltools.gnu-tools-for-stm32.13.3.rel1.win32_1.0.0.202411081344/tools/bin/../lib/gcc/arm-none-eabi/13.3.1/thumb/v7e-m+fp/hard/crtend.o
LOAD D:/STM32CubeIDE_1.19.0/STM32CubeIDE/plugins/com.st.stm32cube.ide.mcu.externaltools.gnu-tools-for-stm32.13.3.rel1.win32_1.0.0.202411081344/tools/bin/../lib/gcc/arm-none-eabi/13.3.1/thumb/v7e-m+fp/hard/crtn.o
                0x20018000                        _estack = (ORIGIN (RAM) + LENGTH (RAM))
                0x00000200                        _Min_Heap_Size = 0x200
                0x00000400                        _Min_Stack_Size = 0x400

.isr_vector     0x08000000      0x188
                0x08000000                        . = ALIGN (0x4)
 *(.isr_vector)
 .isr_vector    0x08000000      0x188 ./Core/Startup/startup_stm32l476rgtx.o
                0x08000000                g_pfnVectors
                0x08000188                        . = ALIGN (0x4)

.text           0x08000188     0x2b28
                0x08000188                        . = ALIGN (0x4)
 *(.text)
 .text          0x08000188       0x40 D:/STM32CubeIDE_1.19.0/STM32CubeIDE/plugins/com.st.stm32cube.ide.mcu.externaltools.gnu-tools-for-stm32.13.3.rel1.win32_1.0.0.202411081344/tools/bin/../lib/gcc/arm-none-eabi/13.3.1/thumb/v7e-m+fp/hard/crtbegin.o
 *(.text*)
 .text.main     0x080001c8       0x84 ./Core/Src/main.o
                0x080001c8                main
 .text.MX_SPI2_Init
                0x0800024c       0xa8 ./Core/Src/main.o
 .text.MX_GPIO_Init
                0x080002f4       0x98 ./Core/Src/main.o
 .text.SystemClock_Config
                0x0800038c       0xb4 ./Core/Src/main.o
                0x0800038c                SystemClock_Config
 .text.HAL_SPI_TxRxCpltCallback
                0x08000440       0x2c ./Core/Src/main.o
                0x08000440                HAL_SPI_TxRxCpltCallback
 .text.HAL_SPI_ErrorCallback
                0x0800046c       0x24 ./Core/Src/main.o
                0x0800046c                HAL_SPI_ErrorCallback
 .text.Error_Handler
                0x08000490       0x1a ./Core/Src/main.o
                0x08000490                Error_Handler
 *fill*         0x080004aa        0x2 
 .text.HAL_MspInit
                0x080004ac       0x48 ./Core/Src/stm32l4xx_hal_msp.o
                0x080004ac                HAL_MspInit
 .text.HAL_SPI_MspInit
                0x080004f4       0xd4 ./Core/Src/stm32l4xx_hal_msp.o
                0x080004f4                HAL_SPI_MspInit
 .text.NMI_Handler
                0x080005c8        0x8 ./Core/Src/stm32l4xx_it.o
                0x080005c8                NMI_Handler
 .text.HardFault_Handler
                0x080005d0        0x8 ./Core/Src/stm32l4xx_it.o
                0x080005d0                HardFault_Handler
 .text.MemManage_Handler
                0x080005d8        0x8 ./Core/Src/stm32l4xx_it.o
                0x080005d8                MemManage_Handler
 .text.BusFault_Handler
                0x080005e0        0x8 ./Core/Src/stm32l4xx_it.o
                0x080005e0                BusFault_Handler
 .text.UsageFault_Handler
                0x080005e8        0x8 ./Core/Src/stm32l4xx_it.o
                0x080005e8                UsageFault_Handler
 .text.SVC_Handler
                0x080005f0        0xe ./Core/Src/stm32l4xx_it.o
                0x080005f0                SVC_Handler
 .text.DebugMon_Handler
                0x080005fe        0xe ./Core/Src/stm32l4xx_it.o
                0x080005fe                DebugMon_Handler
 .text.PendSV_Handler
                0x0800060c        0xe ./Core/Src/stm32l4xx_it.o
                0x0800060c                PendSV_Handler
 .text.SysTick_Handler
                0x0800061a        0xc ./Core/Src/stm32l4xx_it.o
                0x0800061a                SysTick_Handler
 *fill*         0x08000626        0x2 
 .text.SPI2_IRQHandler
                0x08000628       0x14 ./Core/Src/stm32l4xx_it.o
                0x08000628                SPI2_IRQHandler
 .text.USART2_IRQHandler
                0x0800063c       0x14 ./Core/Src/stm32l4xx_it.o
                0x0800063c                USART2_IRQHandler
 .text.SystemInit
                0x08000650       0x24 ./Core/Src/system_stm32l4xx.o
                0x08000650                SystemInit
 .text.Reset_Handler
                0x08000674       0x50 ./Core/Startup/startup_stm32l476rgtx.o
                0x08000674                Reset_Handler
 .text.Default_Handler
                0x080006c4        0x2 ./Core/Startup/startup_stm32l476rgtx.o
                0x080006c4                RTC_Alarm_IRQHandler
                0x080006c4                EXTI2_IRQHandler
                0x080006c4                TIM8_TRG_COM_IRQHandler
                0x080006c4                TIM8_CC_IRQHandler
                0x080006c4                TIM1_CC_IRQHandler
                0x080006c4                TSC_IRQHandler
                0x080006c4                TAMP_STAMP_IRQHandler
                0x080006c4                EXTI3_IRQHandler
                0x080006c4                LPTIM2_IRQHandler
                0x080006c4                DFSDM1_FLT1_IRQHandler
                0x080006c4                I2C3_ER_IRQHandler
                0x080006c4                DFSDM1_FLT2_IRQHandler
                0x080006c4                EXTI0_IRQHandler
                0x080006c4                I2C2_EV_IRQHandler
                0x080006c4                CAN1_RX0_IRQHandler
                0x080006c4                FPU_IRQHandler
                0x080006c4                TIM1_UP_TIM16_IRQHandler
                0x080006c4                ADC1_2_IRQHandler
                0x080006c4                SPI1_IRQHandler
                0x080006c4                TIM6_DAC_IRQHandler
                0x080006c4                TIM8_UP_IRQHandler
                0x080006c4                DMA2_Channel2_IRQHandler
                0x080006c4                DMA1_Channel4_IRQHandler
                0x080006c4                SAI2_IRQHandler
                0x080006c4                DFSDM1_FLT3_IRQHandler
                0x080006c4                USART3_IRQHandler
                0x080006c4                DMA1_Channel7_IRQHandler
                0x080006c4                CAN1_RX1_IRQHandler
                0x080006c4                LCD_IRQHandler
                0x080006c4                UART5_IRQHandler
                0x080006c4                ADC3_IRQHandler
                0x080006c4                TIM4_IRQHandler
                0x080006c4                DMA2_Channel1_IRQHandler
                0x080006c4                QUADSPI_IRQHandler
                0x080006c4                I2C1_EV_IRQHandler
                0x080006c4                DMA1_Channel6_IRQHandler
                0x080006c4                UART4_IRQHandler
                0x080006c4                DMA2_Channel4_IRQHandler
                0x080006c4                TIM3_IRQHandler
                0x080006c4                RCC_IRQHandler
                0x080006c4                DMA1_Channel1_IRQHandler
                0x080006c4                Default_Handler
                0x080006c4                DMA2_Channel7_IRQHandler
                0x080006c4                EXTI15_10_IRQHandler
                0x080006c4                TIM7_IRQHandler
                0x080006c4                SDMMC1_IRQHandler
                0x080006c4                TIM5_IRQHandler
                0x080006c4                I2C3_EV_IRQHandler
                0x080006c4                EXTI9_5_IRQHandler
                0x080006c4                RTC_WKUP_IRQHandler
                0x080006c4                PVD_PVM_IRQHandler
                0x080006c4                CAN1_TX_IRQHandler
                0x080006c4                DMA2_Channel5_IRQHandler
                0x080006c4                DMA1_Channel5_IRQHandler
                0x080006c4                EXTI4_IRQHandler
                0x080006c4                RNG_IRQHandler
                0x080006c4                TIM1_TRG_COM_TIM17_IRQHandler
                0x080006c4                DMA1_Channel3_IRQHandler
                0x080006c4                COMP_IRQHandler
                0x080006c4                WWDG_IRQHandler
                0x080006c4                LPUART1_IRQHandler
                0x080006c4                DMA2_Channel6_IRQHandler
                0x080006c4                TIM2_IRQHandler
                0x080006c4                EXTI1_IRQHandler
                0x080006c4                DFSDM1_FLT0_IRQHandler
                0x080006c4                I2C2_ER_IRQHandler
                0x080006c4                DMA1_Channel2_IRQHandler
                0x080006c4                TIM8_BRK_IRQHandler
                0x080006c4                CAN1_SCE_IRQHandler
                0x080006c4                FLASH_IRQHandler
                0x080006c4                USART1_IRQHandler
                0x080006c4                OTG_FS_IRQHandler
                0x080006c4                SPI3_IRQHandler
                0x080006c4                I2C1_ER_IRQHandler
                0x080006c4                FMC_IRQHandler
                0x080006c4                SWPMI1_IRQHandler
                0x080006c4                LPTIM1_IRQHandler
                0x080006c4                SAI1_IRQHandler
                0x080006c4                DMA2_Channel3_IRQHandler
                0x080006c4                TIM1_BRK_TIM15_IRQHandler
 *fill*         0x080006c6        0x2 
 .text.HAL_Init
                0x080006c8       0x40 ./Drivers/STM32L4xx_HAL_Driver/Src/stm32l4xx_hal.o
                0x080006c8                HAL_Init
 .text.HAL_InitTick
                0x08000708       0x78 ./Drivers/STM32L4xx_HAL_Driver/Src/stm32l4xx_hal.o
                0x08000708                HAL_InitTick
 .text.HAL_IncTick
                0x08000780       0x28 ./Drivers/STM32L4xx_HAL_Driver/Src/stm32l4xx_hal.o
                0x08000780                HAL_IncTick
 .text.HAL_GetTick
                0x080007a8       0x18 ./Drivers/STM32L4xx_HAL_Driver/Src/stm32l4xx_hal.o
                0x080007a8                HAL_GetTick
 .text.HAL_Delay
                0x080007c0       0x48 ./Drivers/STM32L4xx_HAL_Driver/Src/stm32l4xx_hal.o
                0x080007c0                HAL_Delay
 .text.__NVIC_SetPriorityGrouping
                0x08000808       0x48 ./Drivers/STM32L4xx_HAL_Driver/Src/stm32l4xx_hal_cortex.o
 .text.__NVIC_GetPriorityGrouping
                0x08000850       0x1c ./Drivers/STM32L4xx_HAL_Driver/Src/stm32l4xx_hal_cortex.o
 .text.__NVIC_EnableIRQ
                0x0800086c       0x3c ./Drivers/STM32L4xx_HAL_Driver/Src/stm32l4xx_hal_cortex.o
 .text.__NVIC_SetPriority
                0x080008a8       0x54 ./Drivers/STM32L4xx_HAL_Driver/Src/stm32l4xx_hal_cortex.o
 .text.NVIC_EncodePriority
                0x080008fc       0x66 ./Drivers/STM32L4xx_HAL_Driver/Src/stm32l4xx_hal_cortex.o
 *fill*         0x08000962        0x2 
 .text.SysTick_Config
                0x08000964       0x44 ./Drivers/STM32L4xx_HAL_Driver/Src/stm32l4xx_hal_cortex.o
 .text.HAL_NVIC_SetPriorityGrouping
                0x080009a8       0x16 ./Drivers/STM32L4xx_HAL_Driver/Src/stm32l4xx_hal_cortex.o
                0x080009a8                HAL_NVIC_SetPriorityGrouping
 .text.HAL_NVIC_SetPriority
                0x080009be       0x38 ./Drivers/STM32L4xx_HAL_Driver/Src/stm32l4xx_hal_cortex.o
                0x080009be                HAL_NVIC_SetPriority
 .text.HAL_NVIC_EnableIRQ
                0x080009f6       0x1c ./Drivers/STM32L4xx_HAL_Driver/Src/stm32l4xx_hal_cortex.o
                0x080009f6                HAL_NVIC_EnableIRQ
 .text.HAL_SYSTICK_Config
                0x08000a12       0x18 ./Drivers/STM32L4xx_HAL_Driver/Src/stm32l4xx_hal_cortex.o
                0x08000a12                HAL_SYSTICK_Config
 .text.HAL_DMA_Abort
                0x08000a2a       0x7c ./Drivers/STM32L4xx_HAL_Driver/Src/stm32l4xx_hal_dma.o
                0x08000a2a                HAL_DMA_Abort
 .text.HAL_DMA_Abort_IT
                0x08000aa6       0x82 ./Drivers/STM32L4xx_HAL_Driver/Src/stm32l4xx_hal_dma.o
                0x08000aa6                HAL_DMA_Abort_IT
 .text.HAL_GPIO_Init
                0x08000b28      0x354 ./Drivers/STM32L4xx_HAL_Driver/Src/stm32l4xx_hal_gpio.o
                0x08000b28                HAL_GPIO_Init
 .text.HAL_GPIO_TogglePin
                0x08000e7c       0x34 ./Drivers/STM32L4xx_HAL_Driver/Src/stm32l4xx_hal_gpio.o
                0x08000e7c                HAL_GPIO_TogglePin
 .text.HAL_PWREx_GetVoltageRange
                0x08000eb0       0x1c ./Drivers/STM32L4xx_HAL_Driver/Src/stm32l4xx_hal_pwr_ex.o
                0x08000eb0                HAL_PWREx_GetVoltageRange
 .text.HAL_RCC_OscConfig
                0x08000ecc      0x7b8 ./Drivers/STM32L4xx_HAL_Driver/Src/stm32l4xx_hal_rcc.o
                0x08000ecc                HAL_RCC_OscConfig
 .text.HAL_RCC_ClockConfig
                0x08001684      0x200 ./Drivers/STM32L4xx_HAL_Driver/Src/stm32l4xx_hal_rcc.o
                0x08001684                HAL_RCC_ClockConfig
 .text.HAL_RCC_GetSysClockFreq
                0x08001884      0x118 ./Drivers/STM32L4xx_HAL_Driver/Src/stm32l4xx_hal_rcc.o
                0x08001884                HAL_RCC_GetSysClockFreq
 .text.RCC_SetFlashLatencyFromMSIRange
                0x0800199c       0xc0 ./Drivers/STM32L4xx_HAL_Driver/Src/stm32l4xx_hal_rcc.o
 .text.HAL_SPI_Init
                0x08001a5c      0x146 ./Drivers/STM32L4xx_HAL_Driver/Src/stm32l4xx_hal_spi.o
                0x08001a5c                HAL_SPI_Init
 *fill*         0x08001ba2        0x2 
 .text.HAL_SPI_TransmitReceive_IT
                0x08001ba4      0x154 ./Drivers/STM32L4xx_HAL_Driver/Src/stm32l4xx_hal_spi.o
                0x08001ba4                HAL_SPI_TransmitReceive_IT
 .text.HAL_SPI_IRQHandler
                0x08001cf8      0x200 ./Drivers/STM32L4xx_HAL_Driver/Src/stm32l4xx_hal_spi.o
                0x08001cf8                HAL_SPI_IRQHandler
 .text.HAL_SPI_RxCpltCallback
                0x08001ef8       0x14 ./Drivers/STM32L4xx_HAL_Driver/Src/stm32l4xx_hal_spi.o
                0x08001ef8                HAL_SPI_RxCpltCallback
 .text.SPI_DMAAbortOnError
                0x08001f0c       0x2a ./Drivers/STM32L4xx_HAL_Driver/Src/stm32l4xx_hal_spi.o
 .text.SPI_2linesRxISR_8BIT
                0x08001f36       0xbe ./Drivers/STM32L4xx_HAL_Driver/Src/stm32l4xx_hal_spi.o
 .text.SPI_2linesTxISR_8BIT
                0x08001ff4       0x92 ./Drivers/STM32L4xx_HAL_Driver/Src/stm32l4xx_hal_spi.o
 .text.SPI_2linesRxISR_16BIT
                0x08002086       0x66 ./Drivers/STM32L4xx_HAL_Driver/Src/stm32l4xx_hal_spi.o
 .text.SPI_2linesTxISR_16BIT
                0x080020ec       0x60 ./Drivers/STM32L4xx_HAL_Driver/Src/stm32l4xx_hal_spi.o
 .text.SPI_WaitFlagStateUntilTimeout
                0x0800214c      0x110 ./Drivers/STM32L4xx_HAL_Driver/Src/stm32l4xx_hal_spi.o
 .text.SPI_WaitFifoStateUntilTimeout
                0x0800225c      0x12c ./Drivers/STM32L4xx_HAL_Driver/Src/stm32l4xx_hal_spi.o
 .text.SPI_EndRxTxTransaction
                0x08002388       0x8c ./Drivers/STM32L4xx_HAL_Driver/Src/stm32l4xx_hal_spi.o
 .text.SPI_CloseRxTx_ISR
                0x08002414       0x84 ./Drivers/STM32L4xx_HAL_Driver/Src/stm32l4xx_hal_spi.o
 .text.HAL_UART_IRQHandler
                0x08002498      0x60c ./Drivers/STM32L4xx_HAL_Driver/Src/stm32l4xx_hal_uart.o
                0x08002498                HAL_UART_IRQHandler
 .text.HAL_UART_TxCpltCallback
                0x08002aa4       0x14 ./Drivers/STM32L4xx_HAL_Driver/Src/stm32l4xx_hal_uart.o
                0x08002aa4                HAL_UART_TxCpltCallback
 .text.HAL_UART_ErrorCallback
                0x08002ab8       0x14 ./Drivers/STM32L4xx_HAL_Driver/Src/stm32l4xx_hal_uart.o
                0x08002ab8                HAL_UART_ErrorCallback
 .text.HAL_UARTEx_RxEventCallback
                0x08002acc       0x18 ./Drivers/STM32L4xx_HAL_Driver/Src/stm32l4xx_hal_uart.o
                0x08002acc                HAL_UARTEx_RxEventCallback
 .text.UART_EndRxTransfer
                0x08002ae4       0xc8 ./Drivers/STM32L4xx_HAL_Driver/Src/stm32l4xx_hal_uart.o
 .text.UART_DMAAbortOnError
                0x08002bac       0x2c ./Drivers/STM32L4xx_HAL_Driver/Src/stm32l4xx_hal_uart.o
 .text.UART_EndTransmit_IT
                0x08002bd8       0x54 ./Drivers/STM32L4xx_HAL_Driver/Src/stm32l4xx_hal_uart.o
 .text.HAL_UARTEx_WakeupCallback
                0x08002c2c       0x14 ./Drivers/STM32L4xx_HAL_Driver/Src/stm32l4xx_hal_uart_ex.o
                0x08002c2c                HAL_UARTEx_WakeupCallback
 .text.memset   0x08002c40       0x10 D:/STM32CubeIDE_1.19.0/STM32CubeIDE/plugins/com.st.stm32cube.ide.mcu.externaltools.gnu-tools-for-stm32.13.3.rel1.win32_1.0.0.202411081344/tools/bin/../lib/gcc/arm-none-eabi/13.3.1/../../../../arm-none-eabi/lib/thumb/v7e-m+fp/hard\libc_nano.a(libc_a-memset.o)
                0x08002c40                memset
 .text.__libc_init_array
                0x08002c50       0x48 D:/STM32CubeIDE_1.19.0/STM32CubeIDE/plugins/com.st.stm32cube.ide.mcu.externaltools.gnu-tools-for-stm32.13.3.rel1.win32_1.0.0.202411081344/tools/bin/../lib/gcc/arm-none-eabi/13.3.1/../../../../arm-none-eabi/lib/thumb/v7e-m+fp/hard\libc_nano.a(libc_a-init.o)
                0x08002c50                __libc_init_array
 *(.glue_7)
 .glue_7        0x08002c98        0x0 linker stubs
 *(.glue_7t)
 .glue_7t       0x08002c98        0x0 linker stubs
 *(.eh_frame)
 .eh_frame      0x08002c98        0x0 D:/STM32CubeIDE_1.19.0/STM32CubeIDE/plugins/com.st.stm32cube.ide.mcu.externaltools.gnu-tools-for-stm32.13.3.rel1.win32_1.0.0.202411081344/tools/bin/../lib/gcc/arm-none-eabi/13.3.1/thumb/v7e-m+fp/hard/crtbegin.o
 *(.init)
 .init          0x08002c98        0x4 D:/STM32CubeIDE_1.19.0/STM32CubeIDE/plugins/com.st.stm32cube.ide.mcu.externaltools.gnu-tools-for-stm32.13.3.rel1.win32_1.0.0.202411081344/tools/bin/../lib/gcc/arm-none-eabi/13.3.1/thumb/v7e-m+fp/hard/crti.o
                0x08002c98                _init
 .init          0x08002c9c        0x8 D:/STM32CubeIDE_1.19.0/STM32CubeIDE/plugins/com.st.stm32cube.ide.mcu.externaltools.gnu-tools-for-stm32.13.3.rel1.win32_1.0.0.202411081344/tools/bin/../lib/gcc/arm-none-eabi/13.3.1/thumb/v7e-m+fp/hard/crtn.o
 *(.fini)
 .fini          0x08002ca4        0x4 D:/STM32CubeIDE_1.19.0/STM32CubeIDE/plugins/com.st.stm32cube.ide.mcu.externaltools.gnu-tools-for-stm32.13.3.rel1.win32_1.0.0.202411081344/tools/bin/../lib/gcc/arm-none-eabi/13.3.1/thumb/v7e-m+fp/hard/crti.o
                0x08002ca4                _fini
 .fini          0x08002ca8        0x8 D:/STM32CubeIDE_1.19.0/STM32CubeIDE/plugins/com.st.stm32cube.ide.mcu.externaltools.gnu-tools-for-stm32.13.3.rel1.win32_1.0.0.202411081344/tools/bin/../lib/gcc/arm-none-eabi/13.3.1/thumb/v7e-m+fp/hard/crtn.o
                0x08002cb0                        . = ALIGN (0x4)
                0x08002cb0                        _etext = .

.vfp11_veneer   0x08002cb0        0x0
 .vfp11_veneer  0x08002cb0        0x0 linker stubs

.v4_bx          0x08002cb0        0x0
 .v4_bx         0x08002cb0        0x0 linker stubs

.iplt           0x08002cb0        0x0
 .iplt          0x08002cb0        0x0 D:/STM32CubeIDE_1.19.0/STM32CubeIDE/plugins/com.st.stm32cube.ide.mcu.externaltools.gnu-tools-for-stm32.13.3.rel1.win32_1.0.0.202411081344/tools/bin/../lib/gcc/arm-none-eabi/13.3.1/thumb/v7e-m+fp/hard/crtbegin.o

.rodata         0x08002cb0       0x40
                0x08002cb0                        . = ALIGN (0x4)
 *(.rodata)
 *(.rodata*)
 .rodata.AHBPrescTable
                0x08002cb0       0x10 ./Core/Src/system_stm32l4xx.o
                0x08002cb0                AHBPrescTable
 .rodata.MSIRangeTable
                0x08002cc0       0x30 ./Core/Src/system_stm32l4xx.o
                0x08002cc0                MSIRangeTable
                0x08002cf0                        . = ALIGN (0x4)

.ARM.extab      0x08002cf0        0x0
                0x08002cf0                        . = ALIGN (0x4)
 *(.ARM.extab* .gnu.linkonce.armextab.*)
                0x08002cf0                        . = ALIGN (0x4)

.ARM            0x08002cf0        0x0
                0x08002cf0                        . = ALIGN (0x4)
                0x08002cf0                        __exidx_start = .
 *(.ARM.exidx*)
                0x08002cf0                        __exidx_end = .
                0x08002cf0                        . = ALIGN (0x4)

.preinit_array  0x08002cf0        0x0
                0x08002cf0                        . = ALIGN (0x4)
                0x08002cf0                        PROVIDE (__preinit_array_start = .)
 *(.preinit_array*)
                0x08002cf0                        PROVIDE (__preinit_array_end = .)
                0x08002cf0                        . = ALIGN (0x4)

.init_array     0x08002cf0        0x4
                0x08002cf0                        . = ALIGN (0x4)
                0x08002cf0                        PROVIDE (__init_array_start = .)
 *(SORT_BY_NAME(.init_array.*))
 *(.init_array*)
 .init_array    0x08002cf0        0x4 D:/STM32CubeIDE_1.19.0/STM32CubeIDE/plugins/com.st.stm32cube.ide.mcu.externaltools.gnu-tools-for-stm32.13.3.rel1.win32_1.0.0.202411081344/tools/bin/../lib/gcc/arm-none-eabi/13.3.1/thumb/v7e-m+fp/hard/crtbegin.o
                0x08002cf4                        PROVIDE (__init_array_end = .)
                0x08002cf4                        . = ALIGN (0x4)

.fini_array     0x08002cf4        0x4
                0x08002cf4                        . = ALIGN (0x4)
                [!provide]                        PROVIDE (__fini_array_start = .)
 *(SORT_BY_NAME(.fini_array.*))
 *(.fini_array*)
 .fini_array    0x08002cf4        0x4 D:/STM32CubeIDE_1.19.0/STM32CubeIDE/plugins/com.st.stm32cube.ide.mcu.externaltools.gnu-tools-for-stm32.13.3.rel1.win32_1.0.0.202411081344/tools/bin/../lib/gcc/arm-none-eabi/13.3.1/thumb/v7e-m+fp/hard/crtbegin.o
                [!provide]                        PROVIDE (__fini_array_end = .)
                0x08002cf8                        . = ALIGN (0x4)
                0x08002cf8                        _sidata = LOADADDR (.data)

.rel.dyn        0x08002cf8        0x0
 .rel.iplt      0x08002cf8        0x0 D:/STM32CubeIDE_1.19.0/STM32CubeIDE/plugins/com.st.stm32cube.ide.mcu.externaltools.gnu-tools-for-stm32.13.3.rel1.win32_1.0.0.202411081344/tools/bin/../lib/gcc/arm-none-eabi/13.3.1/thumb/v7e-m+fp/hard/crtbegin.o

.data           0x20000000       0x14 load address 0x08002cf8
                0x20000000                        . = ALIGN (0x4)
                0x20000000                        _sdata = .
 *(.data)
 *(.data*)
 .data.tx_data  0x20000000        0x5 ./Core/Src/main.o
                0x20000000                tx_data
 *fill*         0x20000005        0x3 
 .data.SystemCoreClock
                0x20000008        0x4 ./Core/Src/system_stm32l4xx.o
                0x20000008                SystemCoreClock
 .data.uwTickPrio
                0x2000000c        0x4 ./Drivers/STM32L4xx_HAL_Driver/Src/stm32l4xx_hal.o
                0x2000000c                uwTickPrio
 .data.uwTickFreq
                0x20000010        0x1 ./Drivers/STM32L4xx_HAL_Driver/Src/stm32l4xx_hal.o
                0x20000010                uwTickFreq
 *(.RamFunc)
 *(.RamFunc*)
                0x20000014                        . = ALIGN (0x4)
 *fill*         0x20000011        0x3 
                0x20000014                        _edata = .

.igot.plt       0x20000014        0x0 load address 0x08002d0c
 .igot.plt      0x20000014        0x0 D:/STM32CubeIDE_1.19.0/STM32CubeIDE/plugins/com.st.stm32cube.ide.mcu.externaltools.gnu-tools-for-stm32.13.3.rel1.win32_1.0.0.202411081344/tools/bin/../lib/gcc/arm-none-eabi/13.3.1/thumb/v7e-m+fp/hard/crtbegin.o
                0x20000014                        . = ALIGN (0x4)

.bss            0x20000014      0x114 load address 0x08002d0c
                0x20000014                        _sbss = .
                0x20000014                        __bss_start__ = _sbss
 *(.bss)
 .bss           0x20000014       0x1c D:/STM32CubeIDE_1.19.0/STM32CubeIDE/plugins/com.st.stm32cube.ide.mcu.externaltools.gnu-tools-for-stm32.13.3.rel1.win32_1.0.0.202411081344/tools/bin/../lib/gcc/arm-none-eabi/13.3.1/thumb/v7e-m+fp/hard/crtbegin.o
 *(.bss*)
 .bss.hspi2     0x20000030       0x64 ./Core/Src/main.o
                0x20000030                hspi2
 .bss.huart2    0x20000094       0x88 ./Core/Src/main.o
                0x20000094                huart2
 .bss.rx_data   0x2000011c        0x5 ./Core/Src/main.o
                0x2000011c                rx_data
 .bss.spi_transfer_done
                0x20000121        0x1 ./Core/Src/main.o
                0x20000121                spi_transfer_done
 *fill*         0x20000122        0x2 
 .bss.uwTick    0x20000124        0x4 ./Drivers/STM32L4xx_HAL_Driver/Src/stm32l4xx_hal.o
                0x20000124                uwTick
 *(COMMON)
                0x20000128                        . = ALIGN (0x4)
                0x20000128                        _ebss = .
                0x20000128                        __bss_end__ = _ebss

._user_heap_stack
                0x20000128      0x600 load address 0x08002d0c
                0x20000128                        . = ALIGN (0x8)
                [!provide]                        PROVIDE (end = .)
                0x20000128                        PROVIDE (_end = .)
                0x20000328                        . = (. + _Min_Heap_Size)
 *fill*         0x20000128      0x200 
                0x20000728                        . = (. + _Min_Stack_Size)
 *fill*         0x20000328      0x400 
                0x20000728                        . = ALIGN (0x8)

/DISCARD/
 libc.a(*)
 libm.a(*)
 libgcc.a(*)

.ARM.attributes
                0x00000000       0x30
 *(.ARM.attributes)
 .ARM.attributes
                0x00000000       0x22 D:/STM32CubeIDE_1.19.0/STM32CubeIDE/plugins/com.st.stm32cube.ide.mcu.externaltools.gnu-tools-for-stm32.13.3.rel1.win32_1.0.0.202411081344/tools/bin/../lib/gcc/arm-none-eabi/13.3.1/thumb/v7e-m+fp/hard/crti.o
 .ARM.attributes
                0x00000022       0x34 D:/STM32CubeIDE_1.19.0/STM32CubeIDE/plugins/com.st.stm32cube.ide.mcu.externaltools.gnu-tools-for-stm32.13.3.rel1.win32_1.0.0.202411081344/tools/bin/../lib/gcc/arm-none-eabi/13.3.1/thumb/v7e-m+fp/hard/crtbegin.o
 .ARM.attributes
                0x00000056       0x34 ./Core/Src/main.o
 .ARM.attributes
                0x0000008a       0x34 ./Core/Src/stm32l4xx_hal_msp.o
 .ARM.attributes
                0x000000be       0x34 ./Core/Src/stm32l4xx_it.o
 .ARM.attributes
                0x000000f2       0x34 ./Core/Src/system_stm32l4xx.o
 .ARM.attributes
                0x00000126       0x21 ./Core/Startup/startup_stm32l476rgtx.o
 .ARM.attributes
                0x00000147       0x34 ./Drivers/STM32L4xx_HAL_Driver/Src/stm32l4xx_hal.o
 .ARM.attributes
                0x0000017b       0x34 ./Drivers/STM32L4xx_HAL_Driver/Src/stm32l4xx_hal_cortex.o
 .ARM.attributes
                0x000001af       0x34 ./Drivers/STM32L4xx_HAL_Driver/Src/stm32l4xx_hal_dma.o
 .ARM.attributes
                0x000001e3       0x34 ./Drivers/STM32L4xx_HAL_Driver/Src/stm32l4xx_hal_gpio.o
 .ARM.attributes
                0x00000217       0x34 ./Drivers/STM32L4xx_HAL_Driver/Src/stm32l4xx_hal_pwr_ex.o
 .ARM.attributes
                0x0000024b       0x34 ./Drivers/STM32L4xx_HAL_Driver/Src/stm32l4xx_hal_rcc.o
 .ARM.attributes
                0x0000027f       0x34 ./Drivers/STM32L4xx_HAL_Driver/Src/stm32l4xx_hal_spi.o
 .ARM.attributes
                0x000002b3       0x34 ./Drivers/STM32L4xx_HAL_Driver/Src/stm32l4xx_hal_uart.o
 .ARM.attributes
                0x000002e7       0x34 ./Drivers/STM32L4xx_HAL_Driver/Src/stm32l4xx_hal_uart_ex.o
 .ARM.attributes
                0x0000031b       0x34 D:/STM32CubeIDE_1.19.0/STM32CubeIDE/plugins/com.st.stm32cube.ide.mcu.externaltools.gnu-tools-for-stm32.13.3.rel1.win32_1.0.0.202411081344/tools/bin/../lib/gcc/arm-none-eabi/13.3.1/../../../../arm-none-eabi/lib/thumb/v7e-m+fp/hard\libc_nano.a(libc_a-memset.o)
 .ARM.attributes
                0x0000034f       0x34 D:/STM32CubeIDE_1.19.0/STM32CubeIDE/plugins/com.st.stm32cube.ide.mcu.externaltools.gnu-tools-for-stm32.13.3.rel1.win32_1.0.0.202411081344/tools/bin/../lib/gcc/arm-none-eabi/13.3.1/../../../../arm-none-eabi/lib/thumb/v7e-m+fp/hard\libc_nano.a(libc_a-init.o)
 .ARM.attributes
                0x00000383       0x22 D:/STM32CubeIDE_1.19.0/STM32CubeIDE/plugins/com.st.stm32cube.ide.mcu.externaltools.gnu-tools-for-stm32.13.3.rel1.win32_1.0.0.202411081344/tools/bin/../lib/gcc/arm-none-eabi/13.3.1/thumb/v7e-m+fp/hard/crtn.o
OUTPUT(09_HAL_SPI_interrupt.elf elf32-littlearm)
LOAD linker stubs
LOAD D:/STM32CubeIDE_1.19.0/STM32CubeIDE/plugins/com.st.stm32cube.ide.mcu.externaltools.gnu-tools-for-stm32.13.3.rel1.win32_1.0.0.202411081344/tools/bin/../lib/gcc/arm-none-eabi/13.3.1/../../../../arm-none-eabi/lib/thumb/v7e-m+fp/hard\libc.a
LOAD D:/STM32CubeIDE_1.19.0/STM32CubeIDE/plugins/com.st.stm32cube.ide.mcu.externaltools.gnu-tools-for-stm32.13.3.rel1.win32_1.0.0.202411081344/tools/bin/../lib/gcc/arm-none-eabi/13.3.1/../../../../arm-none-eabi/lib/thumb/v7e-m+fp/hard\libm.a
LOAD D:/STM32CubeIDE_1.19.0/STM32CubeIDE/plugins/com.st.stm32cube.ide.mcu.externaltools.gnu-tools-for-stm32.13.3.rel1.win32_1.0.0.202411081344/tools/bin/../lib/gcc/arm-none-eabi/13.3.1/thumb/v7e-m+fp/hard\libgcc.a

.debug_info     0x00000000     0xd2a6
 .debug_info    0x00000000     0x13f1 ./Core/Src/main.o
 .debug_info    0x000013f1     0x12c4 ./Core/Src/stm32l4xx_hal_msp.o
 .debug_info    0x000026b5      0x9d8 ./Core/Src/stm32l4xx_it.o
 .debug_info    0x0000308d      0x5b1 ./Core/Src/system_stm32l4xx.o
 .debug_info    0x0000363e       0x30 ./Core/Startup/startup_stm32l476rgtx.o
 .debug_info    0x0000366e      0xc09 ./Drivers/STM32L4xx_HAL_Driver/Src/stm32l4xx_hal.o
 .debug_info    0x00004277      0xd81 ./Drivers/STM32L4xx_HAL_Driver/Src/stm32l4xx_hal_cortex.o
 .debug_info    0x00004ff8      0x6f4 ./Drivers/STM32L4xx_HAL_Driver/Src/stm32l4xx_hal_dma.o
 .debug_info    0x000056ec      0x757 ./Drivers/STM32L4xx_HAL_Driver/Src/stm32l4xx_hal_gpio.o
 .debug_info    0x00005e43      0x99e ./Drivers/STM32L4xx_HAL_Driver/Src/stm32l4xx_hal_pwr_ex.o
 .debug_info    0x000067e1      0xc14 ./Drivers/STM32L4xx_HAL_Driver/Src/stm32l4xx_hal_rcc.o
 .debug_info    0x000073f5     0x1549 ./Drivers/STM32L4xx_HAL_Driver/Src/stm32l4xx_hal_spi.o
 .debug_info    0x0000893e     0x3b69 ./Drivers/STM32L4xx_HAL_Driver/Src/stm32l4xx_hal_uart.o
 .debug_info    0x0000c4a7      0xdff ./Drivers/STM32L4xx_HAL_Driver/Src/stm32l4xx_hal_uart_ex.o

.debug_abbrev   0x00000000     0x1c9d
 .debug_abbrev  0x00000000      0x241 ./Core/Src/main.o
 .debug_abbrev  0x00000241      0x1d9 ./Core/Src/stm32l4xx_hal_msp.o
 .debug_abbrev  0x0000041a      0x185 ./Core/Src/stm32l4xx_it.o
 .debug_abbrev  0x0000059f      0x11a ./Core/Src/system_stm32l4xx.o
 .debug_abbrev  0x000006b9       0x24 ./Core/Startup/startup_stm32l476rgtx.o
 .debug_abbrev  0x000006dd      0x243 ./Drivers/STM32L4xx_HAL_Driver/Src/stm32l4xx_hal.o
 .debug_abbrev  0x00000920      0x31c ./Drivers/STM32L4xx_HAL_Driver/Src/stm32l4xx_hal_cortex.o
 .debug_abbrev  0x00000c3c      0x1e4 ./Drivers/STM32L4xx_HAL_Driver/Src/stm32l4xx_hal_dma.o
 .debug_abbrev  0x00000e20      0x1cb ./Drivers/STM32L4xx_HAL_Driver/Src/stm32l4xx_hal_gpio.o
 .debug_abbrev  0x00000feb      0x1f9 ./Drivers/STM32L4xx_HAL_Driver/Src/stm32l4xx_hal_pwr_ex.o
 .debug_abbrev  0x000011e4      0x2cb ./Drivers/STM32L4xx_HAL_Driver/Src/stm32l4xx_hal_rcc.o
 .debug_abbrev  0x000014af      0x260 ./Drivers/STM32L4xx_HAL_Driver/Src/stm32l4xx_hal_spi.o
 .debug_abbrev  0x0000170f      0x2d0 ./Drivers/STM32L4xx_HAL_Driver/Src/stm32l4xx_hal_uart.o
 .debug_abbrev  0x000019df      0x2be ./Drivers/STM32L4xx_HAL_Driver/Src/stm32l4xx_hal_uart_ex.o

.debug_aranges  0x00000000      0xaf0
 .debug_aranges
                0x00000000       0x50 ./Core/Src/main.o
 .debug_aranges
                0x00000050       0x40 ./Core/Src/stm32l4xx_hal_msp.o
 .debug_aranges
                0x00000090       0x70 ./Core/Src/stm32l4xx_it.o
 .debug_aranges
                0x00000100       0x28 ./Core/Src/system_stm32l4xx.o
 .debug_aranges
                0x00000128       0x28 ./Core/Startup/startup_stm32l476rgtx.o
 .debug_aranges
                0x00000150      0x130 ./Drivers/STM32L4xx_HAL_Driver/Src/stm32l4xx_hal.o
 .debug_aranges
                0x00000280      0x128 ./Drivers/STM32L4xx_HAL_Driver/Src/stm32l4xx_hal_cortex.o
 .debug_aranges
                0x000003a8       0x80 ./Drivers/STM32L4xx_HAL_Driver/Src/stm32l4xx_hal_dma.o
 .debug_aranges
                0x00000428       0x58 ./Drivers/STM32L4xx_HAL_Driver/Src/stm32l4xx_hal_gpio.o
 .debug_aranges
                0x00000480      0x160 ./Drivers/STM32L4xx_HAL_Driver/Src/stm32l4xx_hal_pwr_ex.o
 .debug_aranges
                0x000005e0       0x90 ./Drivers/STM32L4xx_HAL_Driver/Src/stm32l4xx_hal_rcc.o
 .debug_aranges
                0x00000670      0x1d8 ./Drivers/STM32L4xx_HAL_Driver/Src/stm32l4xx_hal_spi.o
 .debug_aranges
                0x00000848      0x228 ./Drivers/STM32L4xx_HAL_Driver/Src/stm32l4xx_hal_uart.o
 .debug_aranges
                0x00000a70       0x80 ./Drivers/STM32L4xx_HAL_Driver/Src/stm32l4xx_hal_uart_ex.o

.debug_rnglists
                0x00000000      0x86f
 .debug_rnglists
                0x00000000       0x3b ./Core/Src/main.o
 .debug_rnglists
                0x0000003b       0x2d ./Core/Src/stm32l4xx_hal_msp.o
 .debug_rnglists
                0x00000068       0x4f ./Core/Src/stm32l4xx_it.o
 .debug_rnglists
                0x000000b7       0x1a ./Core/Src/system_stm32l4xx.o
 .debug_rnglists
                0x000000d1       0x19 ./Core/Startup/startup_stm32l476rgtx.o
 .debug_rnglists
                0x000000ea       0xdf ./Drivers/STM32L4xx_HAL_Driver/Src/stm32l4xx_hal.o
 .debug_rnglists
                0x000001c9       0xda ./Drivers/STM32L4xx_HAL_Driver/Src/stm32l4xx_hal_cortex.o
 .debug_rnglists
                0x000002a3       0x64 ./Drivers/STM32L4xx_HAL_Driver/Src/stm32l4xx_hal_dma.o
 .debug_rnglists
                0x00000307       0x3f ./Drivers/STM32L4xx_HAL_Driver/Src/stm32l4xx_hal_gpio.o
 .debug_rnglists
                0x00000346      0x109 ./Drivers/STM32L4xx_HAL_Driver/Src/stm32l4xx_hal_pwr_ex.o
 .debug_rnglists
                0x0000044f       0x6d ./Drivers/STM32L4xx_HAL_Driver/Src/stm32l4xx_hal_rcc.o
 .debug_rnglists
                0x000004bc      0x178 ./Drivers/STM32L4xx_HAL_Driver/Src/stm32l4xx_hal_spi.o
 .debug_rnglists
                0x00000634      0x1db ./Drivers/STM32L4xx_HAL_Driver/Src/stm32l4xx_hal_uart.o
 .debug_rnglists
                0x0000080f       0x60 ./Drivers/STM32L4xx_HAL_Driver/Src/stm32l4xx_hal_uart_ex.o

.debug_macro    0x00000000    0x25c7f
 .debug_macro   0x00000000      0x28f ./Core/Src/main.o
 .debug_macro   0x0000028f      0xad8 ./Core/Src/main.o
 .debug_macro   0x00000d67      0x1a7 ./Core/Src/main.o
 .debug_macro   0x00000f0e       0x2e ./Core/Src/main.o
 .debug_macro   0x00000f3c       0x28 ./Core/Src/main.o
 .debug_macro   0x00000f64       0x22 ./Core/Src/main.o
 .debug_macro   0x00000f86       0x8e ./Core/Src/main.o
 .debug_macro   0x00001014       0x51 ./Core/Src/main.o
 .debug_macro   0x00001065      0x103 ./Core/Src/main.o
 .debug_macro   0x00001168       0x6a ./Core/Src/main.o
 .debug_macro   0x000011d2      0x1df ./Core/Src/main.o
 .debug_macro   0x000013b1       0x1c ./Core/Src/main.o
 .debug_macro   0x000013cd       0x22 ./Core/Src/main.o
 .debug_macro   0x000013ef       0xfb ./Core/Src/main.o
 .debug_macro   0x000014ea     0x1011 ./Core/Src/main.o
 .debug_macro   0x000024fb      0x11f ./Core/Src/main.o
 .debug_macro   0x0000261a    0x1a17a ./Core/Src/main.o
 .debug_macro   0x0001c794       0x6d ./Core/Src/main.o
 .debug_macro   0x0001c801     0x38fb ./Core/Src/main.o
 .debug_macro   0x000200fc      0x190 ./Core/Src/main.o
 .debug_macro   0x0002028c       0x5c ./Core/Src/main.o
 .debug_macro   0x000202e8     0x159e ./Core/Src/main.o
 .debug_macro   0x00021886      0x5a5 ./Core/Src/main.o
 .debug_macro   0x00021e2b      0x1b9 ./Core/Src/main.o
 .debug_macro   0x00021fe4      0x18b ./Core/Src/main.o
 .debug_macro   0x0002216f      0x26b ./Core/Src/main.o
 .debug_macro   0x000223da      0x23d ./Core/Src/main.o
 .debug_macro   0x00022617      0x241 ./Core/Src/main.o
 .debug_macro   0x00022858      0x37c ./Core/Src/main.o
 .debug_macro   0x00022bd4       0xd6 ./Core/Src/main.o
 .debug_macro   0x00022caa      0x122 ./Core/Src/main.o
 .debug_macro   0x00022dcc      0x3ef ./Core/Src/main.o
 .debug_macro   0x000231bb      0x2fe ./Core/Src/main.o
 .debug_macro   0x000234b9      0x5cf ./Core/Src/main.o
 .debug_macro   0x00023a88       0x44 ./Core/Src/main.o
 .debug_macro   0x00023acc      0x330 ./Core/Src/main.o
 .debug_macro   0x00023dfc       0x61 ./Core/Src/main.o
 .debug_macro   0x00023e5d       0x2a ./Core/Src/main.o
 .debug_macro   0x00023e87       0x43 ./Core/Src/main.o
 .debug_macro   0x00023eca       0x34 ./Core/Src/main.o
 .debug_macro   0x00023efe      0x370 ./Core/Src/main.o
 .debug_macro   0x0002426e       0x16 ./Core/Src/main.o
 .debug_macro   0x00024284       0x4a ./Core/Src/main.o
 .debug_macro   0x000242ce       0x34 ./Core/Src/main.o
 .debug_macro   0x00024302       0x10 ./Core/Src/main.o
 .debug_macro   0x00024312       0x58 ./Core/Src/main.o
 .debug_macro   0x0002436a       0x8e ./Core/Src/main.o
 .debug_macro   0x000243f8       0x1c ./Core/Src/main.o
 .debug_macro   0x00024414      0x185 ./Core/Src/main.o
 .debug_macro   0x00024599       0x10 ./Core/Src/main.o
 .debug_macro   0x000245a9       0x3c ./Core/Src/main.o
 .debug_macro   0x000245e5       0x20 ./Core/Src/main.o
 .debug_macro   0x00024605      0x1d0 ./Core/Src/stm32l4xx_hal_msp.o
 .debug_macro   0x000247d5       0x58 ./Core/Src/stm32l4xx_hal_msp.o
 .debug_macro   0x0002482d      0x1da ./Core/Src/stm32l4xx_it.o
 .debug_macro   0x00024a07      0x1c1 ./Core/Src/system_stm32l4xx.o
 .debug_macro   0x00024bc8      0x20f ./Drivers/STM32L4xx_HAL_Driver/Src/stm32l4xx_hal.o
 .debug_macro   0x00024dd7      0x1c1 ./Drivers/STM32L4xx_HAL_Driver/Src/stm32l4xx_hal_cortex.o
 .debug_macro   0x00024f98      0x1c1 ./Drivers/STM32L4xx_HAL_Driver/Src/stm32l4xx_hal_dma.o
 .debug_macro   0x00025159      0x1c8 ./Drivers/STM32L4xx_HAL_Driver/Src/stm32l4xx_hal_gpio.o
 .debug_macro   0x00025321      0x1e5 ./Drivers/STM32L4xx_HAL_Driver/Src/stm32l4xx_hal_pwr_ex.o
 .debug_macro   0x00025506      0x203 ./Drivers/STM32L4xx_HAL_Driver/Src/stm32l4xx_hal_rcc.o
 .debug_macro   0x00025709      0x1c9 ./Drivers/STM32L4xx_HAL_Driver/Src/stm32l4xx_hal_spi.o
 .debug_macro   0x000258d2      0x1ec ./Drivers/STM32L4xx_HAL_Driver/Src/stm32l4xx_hal_uart.o
 .debug_macro   0x00025abe      0x1c1 ./Drivers/STM32L4xx_HAL_Driver/Src/stm32l4xx_hal_uart_ex.o

.debug_line     0x00000000     0xca30
 .debug_line    0x00000000      0x9dc ./Core/Src/main.o
 .debug_line    0x000009dc      0x803 ./Core/Src/stm32l4xx_hal_msp.o
 .debug_line    0x000011df      0x81a ./Core/Src/stm32l4xx_it.o
 .debug_line    0x000019f9      0x7d9 ./Core/Src/system_stm32l4xx.o
 .debug_line    0x000021d2       0x7a ./Core/Startup/startup_stm32l476rgtx.o
 .debug_line    0x0000224c      0xb42 ./Drivers/STM32L4xx_HAL_Driver/Src/stm32l4xx_hal.o
 .debug_line    0x00002d8e      0xcdc ./Drivers/STM32L4xx_HAL_Driver/Src/stm32l4xx_hal_cortex.o
 .debug_line    0x00003a6a      0xd1b ./Drivers/STM32L4xx_HAL_Driver/Src/stm32l4xx_hal_dma.o
 .debug_line    0x00004785      0xb95 ./Drivers/STM32L4xx_HAL_Driver/Src/stm32l4xx_hal_gpio.o
 .debug_line    0x0000531a      0xd23 ./Drivers/STM32L4xx_HAL_Driver/Src/stm32l4xx_hal_pwr_ex.o
 .debug_line    0x0000603d     0x1096 ./Drivers/STM32L4xx_HAL_Driver/Src/stm32l4xx_hal_rcc.o
 .debug_line    0x000070d3     0x2021 ./Drivers/STM32L4xx_HAL_Driver/Src/stm32l4xx_hal_spi.o
 .debug_line    0x000090f4     0x2d64 ./Drivers/STM32L4xx_HAL_Driver/Src/stm32l4xx_hal_uart.o
 .debug_line    0x0000be58      0xbd8 ./Drivers/STM32L4xx_HAL_Driver/Src/stm32l4xx_hal_uart_ex.o

.debug_str      0x00000000    0xe91df
 .debug_str     0x00000000    0xe91df ./Core/Src/main.o
                              0xe69db (size before relaxing)
 .debug_str     0x000e91df    0xe3987 ./Core/Src/stm32l4xx_hal_msp.o
 .debug_str     0x000e91df    0xe305b ./Core/Src/stm32l4xx_it.o
 .debug_str     0x000e91df    0xe2a78 ./Core/Src/system_stm32l4xx.o
 .debug_str     0x000e91df       0x84 ./Core/Startup/startup_stm32l476rgtx.o
 .debug_str     0x000e91df    0xe3677 ./Drivers/STM32L4xx_HAL_Driver/Src/stm32l4xx_hal.o
 .debug_str     0x000e91df    0xe32f1 ./Drivers/STM32L4xx_HAL_Driver/Src/stm32l4xx_hal_cortex.o
 .debug_str     0x000e91df    0xe2ce2 ./Drivers/STM32L4xx_HAL_Driver/Src/stm32l4xx_hal_dma.o
 .debug_str     0x000e91df    0xe2bf1 ./Drivers/STM32L4xx_HAL_Driver/Src/stm32l4xx_hal_gpio.o
 .debug_str     0x000e91df    0xe2fd3 ./Drivers/STM32L4xx_HAL_Driver/Src/stm32l4xx_hal_pwr_ex.o
 .debug_str     0x000e91df    0xe30be ./Drivers/STM32L4xx_HAL_Driver/Src/stm32l4xx_hal_rcc.o
 .debug_str     0x000e91df    0xe3293 ./Drivers/STM32L4xx_HAL_Driver/Src/stm32l4xx_hal_spi.o
 .debug_str     0x000e91df    0xe37d0 ./Drivers/STM32L4xx_HAL_Driver/Src/stm32l4xx_hal_uart.o
 .debug_str     0x000e91df    0xe2ffc ./Drivers/STM32L4xx_HAL_Driver/Src/stm32l4xx_hal_uart_ex.o

.comment        0x00000000       0x43
 .comment       0x00000000       0x43 ./Core/Src/main.o
                                 0x44 (size before relaxing)
 .comment       0x00000043       0x44 ./Core/Src/stm32l4xx_hal_msp.o
 .comment       0x00000043       0x44 ./Core/Src/stm32l4xx_it.o
 .comment       0x00000043       0x44 ./Core/Src/system_stm32l4xx.o
 .comment       0x00000043       0x44 ./Drivers/STM32L4xx_HAL_Driver/Src/stm32l4xx_hal.o
 .comment       0x00000043       0x44 ./Drivers/STM32L4xx_HAL_Driver/Src/stm32l4xx_hal_cortex.o
 .comment       0x00000043       0x44 ./Drivers/STM32L4xx_HAL_Driver/Src/stm32l4xx_hal_dma.o
 .comment       0x00000043       0x44 ./Drivers/STM32L4xx_HAL_Driver/Src/stm32l4xx_hal_gpio.o
 .comment       0x00000043       0x44 ./Drivers/STM32L4xx_HAL_Driver/Src/stm32l4xx_hal_pwr_ex.o
 .comment       0x00000043       0x44 ./Drivers/STM32L4xx_HAL_Driver/Src/stm32l4xx_hal_rcc.o
 .comment       0x00000043       0x44 ./Drivers/STM32L4xx_HAL_Driver/Src/stm32l4xx_hal_spi.o
 .comment       0x00000043       0x44 ./Drivers/STM32L4xx_HAL_Driver/Src/stm32l4xx_hal_uart.o
 .comment       0x00000043       0x44 ./Drivers/STM32L4xx_HAL_Driver/Src/stm32l4xx_hal_uart_ex.o

.debug_frame    0x00000000     0x2c74
 .debug_frame   0x00000000      0x100 ./Core/Src/main.o
 .debug_frame   0x00000100       0xcc ./Core/Src/stm32l4xx_hal_msp.o
 .debug_frame   0x000001cc      0x13c ./Core/Src/stm32l4xx_it.o
 .debug_frame   0x00000308       0x58 ./Core/Src/system_stm32l4xx.o
 .debug_frame   0x00000360      0x498 ./Drivers/STM32L4xx_HAL_Driver/Src/stm32l4xx_hal.o
 .debug_frame   0x000007f8      0x4e8 ./Drivers/STM32L4xx_HAL_Driver/Src/stm32l4xx_hal_cortex.o
 .debug_frame   0x00000ce0      0x204 ./Drivers/STM32L4xx_HAL_Driver/Src/stm32l4xx_hal_dma.o
 .debug_frame   0x00000ee4      0x14c ./Drivers/STM32L4xx_HAL_Driver/Src/stm32l4xx_hal_gpio.o
 .debug_frame   0x00001030      0x584 ./Drivers/STM32L4xx_HAL_Driver/Src/stm32l4xx_hal_pwr_ex.o
 .debug_frame   0x000015b4      0x21c ./Drivers/STM32L4xx_HAL_Driver/Src/stm32l4xx_hal_rcc.o
 .debug_frame   0x000017d0      0x860 ./Drivers/STM32L4xx_HAL_Driver/Src/stm32l4xx_hal_spi.o
 .debug_frame   0x00002030      0x9f4 ./Drivers/STM32L4xx_HAL_Driver/Src/stm32l4xx_hal_uart.o
 .debug_frame   0x00002a24      0x204 ./Drivers/STM32L4xx_HAL_Driver/Src/stm32l4xx_hal_uart_ex.o
 .debug_frame   0x00002c28       0x20 D:/STM32CubeIDE_1.19.0/STM32CubeIDE/plugins/com.st.stm32cube.ide.mcu.externaltools.gnu-tools-for-stm32.13.3.rel1.win32_1.0.0.202411081344/tools/bin/../lib/gcc/arm-none-eabi/13.3.1/../../../../arm-none-eabi/lib/thumb/v7e-m+fp/hard\libc_nano.a(libc_a-memset.o)
 .debug_frame   0x00002c48       0x2c D:/STM32CubeIDE_1.19.0/STM32CubeIDE/plugins/com.st.stm32cube.ide.mcu.externaltools.gnu-tools-for-stm32.13.3.rel1.win32_1.0.0.202411081344/tools/bin/../lib/gcc/arm-none-eabi/13.3.1/../../../../arm-none-eabi/lib/thumb/v7e-m+fp/hard\libc_nano.a(libc_a-init.o)

.debug_line_str
                0x00000000       0x68
 .debug_line_str
                0x00000000       0x68 ./Core/Startup/startup_stm32l476rgtx.o
