18:24:46 **** Incremental Build of configuration Debug for project 04_HAL_UART_test2 ****
make -j8 all 
arm-none-eabi-gcc "../Core/Src/main.c" -mcpu=cortex-m4 -std=gnu11 -g3 -DDEBUG -DUSE_HAL_DRIVER -DSTM32L476xx -c -I../Core/Inc -I../Drivers/STM32L4xx_HAL_Driver/Inc -I../Drivers/STM32L4xx_HAL_Driver/Inc/Legacy -I../Drivers/CMSIS/Device/ST/STM32L4xx/Include -I../Drivers/CMSIS/Include -O0 -ffunction-sections -fdata-sections -Wall -fstack-usage -fcyclomatic-complexity -MMD -MP -MF"Core/Src/main.d" -MT"Core/Src/main.o" --specs=nano.specs -mfpu=fpv4-sp-d16 -mfloat-abi=hard -mthumb -o "Core/Src/main.o"
arm-none-eabi-gcc -o "04_HAL_UART_test2.elf" @"objects.list"   -mcpu=cortex-m4 -T"D:\BITSILICA_WORKSHEETS\STM32L476RG\04_HAL_UART_test2\STM32L476RGTX_FLASH.ld" --specs=nosys.specs -Wl,-Map="04_HAL_UART_test2.map" -Wl,--gc-sections -static --specs=nano.specs -mfpu=fpv4-sp-d16 -mfloat-abi=hard -mthumb -Wl,--start-group -lc -lm -Wl,--end-group
Finished building target: 04_HAL_UART_test2.elf
 
arm-none-eabi-size  04_HAL_UART_test2.elf 
arm-none-eabi-objdump -h -S 04_HAL_UART_test2.elf  > "04_HAL_UART_test2.list"
   text	   data	    bss	    dec	    hex	filename
  13192	     12	   1732	  14936	   3a58	04_HAL_UART_test2.elf
Finished building: default.size.stdout
 
Finished building: 04_HAL_UART_test2.list
 

18:24:50 Build Finished. 0 errors, 0 warnings. (took 3s.951ms)

