18:43:58 **** Incremental Build of configuration Debug for project 17_HAL_RTC ****
make -j8 all 
arm-none-eabi-gcc "../Core/Src/main.c" -mcpu=cortex-m4 -std=gnu11 -g3 -DDEBUG -DUSE_HAL_DRIVER -DSTM32L476xx -c -I../Core/Inc -I../Drivers/STM32L4xx_HAL_Driver/Inc -I../Drivers/STM32L4xx_HAL_Driver/Inc/Legacy -I../Drivers/CMSIS/Device/ST/STM32L4xx/Include -I../Drivers/CMSIS/Include -O0 -ffunction-sections -fdata-sections -Wall -fstack-usage -fcyclomatic-complexity -MMD -MP -MF"Core/Src/main.d" -MT"Core/Src/main.o" --specs=nano.specs -mfpu=fpv4-sp-d16 -mfloat-abi=hard -mthumb -o "Core/Src/main.o"
../Core/Src/main.c:5:1: error: unknown type name 'RTC_HandleTypeDef'; did you mean 'DAC_HandleTypeDef'?
    5 | RTC_HandleTypeDef hrtc;
      | ^~~~~~~~~~~~~~~~~
      | DAC_HandleTypeDef
../Core/Src/main.c: In function 'main':
../Core/Src/main.c:23:3: error: unknown type name 'RTC_TimeTypeDef'; did you mean 'RTC_TypeDef'?
   23 |   RTC_TimeTypeDef sTime;
      |   ^~~~~~~~~~~~~~~
      |   RTC_TypeDef
../Core/Src/main.c:24:3: error: unknown type name 'RTC_DateTypeDef'; did you mean 'RTC_TypeDef'?
   24 |   RTC_DateTypeDef sDate;
      |   ^~~~~~~~~~~~~~~
      |   RTC_TypeDef
../Core/Src/main.c:28:5: warning: implicit declaration of function 'HAL_RTC_GetTime' [-Wimplicit-function-declaration]
   28 |     HAL_RTC_GetTime(&hrtc, &sTime, RTC_FORMAT_BIN);
      |     ^~~~~~~~~~~~~~~
../Core/Src/main.c:28:36: error: 'RTC_FORMAT_BIN' undeclared (first use in this function); did you mean 'FORMAT_BIN'?
   28 |     HAL_RTC_GetTime(&hrtc, &sTime, RTC_FORMAT_BIN);
      |                                    ^~~~~~~~~~~~~~
      |                                    FORMAT_BIN
../Core/Src/main.c:28:36: note: each undeclared identifier is reported only once for each function it appears in
../Core/Src/main.c:29:5: warning: implicit declaration of function 'HAL_RTC_GetDate'; did you mean 'HAL_DAC_GetState'? [-Wimplicit-function-declaration]
   29 |     HAL_RTC_GetDate(&hrtc, &sDate, RTC_FORMAT_BIN);
      |     ^~~~~~~~~~~~~~~
      |     HAL_DAC_GetState
../Core/Src/main.c:32:18: error: request for member 'Hours' in something not a structure or union
   32 |             sTime.Hours, sTime.Minutes, sTime.Seconds);
      |                  ^
../Core/Src/main.c:32:31: error: request for member 'Minutes' in something not a structure or union
   32 |             sTime.Hours, sTime.Minutes, sTime.Seconds);
      |                               ^
../Core/Src/main.c:32:46: error: request for member 'Seconds' in something not a structure or union
   32 |             sTime.Hours, sTime.Minutes, sTime.Seconds);
      |                                              ^
../Core/Src/main.c: In function 'MX_RTC_Init':
../Core/Src/main.c:43:7: error: request for member 'Instance' in something not a structure or union
   43 |   hrtc.Instance = RTC;
      |       ^
../Core/Src/main.c:44:7: error: request for member 'Init' in something not a structure or union
   44 |   hrtc.Init.HourFormat = RTC_HOURFORMAT_24;
      |       ^
../Core/Src/main.c:44:26: error: 'RTC_HOURFORMAT_24' undeclared (first use in this function)
   44 |   hrtc.Init.HourFormat = RTC_HOURFORMAT_24;
      |                          ^~~~~~~~~~~~~~~~~
../Core/Src/main.c:45:7: error: request for member 'Init' in something not a structure or union
   45 |   hrtc.Init.AsynchPrediv = 127;
      |       ^
../Core/Src/main.c:46:7: error: request for member 'Init' in something not a structure or union
   46 |   hrtc.Init.SynchPrediv = 255; // ~1 Hz tick from 32 kHz LSI
      |       ^
../Core/Src/main.c:47:7: error: request for member 'Init' in something not a structure or union
   47 |   hrtc.Init.OutPut = RTC_OUTPUT_DISABLE;
      |       ^
../Core/Src/main.c:47:22: error: 'RTC_OUTPUT_DISABLE' undeclared (first use in this function)
   47 |   hrtc.Init.OutPut = RTC_OUTPUT_DISABLE;
      |                      ^~~~~~~~~~~~~~~~~~
../Core/Src/main.c:48:3: warning: implicit declaration of function 'HAL_RTC_Init'; did you mean 'HAL_DAC_Init'? [-Wimplicit-function-declaration]
   48 |   HAL_RTC_Init(&hrtc);
      |   ^~~~~~~~~~~~
      |   HAL_DAC_Init
../Core/Src/main.c:50:3: error: unknown type name 'RTC_TimeTypeDef'; did you mean 'RTC_TypeDef'?
   50 |   RTC_TimeTypeDef sTime = {0};
      |   ^~~~~~~~~~~~~~~
      |   RTC_TypeDef
../Core/Src/main.c:51:3: error: unknown type name 'RTC_DateTypeDef'; did you mean 'RTC_TypeDef'?
   51 |   RTC_DateTypeDef sDate = {0};
      |   ^~~~~~~~~~~~~~~
      |   RTC_TypeDef
../Core/Src/main.c:54:8: error: request for member 'Hours' in something not a structure or union
   54 |   sTime.Hours = 12;
      |        ^
../Core/Src/main.c:55:8: error: request for member 'Minutes' in something not a structure or union
   55 |   sTime.Minutes = 0;
      |        ^
../Core/Src/main.c:56:8: error: request for member 'Seconds' in something not a structure or union
   56 |   sTime.Seconds = 0;
      |        ^
../Core/Src/main.c:57:3: warning: implicit declaration of function 'HAL_RTC_SetTime' [-Wimplicit-function-declaration]
   57 |   HAL_RTC_SetTime(&hrtc, &sTime, RTC_FORMAT_BIN);
      |   ^~~~~~~~~~~~~~~
../Core/Src/main.c:57:34: error: 'RTC_FORMAT_BIN' undeclared (first use in this function); did you mean 'FORMAT_BIN'?
   57 |   HAL_RTC_SetTime(&hrtc, &sTime, RTC_FORMAT_BIN);
      |                                  ^~~~~~~~~~~~~~
      |                                  FORMAT_BIN
../Core/Src/main.c:60:8: error: request for member 'WeekDay' in something not a structure or union
   60 |   sDate.WeekDay = RTC_WEEKDAY_WEDNESDAY;
      |        ^
../Core/Src/main.c:60:19: error: 'RTC_WEEKDAY_WEDNESDAY' undeclared (first use in this function)
   60 |   sDate.WeekDay = RTC_WEEKDAY_WEDNESDAY;
      |                   ^~~~~~~~~~~~~~~~~~~~~
../Core/Src/main.c:61:8: error: request for member 'Month' in something not a structure or union
   61 |   sDate.Month   = RTC_MONTH_NOVEMBER;
      |        ^
../Core/Src/main.c:61:19: error: 'RTC_MONTH_NOVEMBER' undeclared (first use in this function)
   61 |   sDate.Month   = RTC_MONTH_NOVEMBER;
      |                   ^~~~~~~~~~~~~~~~~~
../Core/Src/main.c:62:8: error: request for member 'Date' in something not a structure or union
   62 |   sDate.Date    = 12;
      |        ^
../Core/Src/main.c:63:8: error: request for member 'Year' in something not a structure or union
   63 |   sDate.Year    = 25;
      |        ^
../Core/Src/main.c:64:3: warning: implicit declaration of function 'HAL_RTC_SetDate'; did you mean 'HAL_DAC_GetState'? [-Wimplicit-function-declaration]
   64 |   HAL_RTC_SetDate(&hrtc, &sDate, RTC_FORMAT_BIN);
      |   ^~~~~~~~~~~~~~~
      |   HAL_DAC_GetState
make: *** [Core/Src/subdir.mk:34: Core/Src/main.o] Error 1
"make -j8 all" terminated with exit code 2. Build might be incomplete.

18:44:03 Build Failed. 27 errors, 5 warnings. (took 5s.599ms)

