20:08:15 **** Incremental Build of configuration Debug for project 39_Ultrasonic_test_Baremetal ****
make -j8 all 
arm-none-eabi-gcc "../Core/Src/main.c" -mcpu=cortex-m4 -std=gnu11 -g3 -DDEBUG -DUSE_HAL_DRIVER -DSTM32L476xx -c -I../Core/Inc -I../Drivers/STM32L4xx_HAL_Driver/Inc -I../Drivers/STM32L4xx_HAL_Driver/Inc/Legacy -I../Drivers/CMSIS/Device/ST/STM32L4xx/Include -I../Drivers/CMSIS/Include -O0 -ffunction-sections -fdata-sections -Wall -fstack-usage -fcyclomatic-complexity -MMD -MP -MF"Core/Src/main.d" -MT"Core/Src/main.o" --specs=nano.specs -mfpu=fpv4-sp-d16 -mfloat-abi=hard -mthumb -o "Core/Src/main.o"
arm-none-eabi-gcc -o "39_Ultrasonic_test_Baremetal.elf" @"objects.list"   -mcpu=cortex-m4 -T"D:\BITSILICA_WORKSHEETS\STM32L476RG\39_Ultrasonic_test_Baremetal\STM32L476RGTX_FLASH.ld" --specs=nosys.specs -Wl,-Map="39_Ultrasonic_test_Baremetal.map" -Wl,--gc-sections -static --specs=nano.specs -mfpu=fpv4-sp-d16 -mfloat-abi=hard -mthumb -Wl,--start-group -lc -lm -Wl,--end-group
Finished building target: 39_Ultrasonic_test_Baremetal.elf
 
arm-none-eabi-size  39_Ultrasonic_test_Baremetal.elf 
arm-none-eabi-objdump -h -S 39_Ultrasonic_test_Baremetal.elf  > "39_Ultrasonic_test_Baremetal.list"
   text	   data	    bss	    dec	    hex	filename
   1888	      4	   1572	   3464	    d88	39_Ultrasonic_test_Baremetal.elf
Finished building: default.size.stdout
Finished building: 39_Ultrasonic_test_Baremetal.list
 
 
20:08:25 **** Incremental Build of configuration Debug for project 39_Ultrasonic_test_Baremetal ****
make -j8 all 
arm-none-eabi-size  39_Ultrasonic_test_Baremetal.elf 
   text	   data	    bss	    dec	    hex	filename
   1888	      4	   1572	   3464	    d88	39_Ultrasonic_test_Baremetal.elf
Finished building: default.size.stdout
 
